 Palmtree.Math.Core.Implements

 Timestamp is 5c52b4b3 (Thu Jan 31 17:41:23 2019)

 Preferred load address is 10000000

 Start         Length     Name                   Class
 0001:00000000 0000de01H .text$mn                CODE
 0002:00000000 00000080H .idata$5                DATA
 0002:00000080 00000004H .00cfg                  DATA
 0002:00000084 00000004H .CRT$XCA                DATA
 0002:00000088 00000004H .CRT$XCZ                DATA
 0002:0000008c 00000004H .CRT$XIA                DATA
 0002:00000090 00000004H .CRT$XIZ                DATA
 0002:00000094 00000004H .CRT$XPA                DATA
 0002:00000098 00000004H .CRT$XPZ                DATA
 0002:0000009c 00000004H .CRT$XTA                DATA
 0002:000000a0 00000010H .CRT$XTZ                DATA
 0002:000000a4 00000000H .gfids$y                DATA
 0002:000000b0 00000120H .rdata                  DATA
 0002:000001d0 00000004H .rdata$sxdata           DATA
 0002:000001d4 000002d0H .rdata$zzzdbg           DATA
 0002:000004a4 00000004H .rtc$IAA                DATA
 0002:000004a8 00000004H .rtc$IZZ                DATA
 0002:000004ac 00000004H .rtc$TAA                DATA
 0002:000004b0 00000008H .rtc$TZZ                DATA
 0002:000004b8 00000088H .xdata$x                DATA
 0002:00000540 0000007cH .edata                  DATA
 0002:000005bc 0000003cH .idata$2                DATA
 0002:000005f8 00000014H .idata$3                DATA
 0002:0000060c 00000080H .idata$4                DATA
 0002:0000068c 0000028cH .idata$6                DATA
 0003:00000000 00000080H .data                   DATA
 0003:00000080 00000560H .bss                    DATA
 0004:00000000 00000060H .rsrc$01                DATA
 0004:00000060 00000180H .rsrc$02                DATA

  Address         Publics by Value              Rva+Base       Lib:Object

 0000:00000000       ___hybrid_code_map_count   00000000     <absolute>
 0000:00000000       ___hybrid_auxiliary_iat    00000000     <absolute>
 0000:00000000       ___hybrid_code_map         00000000     <absolute>
 0000:00000000       ___guard_longjmp_table     00000000     <absolute>
 0000:00000000       ___guard_iat_table         00000000     <absolute>
 0000:00000000       ___enclave_config          00000000     <absolute>
 0000:00000000       ___guard_iat_count         00000000     <absolute>
 0000:00000000       ___guard_fids_count        00000000     <absolute>
 0000:00000000       ___dynamic_value_reloc_table 00000000     <absolute>
 0000:00000000       ___guard_longjmp_count     00000000     <absolute>
 0000:00000000       ___volatile_metadata       00000000     <absolute>
 0000:00000000       ___guard_fids_table        00000000     <absolute>
 0000:00000001       ___safe_se_handler_count   00000001     <absolute>
 0000:00000100       ___guard_flags             00000100     <absolute>
 0000:00000000       ___ImageBase               10000000     <linker-defined>
 0001:00000000       _GetCPUInfo                10001000 f   cpuid.obj
 0001:00000110       _DoDebug@4                 10001110 f   debug.obj
 0001:00000120       _DllMain@12                10001120 f   dllmain.obj
 0001:00000170       _AllocateBlock             10001170 f   memory.obj
 0001:000001c0       _AllocateHeapArea          100011c0 f   memory.obj
 0001:000001e0       _AllocateNumber            100011e0 f   memory.obj
 0001:00000400       _Initialize_Equals         10001400 f   pmc_equals.obj
 0001:00000400       __is_c_termination_complete 10001400 f   MSVCRT:ucrt_stubs.obj
 0001:00000400       _Initialize_BitwiseOr      10001400 f   pmc_bitwiseor.obj
 0001:00000400       _Initialize_To             10001400 f   pmc_to.obj
 0001:00000400       _Initialize_GetPropertyValue 10001400 f   pmc_getpropertyvalue.obj
 0001:00000400       _CheckBlockLight           10001400 f   memory.obj
 0001:00000400       ___scrt_stub_for_is_c_termination_complete 10001400 f   MSVCRT:ucrt_stubs.obj
 0001:00000400       _Initialize_GreatestCommonDivisor 10001400 f   pmc_greatestcommondivisor.obj
 0001:00000400       _Initialize_BitwiseAnd     10001400 f   pmc_bitwiseand.obj
 0001:00000400       _Initialize_Compare        10001400 f   pmc_compare.obj
 0001:00000400       _Initialize_ExclusiveOr    10001400 f   pmc_exclusiveor.obj
 0001:00000400       _Initialize_Shift          10001400 f   pmc_shift.obj
 0001:00000400       _Initialize_From           10001400 f   pmc_from.obj
 0001:00000400       _CheckNumber               10001400 f   memory.obj
 0001:00000400       _Initialize_ModPow         10001400 f   pmc_modpow.obj
 0001:00000400       _Initialize_Pow            10001400 f   pmc_pow.obj
 0001:00000400       _Initialize_Subtruct       10001400 f   pmc_subtruct.obj
 0001:00000410       _CommitNumber              10001410 f   memory.obj
 0001:00000540       _DeallocateBlock           10001540 f   memory.obj
 0001:00000580       _DeallocateHeapArea        10001580 f   memory.obj
 0001:000005a0       _DeallocateNumber          100015a0 f   memory.obj
 0001:00000630       _DuplicateNumber           10001630 f   memory.obj
 0001:00000760       _Initialize_Memory         10001760 f   memory.obj
 0001:00000900       _PMC_Dispose@4             10001900 f   memory.obj
 0001:00001040       _Initialize_Add            10002040 f   pmc_add.obj
 0001:00001060       _PMC_Add_I_X@12            10002060 f   pmc_add.obj
 0001:000010a0       _PMC_Add_L_X@16            100020a0 f   pmc_add.obj
 0001:000010e0       _PMC_Add_X_I@12            100020e0 f   pmc_add.obj
 0001:00001230       _PMC_Add_X_L@16            10002230 f   pmc_add.obj
 0001:00001460       _PMC_Add_X_X@12            10002460 f   pmc_add.obj
 0001:000019c0       _PMC_BitwiseAnd_I_X@12     100029c0 f   pmc_bitwiseand.obj
 0001:00001a20       _PMC_BitwiseAnd_L_X@16     10002a20 f   pmc_bitwiseand.obj
 0001:00001ab0       _PMC_BitwiseAnd_X_I@12     10002ab0 f   pmc_bitwiseand.obj
 0001:00001b10       _PMC_BitwiseAnd_X_L@16     10002b10 f   pmc_bitwiseand.obj
 0001:00001ba0       _PMC_BitwiseAnd_X_X@12     10002ba0 f   pmc_bitwiseand.obj
 0001:00001f60       _PMC_BitwiseOr_I_X@12      10002f60 f   pmc_bitwiseor.obj
 0001:00001fa0       _PMC_BitwiseOr_L_X@16      10002fa0 f   pmc_bitwiseor.obj
 0001:00001fe0       _PMC_BitwiseOr_X_I@12      10002fe0 f   pmc_bitwiseor.obj
 0001:000020f0       _PMC_BitwiseOr_X_L@16      100030f0 f   pmc_bitwiseor.obj
 0001:000022a0       _PMC_BitwiseOr_X_X@12      100032a0 f   pmc_bitwiseor.obj
 0001:00002390       _PMC_FromByteArray@12      10003390 f   pmc_bytes.obj
 0001:00002430       _PMC_ToByteArray@16        10003430 f   pmc_bytes.obj
 0001:000024b0       _Compare_Imp               100034b0 f   pmc_compare.obj
 0001:00002500       _PMC_Compare_I_X@12        10003500 f   pmc_compare.obj
 0001:00002550       _PMC_Compare_L_X@16        10003550 f   pmc_compare.obj
 0001:000025a0       _PMC_Compare_X_I@12        100035a0 f   pmc_compare.obj
 0001:00002660       _PMC_Compare_X_L@16        10003660 f   pmc_compare.obj
 0001:00002760       _PMC_Compare_X_X@12        10003760 f   pmc_compare.obj
 0001:00002db0       _DivRem_X_1W               10003db0 f   pmc_divrem.obj
 0001:00003590       _DivRem_X_X                10004590 f   pmc_divrem.obj
 0001:000039b0       _Initialize_DivRem         100049b0 f   pmc_divrem.obj
 0001:000039e0       _PMC_DivRem_I_X@16         100049e0 f   pmc_divrem.obj
 0001:00003ac0       _PMC_DivRem_L_X@20         10004ac0 f   pmc_divrem.obj
 0001:00003d50       _PMC_DivRem_X_I@16         10004d50 f   pmc_divrem.obj
 0001:00003eb0       _PMC_DivRem_X_L@20         10004eb0 f   pmc_divrem.obj
 0001:00004180       _PMC_DivRem_X_X@16         10005180 f   pmc_divrem.obj
 0001:00005990       _PMC_Equals_I_X@12         10006990 f   pmc_equals.obj
 0001:000059d0       _PMC_Equals_L_X@16         100069d0 f   pmc_equals.obj
 0001:00005a10       _PMC_Equals_X_I@12         10006a10 f   pmc_equals.obj
 0001:00005ab0       _PMC_Equals_X_L@16         10006ab0 f   pmc_equals.obj
 0001:00005bb0       _PMC_Equals_X_X@12         10006bb0 f   pmc_equals.obj
 0001:00005f20       _PMC_ExclusiveOr_I_X@12    10006f20 f   pmc_exclusiveor.obj
 0001:00005f60       _PMC_ExclusiveOr_L_X@16    10006f60 f   pmc_exclusiveor.obj
 0001:00005fa0       _PMC_ExclusiveOr_X_I@12    10006fa0 f   pmc_exclusiveor.obj
 0001:000060e0       _PMC_ExclusiveOr_X_L@16    100070e0 f   pmc_exclusiveor.obj
 0001:000062a0       _PMC_ExclusiveOr_X_X@12    100072a0 f   pmc_exclusiveor.obj
 0001:000063c0       _From_I_Imp                100073c0 f   pmc_from.obj
 0001:00006410       _From_L_Imp                10007410 f   pmc_from.obj
 0001:000064a0       _PMC_From_I@8              100074a0 f   pmc_from.obj
 0001:00006510       _PMC_From_L@12             10007510 f   pmc_from.obj
 0001:000065c0       _PMC_GetPropertyValue_X_I@12 100075c0 f   pmc_getpropertyvalue.obj
 0001:00006700       _PMC_GreatestCommonDivisor_I_X@12 10007700 f   pmc_greatestcommondivisor.obj
 0001:00006740       _PMC_GreatestCommonDivisor_L_X@16 10007740 f   pmc_greatestcommondivisor.obj
 0001:00006780       _PMC_GreatestCommonDivisor_X_I@12 10007780 f   pmc_greatestcommondivisor.obj
 0001:000069a0       _PMC_GreatestCommonDivisor_X_L@16 100079a0 f   pmc_greatestcommondivisor.obj
 0001:00006d90       _PMC_GreatestCommonDivisor_X_X@12 10007d90 f   pmc_greatestcommondivisor.obj
 0001:00006fe0       _PMC_Initialize@4          10007fe0 f   pmc_initialize.obj
 0001:00007b10       _PMC_ModPow_X_X_X@16       10008b10 f   pmc_modpow.obj
 0001:00007d80       _Initialize_Multiply       10008d80 f   pmc_multiply.obj
 0001:00008d10       _Multiply_X_X_Imp          10009d10 f   pmc_multiply.obj
 0001:00008de0       _PMC_Multiply_I_X@12       10009de0 f   pmc_multiply.obj
 0001:00008e20       _PMC_Multiply_L_X@16       10009e20 f   pmc_multiply.obj
 0001:00008e60       _PMC_Multiply_X_I@12       10009e60 f   pmc_multiply.obj
 0001:00008f70       _PMC_Multiply_X_L@16       10009f70 f   pmc_multiply.obj
 0001:000090e0       _PMC_Multiply_X_X@12       1000a0e0 f   pmc_multiply.obj
 0001:000094f0       _Initialize_Parse          1000a4f0 f   pmc_parse.obj
 0001:0000a180       _PMC_TryParse@16           1000b180 f   pmc_parse.obj
 0001:0000ad20       _PMC_Pow_X_I@12            1000bd20 f   pmc_pow.obj
 0001:0000afa0       _LeftShift_Imp             1000bfa0 f   pmc_shift.obj
 0001:0000afa0       _LeftShift_Imp_DIV         1000bfa0 f   pmc_shift.obj
 0001:0000b5b0       _PMC_LeftShift_X_I@12      1000c5b0 f   pmc_shift.obj
 0001:0000b670       _PMC_LeftShift_X_L@16      1000c670 f   pmc_shift.obj
 0001:0000b670       _PMC_RightShift_X_L@16     1000c670 f   pmc_shift.obj
 0001:0000b680       _PMC_RightShift_X_I@12     1000c680 f   pmc_shift.obj
 0001:0000b760       _RightShift_Imp_DIV        1000c760 f   pmc_shift.obj
 0001:0000b760       _RightShift_Imp            1000c760 f   pmc_shift.obj
 0001:0000ba30       _PMC_GetStatisticsInfo@4   1000ca30 f   pmc_statistics.obj
 0001:0000bac0       _PMC_Subtruct_I_X@12       1000cac0 f   pmc_subtruct.obj
 0001:0000bb40       _PMC_Subtruct_L_X@16       1000cb40 f   pmc_subtruct.obj
 0001:0000bc40       _PMC_Subtruct_X_I@12       1000cc40 f   pmc_subtruct.obj
 0001:0000bd70       _PMC_Subtruct_X_L@16       1000cd70 f   pmc_subtruct.obj
 0001:0000bf90       _PMC_Subtruct_X_X@12       1000cf90 f   pmc_subtruct.obj
 0001:0000c0c0       _Subtruct_Imp              1000d0c0 f   pmc_subtruct.obj
 0001:0000c440       _PMC_To_X_I@8              1000d440 f   pmc_to.obj
 0001:0000c490       _PMC_To_X_L@8              1000d490 f   pmc_to.obj
 0001:0000c510       _Initialize_ToString       1000d510 f   pmc_tostring.obj
 0001:0000c610       _PMC_ToString@24           1000d610 f   pmc_tostring.obj
 0001:0000d038       @__security_check_cookie@4 1000e038 f   MSVCRT:secchk.obj
 0001:0000d050       __aulldiv                  1000e050 f   MSVCRT:ulldiv.obj
 0001:0000d0c0       __aulldvrm                 1000e0c0 f   MSVCRT:ulldvrm.obj
 0001:0000d160       __aullrem                  1000e160 f   MSVCRT:ullrem.obj
 0001:0000d4f5       __DllMainCRTStartup@12     1000e4f5 f   MSVCRT:dll_dllmain.obj
 0001:0000d518       ___raise_securityfailure   1000e518 f   MSVCRT:gs_report.obj
 0001:0000d540       ___report_gsfailure        1000e540 f   MSVCRT:gs_report.obj
 0001:0000d686       ___security_init_cookie    1000e686 f   MSVCRT:gs_support.obj
 0001:0000d6d1       ?__scrt_initialize_type_info@@YAXXZ 1000e6d1 f   MSVCRT:tncleanup.obj
 0001:0000d6dd       ?__scrt_uninitialize_type_info@@YAXXZ 1000e6dd f   MSVCRT:tncleanup.obj
 0001:0000d6e9       ___local_stdio_printf_options 1000e6e9 f i MSVCRT:default_local_stdio_options.obj
 0001:0000d6ef       ___local_stdio_scanf_options 1000e6ef f i MSVCRT:default_local_stdio_options.obj
 0001:0000d6f5       ___scrt_initialize_default_local_stdio_options 1000e6f5 f   MSVCRT:default_local_stdio_options.obj
 0001:0000d756       ___scrt_acquire_startup_lock 1000e756 f   MSVCRT:utility.obj
 0001:0000d788       ___scrt_dllmain_after_initialize_c 1000e788 f   MSVCRT:utility.obj
 0001:0000d7b3       ___scrt_dllmain_before_initialize_c 1000e7b3 f   MSVCRT:utility.obj
 0001:0000d7c1       ___scrt_dllmain_crt_thread_attach 1000e7c1 f   MSVCRT:utility.obj
 0001:0000d7e0       ___scrt_dllmain_crt_thread_detach 1000e7e0 f   MSVCRT:utility.obj
 0001:0000d7ed       ___scrt_dllmain_exception_filter 1000e7ed f   MSVCRT:utility.obj
 0001:0000d821       ___scrt_dllmain_uninitialize_c 1000e821 f   MSVCRT:utility.obj
 0001:0000d844       ___scrt_dllmain_uninitialize_critical 1000e844 f   MSVCRT:utility.obj
 0001:0000d851       ___scrt_initialize_crt     1000e851 f   MSVCRT:utility.obj
 0001:0000d88a       ___scrt_initialize_onexit_tables 1000e88a f   MSVCRT:utility.obj
 0001:0000d92f       ___scrt_is_nonwritable_in_current_image 1000e92f f   MSVCRT:utility.obj
 0001:0000d9c3       ___scrt_release_startup_lock 1000e9c3 f   MSVCRT:utility.obj
 0001:0000d9e0       ___scrt_uninitialize_crt   1000e9e0 f   MSVCRT:utility.obj
 0001:0000da08       ___scrt_get_dyn_tls_init_callback 1000ea08 f   MSVCRT:dyn_tls_init.obj
 0001:0000da0e       ___scrt_fastfail           1000ea0e f   MSVCRT:utility_desktop.obj
 0001:0000db28       __crt_debugger_hook        1000eb28 f   MSVCRT:utility_desktop.obj
 0001:0000db30       __RTC_Initialize           1000eb30 f   MSVCRT:initsect.obj
 0001:0000db5c       __RTC_Terminate            1000eb5c f   MSVCRT:initsect.obj
 0001:0000db90       __SEH_prolog4              1000eb90 f   MSVCRT:sehprolg4.obj
 0001:0000dbd6       __SEH_epilog4              1000ebd6 f   MSVCRT:sehprolg4.obj
 0001:0000dbeb       __except_handler4          1000ebeb f   MSVCRT:chandler4gs.obj
 0001:0000dc0e       @_guard_check_icall_nop@4  1000ec0e f i MSVCRT:guard_support.obj
 0001:0000dc0f       ___isa_available_init      1000ec0f f   MSVCRT:cpu_disp.obj
 0001:0000dda6       __get_startup_argv_mode    1000eda6 f   MSVCRT:argv_mode.obj
 0001:0000ddaa       ___scrt_is_ucrt_dll_in_use 1000edaa f   MSVCRT:ucrt_detection.obj
 0001:0000ddb6       ___std_type_info_destroy_list 1000edb6 f   vcruntime:VCRUNTIME140.dll
 0001:0000ddbc       _memset                    1000edbc f   vcruntime:VCRUNTIME140.dll
 0001:0000ddc2       __except_handler4_common   1000edc2 f   vcruntime:VCRUNTIME140.dll
 0001:0000ddc8       __initterm                 1000edc8 f   ucrt:api-ms-win-crt-runtime-l1-1-0.dll
 0001:0000ddce       __initterm_e               1000edce f   ucrt:api-ms-win-crt-runtime-l1-1-0.dll
 0001:0000ddd4       __seh_filter_dll           1000edd4 f   ucrt:api-ms-win-crt-runtime-l1-1-0.dll
 0001:0000ddda       __configure_narrow_argv    1000edda f   ucrt:api-ms-win-crt-runtime-l1-1-0.dll
 0001:0000dde0       __initialize_narrow_environment 1000ede0 f   ucrt:api-ms-win-crt-runtime-l1-1-0.dll
 0001:0000dde6       __initialize_onexit_table  1000ede6 f   ucrt:api-ms-win-crt-runtime-l1-1-0.dll
 0001:0000ddec       __execute_onexit_table     1000edec f   ucrt:api-ms-win-crt-runtime-l1-1-0.dll
 0001:0000ddf2       __cexit                    1000edf2 f   ucrt:api-ms-win-crt-runtime-l1-1-0.dll
 0001:0000ddf8       _IsProcessorFeaturePresent@4 1000edf8 f   kernel32:KERNEL32.dll
 0001:0000ddfe       ___scrt_stub_for_acrt_thread_detach 1000edfe f   MSVCRT:ucrt_stubs.obj
 0001:0000ddfe       ___acrt_uninitialize_critical 1000edfe f   MSVCRT:ucrt_stubs.obj
 0001:0000ddfe       ___acrt_uninitialize       1000edfe f   MSVCRT:ucrt_stubs.obj
 0001:0000ddfe       ___acrt_thread_attach      1000edfe f   MSVCRT:ucrt_stubs.obj
 0001:0000ddfe       ___scrt_stub_for_acrt_uninitialize_critical 1000edfe f   MSVCRT:ucrt_stubs.obj
 0001:0000ddfe       ___acrt_initialize         1000edfe f   MSVCRT:ucrt_stubs.obj
 0001:0000ddfe       ___acrt_thread_detach      1000edfe f   MSVCRT:ucrt_stubs.obj
 0001:0000ddfe       ___vcrt_thread_attach      1000edfe f   MSVCRT:ucrt_stubs.obj
 0001:0000ddfe       ___scrt_stub_for_acrt_initialize 1000edfe f   MSVCRT:ucrt_stubs.obj
 0001:0000ddfe       ___scrt_stub_for_acrt_thread_attach 1000edfe f   MSVCRT:ucrt_stubs.obj
 0001:0000ddfe       ___vcrt_uninitialize_critical 1000edfe f   MSVCRT:ucrt_stubs.obj
 0001:0000ddfe       ___scrt_stub_for_acrt_uninitialize 1000edfe f   MSVCRT:ucrt_stubs.obj
 0001:0000ddfe       ___vcrt_thread_detach      1000edfe f   MSVCRT:ucrt_stubs.obj
 0001:0000ddfe       ___vcrt_initialize         1000edfe f   MSVCRT:ucrt_stubs.obj
 0001:0000ddfe       ___vcrt_uninitialize       1000edfe f   MSVCRT:ucrt_stubs.obj
 0002:00000000       __imp__HeapCreate@12       1000f000     kernel32:KERNEL32.dll
 0002:00000004       __imp__HeapDestroy@4       1000f004     kernel32:KERNEL32.dll
 0002:00000008       __imp__HeapAlloc@12        1000f008     kernel32:KERNEL32.dll
 0002:0000000c       __imp__HeapFree@12         1000f00c     kernel32:KERNEL32.dll
 0002:00000010       __imp__lstrcpyA@8          1000f010     kernel32:KERNEL32.dll
 0002:00000014       __imp__lstrcpyW@8          1000f014     kernel32:KERNEL32.dll
 0002:00000018       __imp__lstrlenW@4          1000f018     kernel32:KERNEL32.dll
 0002:0000001c       __imp__IsDebuggerPresent@0 1000f01c     kernel32:KERNEL32.dll
 0002:00000020       __imp__InitializeSListHead@4 1000f020     kernel32:KERNEL32.dll
 0002:00000024       __imp__GetSystemTimeAsFileTime@4 1000f024     kernel32:KERNEL32.dll
 0002:00000028       __imp__GetCurrentThreadId@0 1000f028     kernel32:KERNEL32.dll
 0002:0000002c       __imp__GetCurrentProcessId@0 1000f02c     kernel32:KERNEL32.dll
 0002:00000030       __imp__QueryPerformanceCounter@4 1000f030     kernel32:KERNEL32.dll
 0002:00000034       __imp__IsProcessorFeaturePresent@4 1000f034     kernel32:KERNEL32.dll
 0002:00000038       __imp__TerminateProcess@8  1000f038     kernel32:KERNEL32.dll
 0002:0000003c       __imp__GetCurrentProcess@0 1000f03c     kernel32:KERNEL32.dll
 0002:00000040       __imp__SetUnhandledExceptionFilter@4 1000f040     kernel32:KERNEL32.dll
 0002:00000044       __imp__UnhandledExceptionFilter@4 1000f044     kernel32:KERNEL32.dll
 0002:00000048       \177KERNEL32_NULL_THUNK_DATA 1000f048     kernel32:KERNEL32.dll
 0002:0000004c       __imp__memset              1000f04c     vcruntime:VCRUNTIME140.dll
 0002:00000050       __imp___except_handler4_common 1000f050     vcruntime:VCRUNTIME140.dll
 0002:00000054       __imp____std_type_info_destroy_list 1000f054     vcruntime:VCRUNTIME140.dll
 0002:00000058       \177VCRUNTIME140_NULL_THUNK_DATA 1000f058     vcruntime:VCRUNTIME140.dll
 0002:0000005c       __imp___initialize_onexit_table 1000f05c     ucrt:api-ms-win-crt-runtime-l1-1-0.dll
 0002:00000060       __imp___cexit              1000f060     ucrt:api-ms-win-crt-runtime-l1-1-0.dll
 0002:00000064       __imp___configure_narrow_argv 1000f064     ucrt:api-ms-win-crt-runtime-l1-1-0.dll
 0002:00000068       __imp___seh_filter_dll     1000f068     ucrt:api-ms-win-crt-runtime-l1-1-0.dll
 0002:0000006c       __imp___initterm_e         1000f06c     ucrt:api-ms-win-crt-runtime-l1-1-0.dll
 0002:00000070       __imp___initterm           1000f070     ucrt:api-ms-win-crt-runtime-l1-1-0.dll
 0002:00000074       __imp___initialize_narrow_environment 1000f074     ucrt:api-ms-win-crt-runtime-l1-1-0.dll
 0002:00000078       __imp___execute_onexit_table 1000f078     ucrt:api-ms-win-crt-runtime-l1-1-0.dll
 0002:0000007c       \177api-ms-win-crt-runtime-l1-1-0_NULL_THUNK_DATA 1000f07c     ucrt:api-ms-win-crt-runtime-l1-1-0.dll
 0002:00000080       ___guard_check_icall_fptr  1000f080     MSVCRT:guard_support.obj
 0002:00000084       ___xc_a                    1000f084     MSVCRT:initializers.obj
 0002:00000088       ___xc_z                    1000f088     MSVCRT:initializers.obj
 0002:0000008c       ___xi_a                    1000f08c     MSVCRT:initializers.obj
 0002:00000090       ___xi_z                    1000f090     MSVCRT:initializers.obj
 0002:00000094       ___xp_a                    1000f094     MSVCRT:initializers.obj
 0002:00000098       ___xp_z                    1000f098     MSVCRT:initializers.obj
 0002:0000009c       ___xt_a                    1000f09c     MSVCRT:initializers.obj
 0002:000000a0       ___xt_z                    1000f0a0     MSVCRT:initializers.obj
 0002:000000b0       ??_C@_13DEFPDAGF@?$AA?0@   1000f0b0     pmc_parse.obj
 0002:000000b4       ??_C@_13JOFGPIOO@?$AA?4@   1000f0b4     pmc_parse.obj
 0002:000000b8       ??_C@_01EKENIIDA@3@        1000f0b8     pmc_parse.obj
 0002:000000bc       ??_C@_13KJIIAINM@?$AA?$CL@ 1000f0bc     pmc_parse.obj
 0002:000000c0       ??_C@_13IMODFHAA@?$AA?9@   1000f0c0     pmc_parse.obj
 0002:000000c4       __pDefaultRawDllMain       1000f0c4     MSVCRT:dll_dllmain.obj
 0002:000000c4       __pRawDllMain              1000f0c4     MSVCRT:dll_dllmain.obj
 0002:00000128       __load_config_used         1000f128     MSVCRT:loadcfg.obj
 0002:000001d0       ___safe_se_handler_table   1000f1d0     <linker-defined>
 0002:000004a4       ___rtc_iaa                 1000f4a4     MSVCRT:initsect.obj
 0002:000004a8       ___rtc_izz                 1000f4a8     MSVCRT:initsect.obj
 0002:000004ac       ___rtc_taa                 1000f4ac     MSVCRT:initsect.obj
 0002:000004b0       ___rtc_tzz                 1000f4b0     MSVCRT:initsect.obj
 0002:000005bc       __IMPORT_DESCRIPTOR_KERNEL32 1000f5bc     kernel32:KERNEL32.dll
 0002:000005d0       __IMPORT_DESCRIPTOR_VCRUNTIME140 1000f5d0     vcruntime:VCRUNTIME140.dll
 0002:000005e4       __IMPORT_DESCRIPTOR_api-ms-win-crt-runtime-l1-1-0 1000f5e4     ucrt:api-ms-win-crt-runtime-l1-1-0.dll
 0002:000005f8       __NULL_IMPORT_DESCRIPTOR   1000f5f8     kernel32:KERNEL32.dll
 0003:00000060       ___security_cookie_complement 10010060     MSVCRT:gs_cookie.obj
 0003:00000064       ___security_cookie         10010064     MSVCRT:gs_cookie.obj
 0003:00000068       ___scrt_native_dllmain_reason 10010068     MSVCRT:utility.obj
 0003:00000070       ___isa_enabled             10010070     MSVCRT:cpu_disp.obj
 0003:00000074       ___scrt_ucrt_dll_is_in_use 10010074     MSVCRT:ucrt_stubs.obj
 0003:00000520       ?__type_info_root_node@@3U__type_info_node@@A 10010520     MSVCRT:tncleanup.obj
 0003:00000528       ?_OptionsStorage@?1??__local_stdio_printf_options@@9@4_KA 10010528     MSVCRT:default_local_stdio_options.obj
 0003:00000530       ?_OptionsStorage@?1??__local_stdio_scanf_options@@9@4_KA 10010530     MSVCRT:default_local_stdio_options.obj
 0003:00000538       ___scrt_current_native_startup_state 10010538     MSVCRT:utility.obj
 0003:0000053c       ___scrt_native_startup_lock 1001053c     MSVCRT:utility.obj
 0003:0000055c       ___scrt_debugger_hook_flag 1001055c     MSVCRT:utility_desktop.obj
 0003:00000560       ___isa_available           10010560     MSVCRT:cpu_disp.obj
 0003:00000564       ___favor                   10010564     MSVCRT:cpu_disp.obj
 0003:00000570       _statistics_info           10010570     <common>
 0003:00000580       _configuration_info        10010580     <common>
 0003:00000584       _hLocalHeap                10010584     <common>
 0003:000005a0       _number_one                100105a0     <common>
 0003:000005c0       _number_zero               100105c0     <common>
 0003:000005dc       ___dyn_tls_init_callback   100105dc     <common>

 entry point at        0001:0000d4f5

 Static symbols

 0000:fffed000       .debug$S                   10000000     ucrt:api-ms-win-crt-runtime-l1-1-0.dll
 0000:fffed000       .debug$S                   10000000     kernel32:KERNEL32.dll
 0000:fffed000       .debug$S                   10000000     kernel32:KERNEL32.dll
 0000:fffed000       .debug$S                   10000000     kernel32:KERNEL32.dll
 0000:fffed000       .debug$S                   10000000     kernel32:KERNEL32.dll
 0000:fffed000       .debug$S                   10000000     kernel32:KERNEL32.dll
 0000:fffed000       .debug$S                   10000000     kernel32:KERNEL32.dll
 0000:fffed000       .debug$S                   10000000     Palmtree.Math.Core.Implements.exp
 0000:fffed000       .debug$S                   10000000     vcruntime:VCRUNTIME140.dll
 0000:fffed000       .debug$S                   10000000     kernel32:KERNEL32.dll
 0000:fffed000       .debug$S                   10000000     kernel32:KERNEL32.dll
 0000:fffed000       .debug$S                   10000000     kernel32:KERNEL32.dll
 0000:fffed000       .debug$S                   10000000     kernel32:KERNEL32.dll
 0000:fffed000       .debug$S                   10000000     kernel32:KERNEL32.dll
 0000:fffed000       .debug$S                   10000000     kernel32:KERNEL32.dll
 0000:fffed000       .debug$S                   10000000     kernel32:KERNEL32.dll
 0000:fffed000       .debug$S                   10000000     kernel32:KERNEL32.dll
 0000:fffed000       .debug$S                   10000000     kernel32:KERNEL32.dll
 0000:fffed000       .debug$S                   10000000     kernel32:KERNEL32.dll
 0000:fffed000       .debug$S                   10000000     kernel32:KERNEL32.dll
 0000:fffed000       .debug$S                   10000000     kernel32:KERNEL32.dll
 0000:fffed000       .debug$S                   10000000     kernel32:KERNEL32.dll
 0000:fffed000       .debug$S                   10000000     vcruntime:VCRUNTIME140.dll
 0000:fffed000       .debug$S                   10000000     ucrt:api-ms-win-crt-runtime-l1-1-0.dll
 0000:fffed000       .debug$S                   10000000     ucrt:api-ms-win-crt-runtime-l1-1-0.dll
 0000:fffed000       .debug$S                   10000000     ucrt:api-ms-win-crt-runtime-l1-1-0.dll
 0000:fffed000       .debug$S                   10000000     ucrt:api-ms-win-crt-runtime-l1-1-0.dll
 0000:fffed000       .debug$S                   10000000     ucrt:api-ms-win-crt-runtime-l1-1-0.dll
 0000:fffed000       .debug$S                   10000000     ucrt:api-ms-win-crt-runtime-l1-1-0.dll
 0000:fffed000       .debug$S                   10000000     kernel32:KERNEL32.dll
 0000:fffed000       .debug$S                   10000000     ucrt:api-ms-win-crt-runtime-l1-1-0.dll
 0000:fffed000       .debug$S                   10000000     ucrt:api-ms-win-crt-runtime-l1-1-0.dll
 0000:fffed000       .debug$S                   10000000     ucrt:api-ms-win-crt-runtime-l1-1-0.dll
 0000:fffed000       .debug$S                   10000000     ucrt:api-ms-win-crt-runtime-l1-1-0.dll
 0000:fffed000       .debug$S                   10000000     ucrt:api-ms-win-crt-runtime-l1-1-0.dll
 0000:fffed000       .debug$S                   10000000     vcruntime:VCRUNTIME140.dll
 0001:00000158       $LN12                      10001158     dllmain.obj
 0001:00000230       _CalculateCheckCode        10001230 f   memory.obj
 0001:000006c0       _InitializeNumber          100016c0 f   memory.obj
 0001:00000990       _Add_Imp_using_ADC         10001990 f   pmc_add.obj
 0001:00000c40       _Add_Imp_using_ADCX        10001c40 f   pmc_add.obj
 0001:00000f80       _Add_X_1W                  10001f80 f   pmc_add.obj
 0001:00000fc0       _DoCarry                   10001fc0 f   pmc_add.obj
 0001:00001120       _PMC_Add_X_I_Imp           10002120 f   pmc_add.obj
 0001:00001270       _PMC_Add_X_L_Imp           10002270 f   pmc_add.obj
 0001:000015a0       __ADD_16WORDS_ADC          100025a0 f   pmc_add.obj
 0001:000015a0       __ADD_16WORDS_ADC_DIV      100025a0 f   pmc_divrem.obj
 0001:00001650       __ADD_16WORDS_ADCX_DIV     10002650 f   pmc_divrem.obj
 0001:00001650       __ADD_16WORDS_ADCX         10002650 f   pmc_add.obj
 0001:00001730       _BitwiseAnd_X_X            10002730 f   pmc_bitwiseand.obj
 0001:00001ca0       _BitwiseOr_X_1W            10002ca0 f   pmc_bitwiseor.obj
 0001:00001cd0       _BitwiseOr_X_X             10002cd0 f   pmc_bitwiseor.obj
 0001:00002020       _PMC_BitwiseOr_X_I_Imp     10003020 f   pmc_bitwiseor.obj
 0001:00002130       _PMC_BitwiseOr_X_L_Imp     10003130 f   pmc_bitwiseor.obj
 0001:000025f0       _PMC_Compare_X_I_Imp       100035f0 f   pmc_compare.obj
 0001:000026b0       _PMC_Compare_X_L_Imp       100036b0 f   pmc_compare.obj
 0001:00002840       _AddOneLine                10003840 f   pmc_divrem.obj
 0001:00002ab0       _AddOneLineX               10003ab0 f   pmc_divrem.obj
 0001:00003630       _DivRem_X_X_using_ADC_MUL  10004630 f   pmc_divrem.obj
 0001:000037f0       _DivRem_X_X_using_ADX_MULX 100047f0 f   pmc_divrem.obj
 0001:00004450       _SubtructOneLine           10005450 f   pmc_divrem.obj
 0001:00004e00       _SubtructOneLineX          10005e00 f   pmc_divrem.obj
 0001:00005970       __LZCNT_ALT_32             10006970 f   pmc_divrem.obj
 0001:00005970       __LZCNT_ALT_32             10006970 f   pmc_multiply.obj
 0001:00005970       __LZCNT_ALT_32             10006970 f   pmc_subtruct.obj
 0001:00005a50       _PMC_Equals_X_I_Imp        10006a50 f   pmc_equals.obj
 0001:00005af0       _PMC_Equals_X_L_Imp        10006af0 f   pmc_equals.obj
 0001:00005c60       _ExclusiveOr_X_1W          10006c60 f   pmc_exclusiveor.obj
 0001:00005c90       _ExclusiveOr_X_X           10006c90 f   pmc_exclusiveor.obj
 0001:00005ff0       _PMC_ExclusiveOr_X_I_Imp   10006ff0 f   pmc_exclusiveor.obj
 0001:00006120       _PMC_ExclusiveOr_X_L_Imp   10007120 f   pmc_exclusiveor.obj
 0001:00006644       $LN14                      10007644     pmc_getpropertyvalue.obj
 0001:00006660       _GreatestCommonDivisor_Imp 10007660 f   pmc_greatestcommondivisor.obj
 0001:000067c0       _PMC_GreatestCommonDivisor_X_I_Imp 100077c0 f   pmc_greatestcommondivisor.obj
 0001:000069e0       _PMC_GreatestCommonDivisor_X_L_Imp 100079e0 f   pmc_greatestcommondivisor.obj
 0001:00007440       _ModulePower               10008440 f   pmc_modpow.obj
 0001:00007b80       _PMC_ModPow_X_X_X_Imp      10008b80 f   pmc_modpow.obj
 0001:00007dd0       _Multiply_WORD_using_MULX_ADCX 10008dd0 f   pmc_multiply.obj
 0001:00008650       _Multiply_WORD_using_MUL_ADC 10009650 f   pmc_multiply.obj
 0001:00008c90       _Multiply_X_1W_using_MULX_ADCX 10009c90 f   pmc_multiply.obj
 0001:00008ca0       _Multiply_X_1W_using_MUL_ADC 10009ca0 f   pmc_multiply.obj
 0001:00008cb0       _Multiply_X_2W_using_MULX_ADCX 10009cb0 f   pmc_multiply.obj
 0001:00008ce0       _Multiply_X_2W_using_MUL_ADC 10009ce0 f   pmc_multiply.obj
 0001:00008d20       _Multiply_X_X_using_MULX_ADCX 10009d20 f   pmc_multiply.obj
 0001:00008d80       _Multiply_X_X_using_MUL_ADC 10009d80 f   pmc_multiply.obj
 0001:00008ea0       _PMC_Multiply_X_I_Imp      10009ea0 f   pmc_multiply.obj
 0001:00008fb0       _PMC_Multiply_X_L_Imp      10009fb0 f   pmc_multiply.obj
 0001:00009200       _BuildBinaryFromHexString  1000a200 f   pmc_parse.obj
 0001:0000939c       $LN45                      1000a39c     pmc_parse.obj
 0001:000093ac       $LN42                      1000a3ac     pmc_parse.obj
 0001:000093e4       $LN46                      1000a3e4     pmc_parse.obj
 0001:000093f4       $LN43                      1000a3f4     pmc_parse.obj
 0001:00009430       _InitializeParserState     1000a430 f   pmc_parse.obj
 0001:00009570       _MultiplyAndAdd_using_ADCX_MULX 1000a570 f   pmc_parse.obj
 0001:00009c50       _MultiplyAndAdd_using_ADC_MUL 1000ac50 f   pmc_parse.obj
 0001:0000a200       _Parse1DigitFromHexChar    1000b200 f   pmc_parse.obj
 0001:0000a22c       $LN11                      1000b22c     pmc_parse.obj
 0001:0000a23c       $LN9                       1000b23c     pmc_parse.obj
 0001:0000a280       _ParseAsDecimalNumberString 1000b280 f   pmc_parse.obj
 0001:0000a5a0       _ParseAsFractionPartNumberSequence 1000b5a0 f   pmc_parse.obj
 0001:0000a610       _ParseAsIntegerPartNumberSequence 1000b610 f   pmc_parse.obj
 0001:0000a700       _StartsWith                1000b700 f   pmc_parse.obj
 0001:0000a740       _TryParseDN                1000b740 f   pmc_parse.obj
 0001:0000ab60       _TryParseX                 1000bb60 f   pmc_parse.obj
 0001:0000ad60       _PMC_Pow_X_I_Imp           1000bd60 f   pmc_pow.obj
 0001:0000ba60       _DoBorrow                  1000ca60 f   pmc_subtruct.obj
 0001:0000c350       _Subtruct_X_1W             1000d350 f   pmc_subtruct.obj
 0001:0000c390       __SUBTRUCT_16WORDS_SBB     1000d390 f   pmc_subtruct.obj
 0001:0000c570       _OutputOneChar             1000d570 f   pmc_tostring.obj
 0001:0000c6d8       $LN20                      1000d6d8     pmc_tostring.obj
 0001:0000c6ec       $LN16                      1000d6ec     pmc_tostring.obj
 0001:0000c730       _PrintDecimal              1000d730 f   pmc_tostring.obj
 0001:0000ca20       _ToStringDN                1000da20 f   pmc_tostring.obj
 0001:0000ccf0       _ToStringX                 1000dcf0 f   pmc_tostring.obj
 0001:0000cdf0       _ToStringX_1WORD           1000ddf0 f   pmc_tostring.obj
 0001:0000d050       $$000000                   1000e050     MSVCRT:ulldiv.obj
 0001:0000d0c0       $$000000                   1000e0c0     MSVCRT:ulldvrm.obj
 0001:0000d160       $$000000                   1000e160     MSVCRT:ullrem.obj
 0001:0000d1d5       ?dllmain_crt_dispatch@@YGHQAUHINSTANCE__@@KQAX@Z 1000e1d5 f   MSVCRT:dll_dllmain.obj
 0001:0000d228       ?dllmain_crt_process_attach@@YAHQAUHINSTANCE__@@QAX@Z 1000e228 f   MSVCRT:dll_dllmain.obj
 0001:0000d332       ?dllmain_crt_process_detach@@YAH_N@Z 1000e332 f   MSVCRT:dll_dllmain.obj
 0001:0000d3c4       ?dllmain_dispatch@@YAHQAUHINSTANCE__@@KQAX@Z 1000e3c4 f   MSVCRT:dll_dllmain.obj
 0001:0000d4ca       ?dllmain_raw@@YGHQAUHINSTANCE__@@KQAX@Z 1000e4ca f   MSVCRT:dll_dllmain.obj
 0001:0000d639       ___get_entropy             1000e639 f   MSVCRT:gs_support.obj
 0001:0000d712       ?find_pe_section@@YAPAU_IMAGE_SECTION_HEADER@@QAEI@Z 1000e712 f   MSVCRT:utility.obj
 0001:0000db90       $$000000                   1000eb90     MSVCRT:sehprolg4.obj
 0002:000000c8       _GS_ExceptionPointers      1000f0c8     MSVCRT:gs_report.obj
 0002:000004b8       __sehtable$?dllmain_crt_process_attach@@YAHQAUHINSTANCE__@@QAX@Z 1000f4b8     MSVCRT:dll_dllmain.obj
 0002:000004d8       __sehtable$?dllmain_crt_process_detach@@YAH_N@Z 1000f4d8     MSVCRT:dll_dllmain.obj
 0002:000004f8       __sehtable$?dllmain_dispatch@@YAHQAUHINSTANCE__@@KQAX@Z 1000f4f8     MSVCRT:dll_dllmain.obj
 0002:00000518       __sehtable$___scrt_is_nonwritable_in_current_image 1000f518     MSVCRT:utility.obj
 0002:00000540       .edata                     1000f540     Palmtree.Math.Core.Implements.exp
 0002:00000568       rgpv                       1000f568     Palmtree.Math.Core.Implements.exp
 0002:00000570       rgszName                   1000f570     Palmtree.Math.Core.Implements.exp
 0002:00000578       rgwOrd                     1000f578     Palmtree.Math.Core.Implements.exp
 0002:0000057c       szName                     1000f57c     Palmtree.Math.Core.Implements.exp
 0002:0000059e       $N00001                    1000f59e     Palmtree.Math.Core.Implements.exp
 0002:000005a9       $N00002                    1000f5a9     Palmtree.Math.Core.Implements.exp
 0002:000006e4       .idata$6                   1000f6e4     kernel32:KERNEL32.dll
 0002:00000736       .idata$6                   1000f736     vcruntime:VCRUNTIME140.dll
 0002:000007ee       .idata$6                   1000f7ee     ucrt:api-ms-win-crt-runtime-l1-1-0.dll
 0003:00000000       _decimal_digits            10010000     pmc_tostring.obj
 0003:00000018       _hexadecimal_lower_digits  10010018     pmc_tostring.obj
 0003:0000003c       _hexadecimal_upper_digits  1001003c     pmc_tostring.obj
 0003:00000080       _fp_Add_Imp                10010080     pmc_add.obj
 0003:00000084       _fp_DivRem_X_X             10010084     pmc_divrem.obj
 0003:00000088       _entry_points              10010088     pmc_initialize.obj
 0003:00000198       _fp_Multiply_X_1W          10010198     pmc_multiply.obj
 0003:0000019c       _fp_Multiply_X_2W          1001019c     pmc_multiply.obj
 0003:000001a0       _fp_Multiply_X_X           100101a0     pmc_multiply.obj
 0003:000001a4       _default_number_format_option 100101a4     pmc_parse.obj
 0003:000001cc       _fp_MultiplyAndAdd         100101cc     pmc_parse.obj
 0003:000001d0       _default_number_format_option 100101d0     pmc_tostring.obj
 0003:000001f8       ?__proc_attached@@3HA      100101f8     MSVCRT:dll_dllmain.obj
 0003:00000200       _GS_ExceptionRecord        10010200     MSVCRT:gs_report.obj
 0003:00000250       _GS_ContextRecord          10010250     MSVCRT:gs_report.obj
 0003:00000540       ?is_initialized_as_dll@@3_NA 10010540     MSVCRT:utility.obj
 0003:00000541       ?module_local_atexit_table_initialized@@3_NA 10010541     MSVCRT:utility.obj
 0003:00000544       ?module_local_atexit_table@@3U_onexit_table_t@@A 10010544     MSVCRT:utility.obj
 0003:00000550       ?module_local_at_quick_exit_table@@3U_onexit_table_t@@A 10010550     MSVCRT:utility.obj
 0004:00000060       $R000000                   10011060     * linker generated manifest res *
