Archive member included to satisfy reference by file (symbol)

C:/GNU/MINGW64/i686-8.1.0-win32-dwarf-rt_v6-rev0/mingw32/bin/../lib/gcc/i686-w64-mingw32/8.1.0/../../../../i686-w64-mingw32/lib/../lib/libkernel32.a(dgzcs01342.o)
                              build/x86_Release/x86-Windows/pmc_parse.o (_imp__lstrlenW@4)
C:/GNU/MINGW64/i686-8.1.0-win32-dwarf-rt_v6-rev0/mingw32/bin/../lib/gcc/i686-w64-mingw32/8.1.0/../../../../i686-w64-mingw32/lib/../lib/libkernel32.a(dgzcs01336.o)
                              build/x86_Release/x86-Windows/TEST_op_ParseDN.o (_imp__lstrcpyW@8)
C:/GNU/MINGW64/i686-8.1.0-win32-dwarf-rt_v6-rev0/mingw32/bin/../lib/gcc/i686-w64-mingw32/8.1.0/../../../../i686-w64-mingw32/lib/../lib/libkernel32.a(dgzcs01335.o)
                              build/x86_Release/x86-Windows/TEST_op_ParseDN.o (_imp__lstrcpyA@8)
C:/GNU/MINGW64/i686-8.1.0-win32-dwarf-rt_v6-rev0/mingw32/bin/../lib/gcc/i686-w64-mingw32/8.1.0/../../../../i686-w64-mingw32/lib/../lib/libkernel32.a(dgzcs01330.o)
                              build/x86_Release/x86-Windows/TEST_op_ToStringD.o (_imp__lstrcmpW@8)
C:/GNU/MINGW64/i686-8.1.0-win32-dwarf-rt_v6-rev0/mingw32/bin/../lib/gcc/i686-w64-mingw32/8.1.0/../../../../i686-w64-mingw32/lib/../lib/libkernel32.a(dgzcs00729.o)
                              build/x86_Release/x86-Windows/memory.o (_imp__HeapFree@12)
C:/GNU/MINGW64/i686-8.1.0-win32-dwarf-rt_v6-rev0/mingw32/bin/../lib/gcc/i686-w64-mingw32/8.1.0/../../../../i686-w64-mingw32/lib/../lib/libkernel32.a(dgzcs00727.o)
                              build/x86_Release/x86-Windows/memory.o (_imp__HeapDestroy@4)
C:/GNU/MINGW64/i686-8.1.0-win32-dwarf-rt_v6-rev0/mingw32/bin/../lib/gcc/i686-w64-mingw32/8.1.0/../../../../i686-w64-mingw32/lib/../lib/libkernel32.a(dgzcs00725.o)
                              build/x86_Release/x86-Windows/memory.o (_imp__HeapCreate@12)
C:/GNU/MINGW64/i686-8.1.0-win32-dwarf-rt_v6-rev0/mingw32/bin/../lib/gcc/i686-w64-mingw32/8.1.0/../../../../i686-w64-mingw32/lib/../lib/libkernel32.a(dgzcs00723.o)
                              build/x86_Release/x86-Windows/memory.o (_imp__HeapAlloc@12)
C:/GNU/MINGW64/i686-8.1.0-win32-dwarf-rt_v6-rev0/mingw32/bin/../lib/gcc/i686-w64-mingw32/8.1.0/../../../../i686-w64-mingw32/lib/../lib/libkernel32.a(dgzch.o)
                              C:/GNU/MINGW64/i686-8.1.0-win32-dwarf-rt_v6-rev0/mingw32/bin/../lib/gcc/i686-w64-mingw32/8.1.0/../../../../i686-w64-mingw32/lib/../lib/libkernel32.a(dgzcs01342.o) (_head_lib32_libkernel32_a)
C:/GNU/MINGW64/i686-8.1.0-win32-dwarf-rt_v6-rev0/mingw32/bin/../lib/gcc/i686-w64-mingw32/8.1.0/../../../../i686-w64-mingw32/lib/../lib/libkernel32.a(dgzct.o)
                              C:/GNU/MINGW64/i686-8.1.0-win32-dwarf-rt_v6-rev0/mingw32/bin/../lib/gcc/i686-w64-mingw32/8.1.0/../../../../i686-w64-mingw32/lib/../lib/libkernel32.a(dgzch.o) (_lib32_libkernel32_a_iname)
C:/GNU/MINGW64/i686-8.1.0-win32-dwarf-rt_v6-rev0/mingw32/bin/../lib/gcc/i686-w64-mingw32/8.1.0/../../../../i686-w64-mingw32/lib/../lib/libuser32.a(dmces00911.o)
                              build/x86_Release/x86-Windows/debug.o (_imp__wsprintfA)
C:/GNU/MINGW64/i686-8.1.0-win32-dwarf-rt_v6-rev0/mingw32/bin/../lib/gcc/i686-w64-mingw32/8.1.0/../../../../i686-w64-mingw32/lib/../lib/libuser32.a(dmceh.o)
                              C:/GNU/MINGW64/i686-8.1.0-win32-dwarf-rt_v6-rev0/mingw32/bin/../lib/gcc/i686-w64-mingw32/8.1.0/../../../../i686-w64-mingw32/lib/../lib/libuser32.a(dmces00911.o) (_head_lib32_libuser32_a)
C:/GNU/MINGW64/i686-8.1.0-win32-dwarf-rt_v6-rev0/mingw32/bin/../lib/gcc/i686-w64-mingw32/8.1.0/../../../../i686-w64-mingw32/lib/../lib/libuser32.a(dmcet.o)
                              C:/GNU/MINGW64/i686-8.1.0-win32-dwarf-rt_v6-rev0/mingw32/bin/../lib/gcc/i686-w64-mingw32/8.1.0/../../../../i686-w64-mingw32/lib/../lib/libuser32.a(dmceh.o) (_lib32_libuser32_a_iname)

Allocating common symbols
Common symbol       size              file

number_zero         0x1c              build/x86_Release/x86-Windows/memory.o
statistics_info     0x10              build/x86_Release/x86-Windows/pmc_statistics.o
hLocalHeap          0x4               build/x86_Release/x86-Windows/memory.o
configuration_info  0x4               build/x86_Release/x86-Windows/pmc_initialize.o

Discarded input sections

 .drectve       0x00000000       0x14 build/x86_Release/x86-Windows/debug.o
 .drectve       0x00000000       0x38 build/x86_Release/x86-Windows/memory.o
 .drectve       0x00000000       0x40 build/x86_Release/x86-Windows/pmc_initialize.o
 .drectve       0x00000000       0x20 build/x86_Release/x86-Windows/pmc_statistics.o
 .text          0x00000000        0x8 C:/GNU/MINGW64/i686-8.1.0-win32-dwarf-rt_v6-rev0/mingw32/bin/../lib/gcc/i686-w64-mingw32/8.1.0/../../../../i686-w64-mingw32/lib/../lib/libkernel32.a(dgzcs01342.o)
 .text          0x00000000        0x8 C:/GNU/MINGW64/i686-8.1.0-win32-dwarf-rt_v6-rev0/mingw32/bin/../lib/gcc/i686-w64-mingw32/8.1.0/../../../../i686-w64-mingw32/lib/../lib/libkernel32.a(dgzcs01336.o)
 .text          0x00000000        0x8 C:/GNU/MINGW64/i686-8.1.0-win32-dwarf-rt_v6-rev0/mingw32/bin/../lib/gcc/i686-w64-mingw32/8.1.0/../../../../i686-w64-mingw32/lib/../lib/libkernel32.a(dgzcs01335.o)
 .text          0x00000000        0x8 C:/GNU/MINGW64/i686-8.1.0-win32-dwarf-rt_v6-rev0/mingw32/bin/../lib/gcc/i686-w64-mingw32/8.1.0/../../../../i686-w64-mingw32/lib/../lib/libkernel32.a(dgzcs01330.o)
 .text          0x00000000        0x8 C:/GNU/MINGW64/i686-8.1.0-win32-dwarf-rt_v6-rev0/mingw32/bin/../lib/gcc/i686-w64-mingw32/8.1.0/../../../../i686-w64-mingw32/lib/../lib/libkernel32.a(dgzcs00729.o)
 .text          0x00000000        0x8 C:/GNU/MINGW64/i686-8.1.0-win32-dwarf-rt_v6-rev0/mingw32/bin/../lib/gcc/i686-w64-mingw32/8.1.0/../../../../i686-w64-mingw32/lib/../lib/libkernel32.a(dgzcs00727.o)
 .text          0x00000000        0x8 C:/GNU/MINGW64/i686-8.1.0-win32-dwarf-rt_v6-rev0/mingw32/bin/../lib/gcc/i686-w64-mingw32/8.1.0/../../../../i686-w64-mingw32/lib/../lib/libkernel32.a(dgzcs00725.o)
 .text          0x00000000        0x8 C:/GNU/MINGW64/i686-8.1.0-win32-dwarf-rt_v6-rev0/mingw32/bin/../lib/gcc/i686-w64-mingw32/8.1.0/../../../../i686-w64-mingw32/lib/../lib/libkernel32.a(dgzcs00723.o)
 .text          0x00000000        0x8 C:/GNU/MINGW64/i686-8.1.0-win32-dwarf-rt_v6-rev0/mingw32/bin/../lib/gcc/i686-w64-mingw32/8.1.0/../../../../i686-w64-mingw32/lib/../lib/libuser32.a(dmces00911.o)

Memory Configuration

Name             Origin             Length             Attributes
*default*        0x00000000         0xffffffff

Linker script and memory map

                0x65680000                __image_base__ = 0x65680000
                0x00000000                __dll__ = 0x0
                0x65680000                ___ImageBase = 0x65680000
                0x00001000                __section_alignment__ = 0x1000
                0x00000200                __file_alignment__ = 0x200
                0x00000004                __major_os_version__ = 0x4
                0x00000000                __minor_os_version__ = 0x0
                0x00000001                __major_image_version__ = 0x1
                0x00000000                __minor_image_version__ = 0x0
                0x00000004                __major_subsystem_version__ = 0x4
                0x00000000                __minor_subsystem_version__ = 0x0
                0x00000002                __subsystem__ = 0x2
                0x00200000                __size_of_stack_reserve__ = 0x200000
                0x00001000                __size_of_stack_commit__ = 0x1000
                0x00100000                __size_of_heap_reserve__ = 0x100000
                0x00001000                __size_of_heap_commit__ = 0x1000
                0x00000000                __loader_flags__ = 0x0
                0x00000000                __dll_characteristics__ = 0x0
LOAD build/x86_Release/x86-Windows/CALC_divrem_critical.o
LOAD build/x86_Release/x86-Windows/TEST_autogenerated.o
LOAD build/x86_Release/x86-Windows/TEST_op_Add.o
LOAD build/x86_Release/x86-Windows/TEST_op_BitwiseAnd.o
LOAD build/x86_Release/x86-Windows/TEST_op_BitwiseOr.o
LOAD build/x86_Release/x86-Windows/TEST_op_Compare.o
LOAD build/x86_Release/x86-Windows/TEST_op_DivRem.o
LOAD build/x86_Release/x86-Windows/TEST_op_Equals.o
LOAD build/x86_Release/x86-Windows/TEST_op_ExclusiveOr.o
LOAD build/x86_Release/x86-Windows/TEST_op_From_To.o
LOAD build/x86_Release/x86-Windows/TEST_op_Multiply.o
LOAD build/x86_Release/x86-Windows/TEST_op_ParseDN.o
LOAD build/x86_Release/x86-Windows/TEST_op_ParseX.o
LOAD build/x86_Release/x86-Windows/TEST_op_Shift.o
LOAD build/x86_Release/x86-Windows/TEST_op_Subtruct.o
LOAD build/x86_Release/x86-Windows/TEST_op_ToStringD.o
LOAD build/x86_Release/x86-Windows/TEST_op_ToStringN.o
LOAD build/x86_Release/x86-Windows/TEST_op_ToStringX.o
LOAD build/x86_Release/x86-Windows/cpuid.o
LOAD build/x86_Release/x86-Windows/debug.o
LOAD build/x86_Release/x86-Windows/dllmain.o
LOAD build/x86_Release/x86-Windows/memory.o
LOAD build/x86_Release/x86-Windows/pmc_add.o
LOAD build/x86_Release/x86-Windows/pmc_bitwiseand.o
LOAD build/x86_Release/x86-Windows/pmc_bitwiseor.o
LOAD build/x86_Release/x86-Windows/pmc_compare.o
LOAD build/x86_Release/x86-Windows/pmc_divrem.o
LOAD build/x86_Release/x86-Windows/pmc_equals.o
LOAD build/x86_Release/x86-Windows/pmc_exclusiveor.o
LOAD build/x86_Release/x86-Windows/pmc_from.o
LOAD build/x86_Release/x86-Windows/pmc_initialize.o
LOAD build/x86_Release/x86-Windows/pmc_multiply.o
LOAD build/x86_Release/x86-Windows/pmc_parse.o
LOAD build/x86_Release/x86-Windows/pmc_shift.o
LOAD build/x86_Release/x86-Windows/pmc_statistics.o
LOAD build/x86_Release/x86-Windows/pmc_subtruct.o
LOAD build/x86_Release/x86-Windows/pmc_to.o
LOAD build/x86_Release/x86-Windows/pmc_tostring.o
LOAD C:/GNU/MINGW64/i686-8.1.0-win32-dwarf-rt_v6-rev0/mingw32/bin/../lib/gcc/i686-w64-mingw32/8.1.0/../../../../i686-w64-mingw32/lib/../lib/libkernel32.a
LOAD C:/GNU/MINGW64/i686-8.1.0-win32-dwarf-rt_v6-rev0/mingw32/bin/../lib/gcc/i686-w64-mingw32/8.1.0/../../../../i686-w64-mingw32/lib/../lib/libuser32.a
                0x000002b8                . = SIZEOF_HEADERS
                0x00001000                . = ALIGN (__section_alignment__)

.text           0x65681000    0x13000
 *(.init)
 *(.text)
 .text          0x65681000      0x3c0 build/x86_Release/x86-Windows/CALC_divrem_critical.o
                0x65681000                CalculateCriticalDataOfDivision
 .text          0x656813c0        0x0 build/x86_Release/x86-Windows/TEST_autogenerated.o
 .text          0x656813c0      0x7c0 build/x86_Release/x86-Windows/TEST_op_Add.o
                0x656813c0                TEST_PMC_Add_X_I
                0x65681620                TEST_PMC_Add_X_L
                0x656818a0                TEST_PMC_Add_X_X
 .text          0x65681b80      0x5d0 build/x86_Release/x86-Windows/TEST_op_BitwiseAnd.o
                0x65681b80                TEST_PMC_BitwiseAnd_X_I
                0x65681cd0                TEST_PMC_BitwiseAnd_X_L
                0x65681e50                TEST_PMC_BitwiseAnd_X_X
 .text          0x65682150      0x7c0 build/x86_Release/x86-Windows/TEST_op_BitwiseOr.o
                0x65682150                TEST_PMC_BitwiseOr_X_I
                0x656823b0                TEST_PMC_BitwiseOr_X_L
                0x65682630                TEST_PMC_BitwiseOr_X_X
 .text          0x65682910      0x4a0 build/x86_Release/x86-Windows/TEST_op_Compare.o
                0x65682910                TEST_PMC_Compare_X_I
                0x65682a60                TEST_PMC_Compare_X_L
                0x65682bd0                TEST_PMC_Compare_X_X
 .text          0x65682db0      0xa10 build/x86_Release/x86-Windows/TEST_op_DivRem.o
                0x65682db0                TEST_PMC_DivRem_X_I
                0x65683080                TEST_PMC_DivRem_X_L
                0x65683390                TEST_PMC_DivRem_X_X
 .text          0x656837c0      0x4a0 build/x86_Release/x86-Windows/TEST_op_Equals.o
                0x656837c0                TEST_PMC_Equals_X_I
                0x65683910                TEST_PMC_Equals_X_L
                0x65683a80                TEST_PMC_Equals_X_X
 .text          0x65683c60      0x7c0 build/x86_Release/x86-Windows/TEST_op_ExclusiveOr.o
                0x65683c60                TEST_PMC_ExclusiveOr_X_I
                0x65683ec0                TEST_PMC_ExclusiveOr_X_L
                0x65684140                TEST_PMC_ExclusiveOr_X_X
 .text          0x65684420      0x670 build/x86_Release/x86-Windows/TEST_op_From_To.o
                0x65684420                TEST_PMC_From_I
                0x656845e0                TEST_PMC_From_L
                0x656847b0                TEST_PMC_To_X_I
                0x65684910                TEST_PMC_To_X_L
 .text          0x65684a90      0x7c0 build/x86_Release/x86-Windows/TEST_op_Multiply.o
                0x65684a90                TEST_PMC_Multiply_X_I
                0x65684cf0                TEST_PMC_Multiply_X_L
                0x65684f70                TEST_PMC_Multiply_X_X
 .text          0x65685250      0x4c0 build/x86_Release/x86-Windows/TEST_op_ParseDN.o
                0x65685250                TEST_PMC_ParseDN1
                0x656854b0                TEST_PMC_ParseDN2
 .text          0x65685710      0x250 build/x86_Release/x86-Windows/TEST_op_ParseX.o
                0x65685710                TEST_PMC_ParseX
 .text          0x65685960      0x4e0 build/x86_Release/x86-Windows/TEST_op_Shift.o
                0x65685960                TEST_PMC_RightShift_X_I
                0x65685bc0                TEST_PMC_RightShift_X_L
                0x65685bd0                TEST_PMC_LeftShift_X_I
                0x65685e30                TEST_PMC_LeftShift_X_L
 .text          0x65685e40      0x7f0 build/x86_Release/x86-Windows/TEST_op_Subtruct.o
                0x65685e40                TEST_PMC_Subtruct_X_I
                0x656860b0                TEST_PMC_Subtruct_X_L
                0x65686330                TEST_PMC_Subtruct_X_X
 .text          0x65686630      0x220 build/x86_Release/x86-Windows/TEST_op_ToStringD.o
                0x65686630                TEST_PMC_ToStringD
 .text          0x65686850      0x230 build/x86_Release/x86-Windows/TEST_op_ToStringN.o
                0x65686850                TEST_PMC_ToStringN
 .text          0x65686a80      0x220 build/x86_Release/x86-Windows/TEST_op_ToStringX.o
                0x65686a80                TEST_PMC_ToStringX
 .text          0x65686ca0       0xb0 build/x86_Release/x86-Windows/cpuid.o
                0x65686ca0                GetCPUInfo
 .text          0x65686d50       0xe0 build/x86_Release/x86-Windows/debug.o
                0x65686d50                DoDebug@4
                0x65686d60                TEST_Assert
                0x65686dc0                FormatTestLabel
                0x65686e00                FormatTestMesssage
 .text          0x65686e30       0x50 build/x86_Release/x86-Windows/dllmain.o
                0x65686e30                DllMain@12
 .text          0x65686e80      0x7e0 build/x86_Release/x86-Windows/memory.o
                0x65687060                AllocateBlock
                0x656870c0                DeallocateBlock
                0x65687190                CheckBlockLight
                0x656871a0                AttatchNumber
                0x65687230                AllocateNumber
                0x656872f0                DetatchNumber
                0x65687330                DeallocateNumber
                0x65687350                CommitNumber
                0x656874b0                CheckNumber
                0x656874c0                DuplicateNumber
                0x65687560                PMC_Dispose@4
                0x65687580                Initialize_Memory
                0x656875e0                AllocateHeapArea
                0x65687620                DeallocateHeapArea
 .text          0x65687660      0xef0 build/x86_Release/x86-Windows/pmc_add.o
                0x65687fc0                PMC_Add_X_I@12
                0x65688150                PMC_Add_X_L@16
                0x656883c0                PMC_Add_X_X@12
                0x65688530                Initialize_Add
 .text          0x65688550      0x4e0 build/x86_Release/x86-Windows/pmc_bitwiseand.o
                0x65688550                PMC_BitwiseAnd_X_I@12
                0x656885b0                PMC_BitwiseAnd_X_L@16
                0x65688640                PMC_BitwiseAnd_X_X@12
                0x65688a20                Initialize_BitwiseAnd
 .text          0x65688a30      0x770 build/x86_Release/x86-Windows/pmc_bitwiseor.o
                0x65688a30                PMC_BitwiseOr_X_I@12
                0x65688b80                PMC_BitwiseOr_X_L@16
                0x65688d50                PMC_BitwiseOr_X_X@12
                0x65689190                Initialize_BitwiseOr
 .text          0x656891a0      0x300 build/x86_Release/x86-Windows/pmc_compare.o
                0x656891a0                Compare_X_X
                0x65689210                PMC_Compare_X_I@12
                0x656892a0                PMC_Compare_X_L@16
                0x65689370                PMC_Compare_X_X@12
                0x65689490                Initialize_Compare
 .text          0x656894a0     0x36d0 build/x86_Release/x86-Windows/pmc_divrem.o
                0x6568bf60                DivRem_X_1W
                0x6568c2b0                PMC_DivRem_X_I@16
                0x6568c440                PMC_DivRem_X_L@20
                0x6568c7a0                PMC_DivRem_X_X@16
                0x6568cb40                Initialize_DivRem
 .text          0x6568cb70      0x290 build/x86_Release/x86-Windows/pmc_equals.o
                0x6568cb70                Equals_X_X
                0x6568cbb0                PMC_Equals_X_I@12
                0x6568cc40                PMC_Equals_X_L@16
                0x6568cd10                PMC_Equals_X_X@12
                0x6568cdf0                Initialize_Equals
 .text          0x6568ce00      0x7b0 build/x86_Release/x86-Windows/pmc_exclusiveor.o
                0x6568ce00                PMC_ExclusiveOr_X_I@12
                0x6568cf70                PMC_ExclusiveOr_X_L@16
                0x6568d150                PMC_ExclusiveOr_X_X@12
                0x6568d5a0                Initialize_ExclusiveOr
 .text          0x6568d5b0      0x240 build/x86_Release/x86-Windows/pmc_from.o
                0x6568d5b0                From_I_Imp
                0x6568d600                From_L_Imp
                0x6568d680                PMC_From_I@8
                0x6568d6d0                PMC_From_L@12
                0x6568d720                PMC_From_B@12
                0x6568d7e0                Initialize_From
 .text          0x6568d7f0      0x2d0 build/x86_Release/x86-Windows/pmc_initialize.o
                0x6568d7f0                PMC_Initialize@4
 .text          0x6568dac0     0x1ab0 build/x86_Release/x86-Windows/pmc_multiply.o
                0x6568efe0                PMC_Multiply_X_I@12
                0x6568f170                PMC_Multiply_X_L@16
                0x6568f370                PMC_Multiply_X_X@12
                0x6568f510                Initialize_Multiply
 .text          0x6568f570     0x20d0 build/x86_Release/x86-Windows/pmc_parse.o
                0x65690440                PMC_TryParse@16
                0x65691590                Initialize_Parse
 .text          0x65691640     0x1050 build/x86_Release/x86-Windows/pmc_shift.o
                0x65691640                RightShift_Imp_DIV
                0x65691d20                RightShift_Imp
                0x65691d30                LeftShift_Imp_DIV
                0x65692430                LeftShift_Imp
                0x65692440                PMC_RightShift_X_I@12
                0x65692550                PMC_RightShift_X_L@16
                0x65692560                PMC_LeftShift_X_I@12
                0x65692670                PMC_LeftShift_X_L@16
                0x65692680                Initialize_Shift
 .text          0x65692690       0x30 build/x86_Release/x86-Windows/pmc_statistics.o
                0x65692690                PMC_GetStatisticsInfo@4
 .text          0x656926c0      0x980 build/x86_Release/x86-Windows/pmc_subtruct.o
                0x65692740                PMC_Subtruct_X_I@12
                0x656928a0                PMC_Subtruct_X_L@16
                0x65692b00                PMC_Subtruct_X_X@12
                0x65693030                Initialize_Subtruct
 .text          0x65693040      0x170 build/x86_Release/x86-Windows/pmc_to.o
                0x65693040                PMC_To_X_I@8
                0x65693090                PMC_To_X_L@8
                0x65693110                PMC_To_X_B@16
                0x656931a0                Initialize_To
 .text          0x656931b0      0xd00 build/x86_Release/x86-Windows/pmc_tostring.o
                0x65693d00                PMC_ToString@24
                0x65693e20                Initialize_ToString
 .text          0x65693eb0        0x0 C:/GNU/MINGW64/i686-8.1.0-win32-dwarf-rt_v6-rev0/mingw32/bin/../lib/gcc/i686-w64-mingw32/8.1.0/../../../../i686-w64-mingw32/lib/../lib/libkernel32.a(dgzch.o)
 .text          0x65693eb0        0x0 C:/GNU/MINGW64/i686-8.1.0-win32-dwarf-rt_v6-rev0/mingw32/bin/../lib/gcc/i686-w64-mingw32/8.1.0/../../../../i686-w64-mingw32/lib/../lib/libkernel32.a(dgzct.o)
 .text          0x65693eb0        0x0 C:/GNU/MINGW64/i686-8.1.0-win32-dwarf-rt_v6-rev0/mingw32/bin/../lib/gcc/i686-w64-mingw32/8.1.0/../../../../i686-w64-mingw32/lib/../lib/libuser32.a(dmceh.o)
 .text          0x65693eb0        0x0 C:/GNU/MINGW64/i686-8.1.0-win32-dwarf-rt_v6-rev0/mingw32/bin/../lib/gcc/i686-w64-mingw32/8.1.0/../../../../i686-w64-mingw32/lib/../lib/libuser32.a(dmcet.o)
 *(SORT_BY_NAME(.text$*))
 *(.text.*)
 *(.gnu.linkonce.t.*)
 *(.glue_7t)
 *(.glue_7)
                0x65693eb0                ___CTOR_LIST__ = .
                0x65693eb0                __CTOR_LIST__ = .
                0x65693eb0        0x4 LONG 0xffffffff
 *(.ctors)
 *(.ctor)
 *(SORT_BY_NAME(.ctors.*))
                0x65693eb4        0x4 LONG 0x0
                0x65693eb8                ___DTOR_LIST__ = .
                0x65693eb8                __DTOR_LIST__ = .
                0x65693eb8        0x4 LONG 0xffffffff
 *(.dtors)
 *(.dtor)
 *(SORT_BY_NAME(.dtors.*))
                0x65693ebc        0x4 LONG 0x0
 *(.fini)
 *(.gcc_exc)
                [!provide]                PROVIDE (etext = .)
                [!provide]                PROVIDE (_etext = .)
 *(.gcc_except_table)

.data           0x65694000      0x200
                0x65694000                __data_start__ = .
 *(.data)
 .data          0x65694000        0x0 build/x86_Release/x86-Windows/CALC_divrem_critical.o
 .data          0x65694000        0x0 build/x86_Release/x86-Windows/TEST_autogenerated.o
 .data          0x65694000        0x0 build/x86_Release/x86-Windows/TEST_op_Add.o
 .data          0x65694000        0x0 build/x86_Release/x86-Windows/TEST_op_BitwiseAnd.o
 .data          0x65694000        0x0 build/x86_Release/x86-Windows/TEST_op_BitwiseOr.o
 .data          0x65694000        0x0 build/x86_Release/x86-Windows/TEST_op_Compare.o
 .data          0x65694000        0x0 build/x86_Release/x86-Windows/TEST_op_DivRem.o
 .data          0x65694000        0x0 build/x86_Release/x86-Windows/TEST_op_Equals.o
 .data          0x65694000        0x0 build/x86_Release/x86-Windows/TEST_op_ExclusiveOr.o
 .data          0x65694000        0x0 build/x86_Release/x86-Windows/TEST_op_From_To.o
 .data          0x65694000        0x0 build/x86_Release/x86-Windows/TEST_op_Multiply.o
 .data          0x65694000        0x0 build/x86_Release/x86-Windows/TEST_op_ParseDN.o
 .data          0x65694000        0x0 build/x86_Release/x86-Windows/TEST_op_ParseX.o
 .data          0x65694000        0x0 build/x86_Release/x86-Windows/TEST_op_Shift.o
 .data          0x65694000        0x0 build/x86_Release/x86-Windows/TEST_op_Subtruct.o
 .data          0x65694000        0x0 build/x86_Release/x86-Windows/TEST_op_ToStringD.o
 .data          0x65694000        0x0 build/x86_Release/x86-Windows/TEST_op_ToStringN.o
 .data          0x65694000        0x0 build/x86_Release/x86-Windows/TEST_op_ToStringX.o
 .data          0x65694000        0x0 build/x86_Release/x86-Windows/cpuid.o
 .data          0x65694000        0x0 build/x86_Release/x86-Windows/debug.o
 .data          0x65694000        0x0 build/x86_Release/x86-Windows/dllmain.o
 .data          0x65694000        0x0 build/x86_Release/x86-Windows/memory.o
 .data          0x65694000        0x0 build/x86_Release/x86-Windows/pmc_add.o
 .data          0x65694000        0x0 build/x86_Release/x86-Windows/pmc_bitwiseand.o
 .data          0x65694000        0x0 build/x86_Release/x86-Windows/pmc_bitwiseor.o
 .data          0x65694000        0x0 build/x86_Release/x86-Windows/pmc_compare.o
 .data          0x65694000        0x0 build/x86_Release/x86-Windows/pmc_divrem.o
 .data          0x65694000        0x0 build/x86_Release/x86-Windows/pmc_equals.o
 .data          0x65694000        0x0 build/x86_Release/x86-Windows/pmc_exclusiveor.o
 .data          0x65694000        0x0 build/x86_Release/x86-Windows/pmc_from.o
 .data          0x65694000        0x0 build/x86_Release/x86-Windows/pmc_initialize.o
 .data          0x65694000        0x0 build/x86_Release/x86-Windows/pmc_multiply.o
 .data          0x65694000        0x0 build/x86_Release/x86-Windows/pmc_parse.o
 .data          0x65694000        0x0 build/x86_Release/x86-Windows/pmc_shift.o
 .data          0x65694000        0x0 build/x86_Release/x86-Windows/pmc_statistics.o
 .data          0x65694000        0x0 build/x86_Release/x86-Windows/pmc_subtruct.o
 .data          0x65694000        0x0 build/x86_Release/x86-Windows/pmc_to.o
 .data          0x65694000       0x80 build/x86_Release/x86-Windows/pmc_tostring.o
 .data          0x65694080        0x0 C:/GNU/MINGW64/i686-8.1.0-win32-dwarf-rt_v6-rev0/mingw32/bin/../lib/gcc/i686-w64-mingw32/8.1.0/../../../../i686-w64-mingw32/lib/../lib/libkernel32.a(dgzcs01342.o)
 .data          0x65694080        0x0 C:/GNU/MINGW64/i686-8.1.0-win32-dwarf-rt_v6-rev0/mingw32/bin/../lib/gcc/i686-w64-mingw32/8.1.0/../../../../i686-w64-mingw32/lib/../lib/libkernel32.a(dgzcs01336.o)
 .data          0x65694080        0x0 C:/GNU/MINGW64/i686-8.1.0-win32-dwarf-rt_v6-rev0/mingw32/bin/../lib/gcc/i686-w64-mingw32/8.1.0/../../../../i686-w64-mingw32/lib/../lib/libkernel32.a(dgzcs01335.o)
 .data          0x65694080        0x0 C:/GNU/MINGW64/i686-8.1.0-win32-dwarf-rt_v6-rev0/mingw32/bin/../lib/gcc/i686-w64-mingw32/8.1.0/../../../../i686-w64-mingw32/lib/../lib/libkernel32.a(dgzcs01330.o)
 .data          0x65694080        0x0 C:/GNU/MINGW64/i686-8.1.0-win32-dwarf-rt_v6-rev0/mingw32/bin/../lib/gcc/i686-w64-mingw32/8.1.0/../../../../i686-w64-mingw32/lib/../lib/libkernel32.a(dgzcs00729.o)
 .data          0x65694080        0x0 C:/GNU/MINGW64/i686-8.1.0-win32-dwarf-rt_v6-rev0/mingw32/bin/../lib/gcc/i686-w64-mingw32/8.1.0/../../../../i686-w64-mingw32/lib/../lib/libkernel32.a(dgzcs00727.o)
 .data          0x65694080        0x0 C:/GNU/MINGW64/i686-8.1.0-win32-dwarf-rt_v6-rev0/mingw32/bin/../lib/gcc/i686-w64-mingw32/8.1.0/../../../../i686-w64-mingw32/lib/../lib/libkernel32.a(dgzcs00725.o)
 .data          0x65694080        0x0 C:/GNU/MINGW64/i686-8.1.0-win32-dwarf-rt_v6-rev0/mingw32/bin/../lib/gcc/i686-w64-mingw32/8.1.0/../../../../i686-w64-mingw32/lib/../lib/libkernel32.a(dgzcs00723.o)
 .data          0x65694080        0x0 C:/GNU/MINGW64/i686-8.1.0-win32-dwarf-rt_v6-rev0/mingw32/bin/../lib/gcc/i686-w64-mingw32/8.1.0/../../../../i686-w64-mingw32/lib/../lib/libkernel32.a(dgzch.o)
 .data          0x65694080        0x0 C:/GNU/MINGW64/i686-8.1.0-win32-dwarf-rt_v6-rev0/mingw32/bin/../lib/gcc/i686-w64-mingw32/8.1.0/../../../../i686-w64-mingw32/lib/../lib/libkernel32.a(dgzct.o)
 .data          0x65694080        0x0 C:/GNU/MINGW64/i686-8.1.0-win32-dwarf-rt_v6-rev0/mingw32/bin/../lib/gcc/i686-w64-mingw32/8.1.0/../../../../i686-w64-mingw32/lib/../lib/libuser32.a(dmces00911.o)
 .data          0x65694080        0x0 C:/GNU/MINGW64/i686-8.1.0-win32-dwarf-rt_v6-rev0/mingw32/bin/../lib/gcc/i686-w64-mingw32/8.1.0/../../../../i686-w64-mingw32/lib/../lib/libuser32.a(dmceh.o)
 .data          0x65694080        0x0 C:/GNU/MINGW64/i686-8.1.0-win32-dwarf-rt_v6-rev0/mingw32/bin/../lib/gcc/i686-w64-mingw32/8.1.0/../../../../i686-w64-mingw32/lib/../lib/libuser32.a(dmcet.o)
 *(.data2)
 *(SORT_BY_NAME(.data$*))
 *(.jcr)
                0x65694080                __data_end__ = .
 *(.data_cygwin_nocopy)

.rdata          0x65695000     0x2a00
 *(.rdata)
 .rdata         0x65695000       0x54 build/x86_Release/x86-Windows/CALC_divrem_critical.o
 .rdata         0x65695054      0x19c build/x86_Release/x86-Windows/TEST_op_Add.o
 .rdata         0x656951f0      0x1bc build/x86_Release/x86-Windows/TEST_op_BitwiseAnd.o
 .rdata         0x656953ac      0x1bc build/x86_Release/x86-Windows/TEST_op_BitwiseOr.o
 .rdata         0x65695568      0x178 build/x86_Release/x86-Windows/TEST_op_Compare.o
 .rdata         0x656956e0      0x1bc build/x86_Release/x86-Windows/TEST_op_DivRem.o
 .rdata         0x6569589c      0x168 build/x86_Release/x86-Windows/TEST_op_Equals.o
 .rdata         0x65695a04      0x1cc build/x86_Release/x86-Windows/TEST_op_ExclusiveOr.o
 .rdata         0x65695bd0      0x1a4 build/x86_Release/x86-Windows/TEST_op_From_To.o
 .rdata         0x65695d74      0x1b8 build/x86_Release/x86-Windows/TEST_op_Multiply.o
 .rdata         0x65695f2c       0xe0 build/x86_Release/x86-Windows/TEST_op_ParseDN.o
 .rdata         0x6569600c       0xcc build/x86_Release/x86-Windows/TEST_op_ParseX.o
 .rdata         0x656960d8      0x15c build/x86_Release/x86-Windows/TEST_op_Shift.o
 .rdata         0x65696234      0x1b8 build/x86_Release/x86-Windows/TEST_op_Subtruct.o
 .rdata         0x656963ec       0xcc build/x86_Release/x86-Windows/TEST_op_ToStringD.o
 .rdata         0x656964b8       0xc4 build/x86_Release/x86-Windows/TEST_op_ToStringN.o
 .rdata         0x6569657c       0xcc build/x86_Release/x86-Windows/TEST_op_ToStringX.o
 .rdata         0x65696648       0x2c build/x86_Release/x86-Windows/debug.o
 .rdata         0x65696674      0x8ac build/x86_Release/x86-Windows/pmc_parse.o
 .rdata         0x65696f20      0x100 build/x86_Release/x86-Windows/pmc_tostring.o
 *(SORT_BY_NAME(.rdata$*))
 .rdata$zzz     0x65697020       0x40 build/x86_Release/x86-Windows/CALC_divrem_critical.o
 .rdata$zzz     0x65697060       0x40 build/x86_Release/x86-Windows/TEST_autogenerated.o
 .rdata$zzz     0x656970a0       0x40 build/x86_Release/x86-Windows/TEST_op_Add.o
 .rdata$zzz     0x656970e0       0x40 build/x86_Release/x86-Windows/TEST_op_BitwiseAnd.o
 .rdata$zzz     0x65697120       0x40 build/x86_Release/x86-Windows/TEST_op_BitwiseOr.o
 .rdata$zzz     0x65697160       0x40 build/x86_Release/x86-Windows/TEST_op_Compare.o
 .rdata$zzz     0x656971a0       0x40 build/x86_Release/x86-Windows/TEST_op_DivRem.o
 .rdata$zzz     0x656971e0       0x40 build/x86_Release/x86-Windows/TEST_op_Equals.o
 .rdata$zzz     0x65697220       0x40 build/x86_Release/x86-Windows/TEST_op_ExclusiveOr.o
 .rdata$zzz     0x65697260       0x40 build/x86_Release/x86-Windows/TEST_op_From_To.o
 .rdata$zzz     0x656972a0       0x40 build/x86_Release/x86-Windows/TEST_op_Multiply.o
 .rdata$zzz     0x656972e0       0x40 build/x86_Release/x86-Windows/TEST_op_ParseDN.o
 .rdata$zzz     0x65697320       0x40 build/x86_Release/x86-Windows/TEST_op_ParseX.o
 .rdata$zzz     0x65697360       0x40 build/x86_Release/x86-Windows/TEST_op_Shift.o
 .rdata$zzz     0x656973a0       0x40 build/x86_Release/x86-Windows/TEST_op_Subtruct.o
 .rdata$zzz     0x656973e0       0x40 build/x86_Release/x86-Windows/TEST_op_ToStringD.o
 .rdata$zzz     0x65697420       0x40 build/x86_Release/x86-Windows/TEST_op_ToStringN.o
 .rdata$zzz     0x65697460       0x40 build/x86_Release/x86-Windows/TEST_op_ToStringX.o
 .rdata$zzz     0x656974a0       0x40 build/x86_Release/x86-Windows/cpuid.o
 .rdata$zzz     0x656974e0       0x40 build/x86_Release/x86-Windows/debug.o
 .rdata$zzz     0x65697520       0x40 build/x86_Release/x86-Windows/dllmain.o
 .rdata$zzz     0x65697560       0x40 build/x86_Release/x86-Windows/memory.o
 .rdata$zzz     0x656975a0       0x40 build/x86_Release/x86-Windows/pmc_add.o
 .rdata$zzz     0x656975e0       0x40 build/x86_Release/x86-Windows/pmc_bitwiseand.o
 .rdata$zzz     0x65697620       0x40 build/x86_Release/x86-Windows/pmc_bitwiseor.o
 .rdata$zzz     0x65697660       0x40 build/x86_Release/x86-Windows/pmc_compare.o
 .rdata$zzz     0x656976a0       0x40 build/x86_Release/x86-Windows/pmc_divrem.o
 .rdata$zzz     0x656976e0       0x40 build/x86_Release/x86-Windows/pmc_equals.o
 .rdata$zzz     0x65697720       0x40 build/x86_Release/x86-Windows/pmc_exclusiveor.o
 .rdata$zzz     0x65697760       0x40 build/x86_Release/x86-Windows/pmc_from.o
 .rdata$zzz     0x656977a0       0x40 build/x86_Release/x86-Windows/pmc_initialize.o
 .rdata$zzz     0x656977e0       0x40 build/x86_Release/x86-Windows/pmc_multiply.o
 .rdata$zzz     0x65697820       0x40 build/x86_Release/x86-Windows/pmc_parse.o
 .rdata$zzz     0x65697860       0x40 build/x86_Release/x86-Windows/pmc_shift.o
 .rdata$zzz     0x656978a0       0x40 build/x86_Release/x86-Windows/pmc_statistics.o
 .rdata$zzz     0x656978e0       0x40 build/x86_Release/x86-Windows/pmc_subtruct.o
 .rdata$zzz     0x65697920       0x40 build/x86_Release/x86-Windows/pmc_to.o
 .rdata$zzz     0x65697960       0x40 build/x86_Release/x86-Windows/pmc_tostring.o
                0x656979a0                __rt_psrelocs_start = .
 *(.rdata_runtime_pseudo_reloc)
                0x656979a0                __rt_psrelocs_end = .
                0x00000000                __rt_psrelocs_size = (__rt_psrelocs_end - __rt_psrelocs_start)
                0x656979a0                ___RUNTIME_PSEUDO_RELOC_LIST_END__ = .
                0x656979a0                __RUNTIME_PSEUDO_RELOC_LIST_END__ = .
                0x656979a0                ___RUNTIME_PSEUDO_RELOC_LIST__ = (. - __rt_psrelocs_size)
                0x656979a0                __RUNTIME_PSEUDO_RELOC_LIST__ = (. - __rt_psrelocs_size)

.eh_frame       0x65698000     0x2e00
 *(.eh_frame*)
 .eh_frame      0x65698000       0x58 build/x86_Release/x86-Windows/CALC_divrem_critical.o
 .eh_frame      0x65698058      0x16c build/x86_Release/x86-Windows/TEST_op_Add.o
 .eh_frame      0x656981c4      0x134 build/x86_Release/x86-Windows/TEST_op_BitwiseAnd.o
 .eh_frame      0x656982f8      0x16c build/x86_Release/x86-Windows/TEST_op_BitwiseOr.o
 .eh_frame      0x65698464      0x114 build/x86_Release/x86-Windows/TEST_op_Compare.o
 .eh_frame      0x65698578      0x17c build/x86_Release/x86-Windows/TEST_op_DivRem.o
 .eh_frame      0x656986f4      0x114 build/x86_Release/x86-Windows/TEST_op_Equals.o
 .eh_frame      0x65698808      0x16c build/x86_Release/x86-Windows/TEST_op_ExclusiveOr.o
 .eh_frame      0x65698974      0x178 build/x86_Release/x86-Windows/TEST_op_From_To.o
 .eh_frame      0x65698aec      0x16c build/x86_Release/x86-Windows/TEST_op_Multiply.o
 .eh_frame      0x65698c58       0xf8 build/x86_Release/x86-Windows/TEST_op_ParseDN.o
 .eh_frame      0x65698d50       0x88 build/x86_Release/x86-Windows/TEST_op_ParseX.o
 .eh_frame      0x65698dd8      0x118 build/x86_Release/x86-Windows/TEST_op_Shift.o
 .eh_frame      0x65698ef0      0x16c build/x86_Release/x86-Windows/TEST_op_Subtruct.o
 .eh_frame      0x6569905c       0x98 build/x86_Release/x86-Windows/TEST_op_ToStringD.o
 .eh_frame      0x656990f4       0x98 build/x86_Release/x86-Windows/TEST_op_ToStringN.o
 .eh_frame      0x6569918c       0x98 build/x86_Release/x86-Windows/TEST_op_ToStringX.o
 .eh_frame      0x65699224       0x50 build/x86_Release/x86-Windows/cpuid.o
 .eh_frame      0x65699274       0x7c build/x86_Release/x86-Windows/debug.o
 .eh_frame      0x656992f0       0x3c build/x86_Release/x86-Windows/dllmain.o
 .eh_frame      0x6569932c      0x2d8 build/x86_Release/x86-Windows/memory.o
 .eh_frame      0x65699604      0x224 build/x86_Release/x86-Windows/pmc_add.o
 .eh_frame      0x65699828      0x114 build/x86_Release/x86-Windows/pmc_bitwiseand.o
 .eh_frame      0x6569993c      0x148 build/x86_Release/x86-Windows/pmc_bitwiseor.o
 .eh_frame      0x65699a84      0x18c build/x86_Release/x86-Windows/pmc_compare.o
 .eh_frame      0x65699c10      0x2c4 build/x86_Release/x86-Windows/pmc_divrem.o
 .eh_frame      0x65699ed4      0x13c build/x86_Release/x86-Windows/pmc_equals.o
 .eh_frame      0x6569a010      0x148 build/x86_Release/x86-Windows/pmc_exclusiveor.o
 .eh_frame      0x6569a158      0x128 build/x86_Release/x86-Windows/pmc_from.o
 .eh_frame      0x6569a280       0x3c build/x86_Release/x86-Windows/pmc_initialize.o
 .eh_frame      0x6569a2bc      0x2a0 build/x86_Release/x86-Windows/pmc_multiply.o
 .eh_frame      0x6569a55c      0x240 build/x86_Release/x86-Windows/pmc_parse.o
 .eh_frame      0x6569a79c      0x190 build/x86_Release/x86-Windows/pmc_shift.o
 .eh_frame      0x6569a92c       0x2c build/x86_Release/x86-Windows/pmc_statistics.o
 .eh_frame      0x6569a958      0x188 build/x86_Release/x86-Windows/pmc_subtruct.o
 .eh_frame      0x6569aae0       0xdc build/x86_Release/x86-Windows/pmc_to.o
 .eh_frame      0x6569abbc      0x1e0 build/x86_Release/x86-Windows/pmc_tostring.o

.pdata
 *(.pdata*)

.bss            0x6569b000     0x6754
                0x6569b000                __bss_start__ = .
 *(.bss)
 .bss           0x6569b000        0x0 build/x86_Release/x86-Windows/CALC_divrem_critical.o
 .bss           0x6569b000        0x0 build/x86_Release/x86-Windows/TEST_autogenerated.o
 .bss           0x6569b000        0x0 build/x86_Release/x86-Windows/TEST_op_Add.o
 .bss           0x6569b000        0x0 build/x86_Release/x86-Windows/TEST_op_BitwiseAnd.o
 .bss           0x6569b000        0x0 build/x86_Release/x86-Windows/TEST_op_BitwiseOr.o
 .bss           0x6569b000        0x0 build/x86_Release/x86-Windows/TEST_op_Compare.o
 .bss           0x6569b000        0x0 build/x86_Release/x86-Windows/TEST_op_DivRem.o
 .bss           0x6569b000        0x0 build/x86_Release/x86-Windows/TEST_op_Equals.o
 .bss           0x6569b000        0x0 build/x86_Release/x86-Windows/TEST_op_ExclusiveOr.o
 .bss           0x6569b000        0x0 build/x86_Release/x86-Windows/TEST_op_From_To.o
 .bss           0x6569b000        0x0 build/x86_Release/x86-Windows/TEST_op_Multiply.o
 .bss           0x6569b000      0x240 build/x86_Release/x86-Windows/TEST_op_ParseDN.o
 .bss           0x6569b240      0x120 build/x86_Release/x86-Windows/TEST_op_ParseX.o
 .bss           0x6569b360        0x0 build/x86_Release/x86-Windows/TEST_op_Shift.o
 .bss           0x6569b360        0x0 build/x86_Release/x86-Windows/TEST_op_Subtruct.o
 .bss           0x6569b360     0x2000 build/x86_Release/x86-Windows/TEST_op_ToStringD.o
 .bss           0x6569d360     0x2000 build/x86_Release/x86-Windows/TEST_op_ToStringN.o
 .bss           0x6569f360     0x2000 build/x86_Release/x86-Windows/TEST_op_ToStringX.o
 .bss           0x656a1360        0x0 build/x86_Release/x86-Windows/cpuid.o
 .bss           0x656a1360      0x220 build/x86_Release/x86-Windows/debug.o
                0x656a1360                test_ok_count
                0x656a1364                test_total_count
 .bss           0x656a1580        0x0 build/x86_Release/x86-Windows/dllmain.o
 .bss           0x656a1580        0x0 build/x86_Release/x86-Windows/memory.o
 .bss           0x656a1580        0x4 build/x86_Release/x86-Windows/pmc_add.o
 .bss           0x656a1584        0x0 build/x86_Release/x86-Windows/pmc_bitwiseand.o
 .bss           0x656a1584        0x0 build/x86_Release/x86-Windows/pmc_bitwiseor.o
 .bss           0x656a1584        0x0 build/x86_Release/x86-Windows/pmc_compare.o
 .bss           0x656a1584        0x4 build/x86_Release/x86-Windows/pmc_divrem.o
 .bss           0x656a1588        0x0 build/x86_Release/x86-Windows/pmc_equals.o
 .bss           0x656a1588        0x0 build/x86_Release/x86-Windows/pmc_exclusiveor.o
 .bss           0x656a1588        0x0 build/x86_Release/x86-Windows/pmc_from.o
 *fill*         0x656a1588       0x18 
 .bss           0x656a15a0       0xc0 build/x86_Release/x86-Windows/pmc_initialize.o
 .bss           0x656a1660        0xc build/x86_Release/x86-Windows/pmc_multiply.o
 *fill*         0x656a166c       0x14 
 .bss           0x656a1680       0x60 build/x86_Release/x86-Windows/pmc_parse.o
 .bss           0x656a16e0        0x0 build/x86_Release/x86-Windows/pmc_shift.o
 .bss           0x656a16e0        0x0 build/x86_Release/x86-Windows/pmc_statistics.o
 .bss           0x656a16e0        0x0 build/x86_Release/x86-Windows/pmc_subtruct.o
 .bss           0x656a16e0        0x0 build/x86_Release/x86-Windows/pmc_to.o
 .bss           0x656a16e0       0x40 build/x86_Release/x86-Windows/pmc_tostring.o
 .bss           0x656a1720        0x0 C:/GNU/MINGW64/i686-8.1.0-win32-dwarf-rt_v6-rev0/mingw32/bin/../lib/gcc/i686-w64-mingw32/8.1.0/../../../../i686-w64-mingw32/lib/../lib/libkernel32.a(dgzcs01342.o)
 .bss           0x656a1720        0x0 C:/GNU/MINGW64/i686-8.1.0-win32-dwarf-rt_v6-rev0/mingw32/bin/../lib/gcc/i686-w64-mingw32/8.1.0/../../../../i686-w64-mingw32/lib/../lib/libkernel32.a(dgzcs01336.o)
 .bss           0x656a1720        0x0 C:/GNU/MINGW64/i686-8.1.0-win32-dwarf-rt_v6-rev0/mingw32/bin/../lib/gcc/i686-w64-mingw32/8.1.0/../../../../i686-w64-mingw32/lib/../lib/libkernel32.a(dgzcs01335.o)
 .bss           0x656a1720        0x0 C:/GNU/MINGW64/i686-8.1.0-win32-dwarf-rt_v6-rev0/mingw32/bin/../lib/gcc/i686-w64-mingw32/8.1.0/../../../../i686-w64-mingw32/lib/../lib/libkernel32.a(dgzcs01330.o)
 .bss           0x656a1720        0x0 C:/GNU/MINGW64/i686-8.1.0-win32-dwarf-rt_v6-rev0/mingw32/bin/../lib/gcc/i686-w64-mingw32/8.1.0/../../../../i686-w64-mingw32/lib/../lib/libkernel32.a(dgzcs00729.o)
 .bss           0x656a1720        0x0 C:/GNU/MINGW64/i686-8.1.0-win32-dwarf-rt_v6-rev0/mingw32/bin/../lib/gcc/i686-w64-mingw32/8.1.0/../../../../i686-w64-mingw32/lib/../lib/libkernel32.a(dgzcs00727.o)
 .bss           0x656a1720        0x0 C:/GNU/MINGW64/i686-8.1.0-win32-dwarf-rt_v6-rev0/mingw32/bin/../lib/gcc/i686-w64-mingw32/8.1.0/../../../../i686-w64-mingw32/lib/../lib/libkernel32.a(dgzcs00725.o)
 .bss           0x656a1720        0x0 C:/GNU/MINGW64/i686-8.1.0-win32-dwarf-rt_v6-rev0/mingw32/bin/../lib/gcc/i686-w64-mingw32/8.1.0/../../../../i686-w64-mingw32/lib/../lib/libkernel32.a(dgzcs00723.o)
 .bss           0x656a1720        0x0 C:/GNU/MINGW64/i686-8.1.0-win32-dwarf-rt_v6-rev0/mingw32/bin/../lib/gcc/i686-w64-mingw32/8.1.0/../../../../i686-w64-mingw32/lib/../lib/libkernel32.a(dgzch.o)
 .bss           0x656a1720        0x0 C:/GNU/MINGW64/i686-8.1.0-win32-dwarf-rt_v6-rev0/mingw32/bin/../lib/gcc/i686-w64-mingw32/8.1.0/../../../../i686-w64-mingw32/lib/../lib/libkernel32.a(dgzct.o)
 .bss           0x656a1720        0x0 C:/GNU/MINGW64/i686-8.1.0-win32-dwarf-rt_v6-rev0/mingw32/bin/../lib/gcc/i686-w64-mingw32/8.1.0/../../../../i686-w64-mingw32/lib/../lib/libuser32.a(dmces00911.o)
 .bss           0x656a1720        0x0 C:/GNU/MINGW64/i686-8.1.0-win32-dwarf-rt_v6-rev0/mingw32/bin/../lib/gcc/i686-w64-mingw32/8.1.0/../../../../i686-w64-mingw32/lib/../lib/libuser32.a(dmceh.o)
 .bss           0x656a1720        0x0 C:/GNU/MINGW64/i686-8.1.0-win32-dwarf-rt_v6-rev0/mingw32/bin/../lib/gcc/i686-w64-mingw32/8.1.0/../../../../i686-w64-mingw32/lib/../lib/libuser32.a(dmcet.o)
 *(COMMON)
 COMMON         0x656a1720       0x20 build/x86_Release/x86-Windows/memory.o
                0x656a1720                number_zero
                0x656a173c                hLocalHeap
 COMMON         0x656a1740        0x4 build/x86_Release/x86-Windows/pmc_initialize.o
                0x656a1740                configuration_info
 COMMON         0x656a1744       0x10 build/x86_Release/x86-Windows/pmc_statistics.o
                0x656a1744                statistics_info
                0x656a1754                __bss_end__ = .

.edata          0x656a2000      0x200
 *(.edata)
 .edata         0x656a2000       0x79 dll stuff

/DISCARD/
 *(.debug$S)
 *(.debug$T)
 *(.debug$F)
 *(.drectve)
 *(.note.GNU-stack)
 *(.gnu.lto_*)

.idata          0x656a3000      0x200
 SORT_BY_NAME(*)(.idata$2)
 .idata$2       0x656a3000       0x14 C:/GNU/MINGW64/i686-8.1.0-win32-dwarf-rt_v6-rev0/mingw32/bin/../lib/gcc/i686-w64-mingw32/8.1.0/../../../../i686-w64-mingw32/lib/../lib/libkernel32.a(dgzch.o)
                0x656a3000                _head_lib32_libkernel32_a
 .idata$2       0x656a3014       0x14 C:/GNU/MINGW64/i686-8.1.0-win32-dwarf-rt_v6-rev0/mingw32/bin/../lib/gcc/i686-w64-mingw32/8.1.0/../../../../i686-w64-mingw32/lib/../lib/libuser32.a(dmceh.o)
                0x656a3014                _head_lib32_libuser32_a
 SORT_BY_NAME(*)(.idata$3)
                0x656a3028        0x4 LONG 0x0
                0x656a302c        0x4 LONG 0x0
                0x656a3030        0x4 LONG 0x0
                0x656a3034        0x4 LONG 0x0
                0x656a3038        0x4 LONG 0x0
 SORT_BY_NAME(*)(.idata$4)
 .idata$4       0x656a303c        0x0 C:/GNU/MINGW64/i686-8.1.0-win32-dwarf-rt_v6-rev0/mingw32/bin/../lib/gcc/i686-w64-mingw32/8.1.0/../../../../i686-w64-mingw32/lib/../lib/libkernel32.a(dgzch.o)
 .idata$4       0x656a303c        0x4 C:/GNU/MINGW64/i686-8.1.0-win32-dwarf-rt_v6-rev0/mingw32/bin/../lib/gcc/i686-w64-mingw32/8.1.0/../../../../i686-w64-mingw32/lib/../lib/libkernel32.a(dgzcs00723.o)
 .idata$4       0x656a3040        0x4 C:/GNU/MINGW64/i686-8.1.0-win32-dwarf-rt_v6-rev0/mingw32/bin/../lib/gcc/i686-w64-mingw32/8.1.0/../../../../i686-w64-mingw32/lib/../lib/libkernel32.a(dgzcs00725.o)
 .idata$4       0x656a3044        0x4 C:/GNU/MINGW64/i686-8.1.0-win32-dwarf-rt_v6-rev0/mingw32/bin/../lib/gcc/i686-w64-mingw32/8.1.0/../../../../i686-w64-mingw32/lib/../lib/libkernel32.a(dgzcs00727.o)
 .idata$4       0x656a3048        0x4 C:/GNU/MINGW64/i686-8.1.0-win32-dwarf-rt_v6-rev0/mingw32/bin/../lib/gcc/i686-w64-mingw32/8.1.0/../../../../i686-w64-mingw32/lib/../lib/libkernel32.a(dgzcs00729.o)
 .idata$4       0x656a304c        0x4 C:/GNU/MINGW64/i686-8.1.0-win32-dwarf-rt_v6-rev0/mingw32/bin/../lib/gcc/i686-w64-mingw32/8.1.0/../../../../i686-w64-mingw32/lib/../lib/libkernel32.a(dgzcs01330.o)
 .idata$4       0x656a3050        0x4 C:/GNU/MINGW64/i686-8.1.0-win32-dwarf-rt_v6-rev0/mingw32/bin/../lib/gcc/i686-w64-mingw32/8.1.0/../../../../i686-w64-mingw32/lib/../lib/libkernel32.a(dgzcs01335.o)
 .idata$4       0x656a3054        0x4 C:/GNU/MINGW64/i686-8.1.0-win32-dwarf-rt_v6-rev0/mingw32/bin/../lib/gcc/i686-w64-mingw32/8.1.0/../../../../i686-w64-mingw32/lib/../lib/libkernel32.a(dgzcs01336.o)
 .idata$4       0x656a3058        0x4 C:/GNU/MINGW64/i686-8.1.0-win32-dwarf-rt_v6-rev0/mingw32/bin/../lib/gcc/i686-w64-mingw32/8.1.0/../../../../i686-w64-mingw32/lib/../lib/libkernel32.a(dgzcs01342.o)
 .idata$4       0x656a305c        0x4 C:/GNU/MINGW64/i686-8.1.0-win32-dwarf-rt_v6-rev0/mingw32/bin/../lib/gcc/i686-w64-mingw32/8.1.0/../../../../i686-w64-mingw32/lib/../lib/libkernel32.a(dgzct.o)
 .idata$4       0x656a3060        0x0 C:/GNU/MINGW64/i686-8.1.0-win32-dwarf-rt_v6-rev0/mingw32/bin/../lib/gcc/i686-w64-mingw32/8.1.0/../../../../i686-w64-mingw32/lib/../lib/libuser32.a(dmceh.o)
 .idata$4       0x656a3060        0x4 C:/GNU/MINGW64/i686-8.1.0-win32-dwarf-rt_v6-rev0/mingw32/bin/../lib/gcc/i686-w64-mingw32/8.1.0/../../../../i686-w64-mingw32/lib/../lib/libuser32.a(dmces00911.o)
 .idata$4       0x656a3064        0x4 C:/GNU/MINGW64/i686-8.1.0-win32-dwarf-rt_v6-rev0/mingw32/bin/../lib/gcc/i686-w64-mingw32/8.1.0/../../../../i686-w64-mingw32/lib/../lib/libuser32.a(dmcet.o)
                0x656a3068                __IAT_start__ = .
 SORT_BY_NAME(*)(.idata$5)
 .idata$5       0x656a3068        0x0 C:/GNU/MINGW64/i686-8.1.0-win32-dwarf-rt_v6-rev0/mingw32/bin/../lib/gcc/i686-w64-mingw32/8.1.0/../../../../i686-w64-mingw32/lib/../lib/libkernel32.a(dgzch.o)
 .idata$5       0x656a3068        0x4 C:/GNU/MINGW64/i686-8.1.0-win32-dwarf-rt_v6-rev0/mingw32/bin/../lib/gcc/i686-w64-mingw32/8.1.0/../../../../i686-w64-mingw32/lib/../lib/libkernel32.a(dgzcs00723.o)
                0x656a3068                _imp__HeapAlloc@12
 .idata$5       0x656a306c        0x4 C:/GNU/MINGW64/i686-8.1.0-win32-dwarf-rt_v6-rev0/mingw32/bin/../lib/gcc/i686-w64-mingw32/8.1.0/../../../../i686-w64-mingw32/lib/../lib/libkernel32.a(dgzcs00725.o)
                0x656a306c                _imp__HeapCreate@12
 .idata$5       0x656a3070        0x4 C:/GNU/MINGW64/i686-8.1.0-win32-dwarf-rt_v6-rev0/mingw32/bin/../lib/gcc/i686-w64-mingw32/8.1.0/../../../../i686-w64-mingw32/lib/../lib/libkernel32.a(dgzcs00727.o)
                0x656a3070                _imp__HeapDestroy@4
 .idata$5       0x656a3074        0x4 C:/GNU/MINGW64/i686-8.1.0-win32-dwarf-rt_v6-rev0/mingw32/bin/../lib/gcc/i686-w64-mingw32/8.1.0/../../../../i686-w64-mingw32/lib/../lib/libkernel32.a(dgzcs00729.o)
                0x656a3074                _imp__HeapFree@12
 .idata$5       0x656a3078        0x4 C:/GNU/MINGW64/i686-8.1.0-win32-dwarf-rt_v6-rev0/mingw32/bin/../lib/gcc/i686-w64-mingw32/8.1.0/../../../../i686-w64-mingw32/lib/../lib/libkernel32.a(dgzcs01330.o)
                0x656a3078                _imp__lstrcmpW@8
 .idata$5       0x656a307c        0x4 C:/GNU/MINGW64/i686-8.1.0-win32-dwarf-rt_v6-rev0/mingw32/bin/../lib/gcc/i686-w64-mingw32/8.1.0/../../../../i686-w64-mingw32/lib/../lib/libkernel32.a(dgzcs01335.o)
                0x656a307c                _imp__lstrcpyA@8
 .idata$5       0x656a3080        0x4 C:/GNU/MINGW64/i686-8.1.0-win32-dwarf-rt_v6-rev0/mingw32/bin/../lib/gcc/i686-w64-mingw32/8.1.0/../../../../i686-w64-mingw32/lib/../lib/libkernel32.a(dgzcs01336.o)
                0x656a3080                _imp__lstrcpyW@8
 .idata$5       0x656a3084        0x4 C:/GNU/MINGW64/i686-8.1.0-win32-dwarf-rt_v6-rev0/mingw32/bin/../lib/gcc/i686-w64-mingw32/8.1.0/../../../../i686-w64-mingw32/lib/../lib/libkernel32.a(dgzcs01342.o)
                0x656a3084                _imp__lstrlenW@4
 .idata$5       0x656a3088        0x4 C:/GNU/MINGW64/i686-8.1.0-win32-dwarf-rt_v6-rev0/mingw32/bin/../lib/gcc/i686-w64-mingw32/8.1.0/../../../../i686-w64-mingw32/lib/../lib/libkernel32.a(dgzct.o)
 .idata$5       0x656a308c        0x0 C:/GNU/MINGW64/i686-8.1.0-win32-dwarf-rt_v6-rev0/mingw32/bin/../lib/gcc/i686-w64-mingw32/8.1.0/../../../../i686-w64-mingw32/lib/../lib/libuser32.a(dmceh.o)
 .idata$5       0x656a308c        0x4 C:/GNU/MINGW64/i686-8.1.0-win32-dwarf-rt_v6-rev0/mingw32/bin/../lib/gcc/i686-w64-mingw32/8.1.0/../../../../i686-w64-mingw32/lib/../lib/libuser32.a(dmces00911.o)
                0x656a308c                _imp__wsprintfA
 .idata$5       0x656a3090        0x4 C:/GNU/MINGW64/i686-8.1.0-win32-dwarf-rt_v6-rev0/mingw32/bin/../lib/gcc/i686-w64-mingw32/8.1.0/../../../../i686-w64-mingw32/lib/../lib/libuser32.a(dmcet.o)
                0x656a3094                __IAT_end__ = .
 SORT_BY_NAME(*)(.idata$6)
 .idata$6       0x656a3094        0xc C:/GNU/MINGW64/i686-8.1.0-win32-dwarf-rt_v6-rev0/mingw32/bin/../lib/gcc/i686-w64-mingw32/8.1.0/../../../../i686-w64-mingw32/lib/../lib/libkernel32.a(dgzcs00723.o)
 .idata$6       0x656a30a0        0xe C:/GNU/MINGW64/i686-8.1.0-win32-dwarf-rt_v6-rev0/mingw32/bin/../lib/gcc/i686-w64-mingw32/8.1.0/../../../../i686-w64-mingw32/lib/../lib/libkernel32.a(dgzcs00725.o)
 .idata$6       0x656a30ae        0xe C:/GNU/MINGW64/i686-8.1.0-win32-dwarf-rt_v6-rev0/mingw32/bin/../lib/gcc/i686-w64-mingw32/8.1.0/../../../../i686-w64-mingw32/lib/../lib/libkernel32.a(dgzcs00727.o)
 .idata$6       0x656a30bc        0xc C:/GNU/MINGW64/i686-8.1.0-win32-dwarf-rt_v6-rev0/mingw32/bin/../lib/gcc/i686-w64-mingw32/8.1.0/../../../../i686-w64-mingw32/lib/../lib/libkernel32.a(dgzcs00729.o)
 .idata$6       0x656a30c8        0xc C:/GNU/MINGW64/i686-8.1.0-win32-dwarf-rt_v6-rev0/mingw32/bin/../lib/gcc/i686-w64-mingw32/8.1.0/../../../../i686-w64-mingw32/lib/../lib/libkernel32.a(dgzcs01330.o)
 .idata$6       0x656a30d4        0xc C:/GNU/MINGW64/i686-8.1.0-win32-dwarf-rt_v6-rev0/mingw32/bin/../lib/gcc/i686-w64-mingw32/8.1.0/../../../../i686-w64-mingw32/lib/../lib/libkernel32.a(dgzcs01335.o)
 .idata$6       0x656a30e0        0xc C:/GNU/MINGW64/i686-8.1.0-win32-dwarf-rt_v6-rev0/mingw32/bin/../lib/gcc/i686-w64-mingw32/8.1.0/../../../../i686-w64-mingw32/lib/../lib/libkernel32.a(dgzcs01336.o)
 .idata$6       0x656a30ec        0xc C:/GNU/MINGW64/i686-8.1.0-win32-dwarf-rt_v6-rev0/mingw32/bin/../lib/gcc/i686-w64-mingw32/8.1.0/../../../../i686-w64-mingw32/lib/../lib/libkernel32.a(dgzcs01342.o)
 .idata$6       0x656a30f8        0xc C:/GNU/MINGW64/i686-8.1.0-win32-dwarf-rt_v6-rev0/mingw32/bin/../lib/gcc/i686-w64-mingw32/8.1.0/../../../../i686-w64-mingw32/lib/../lib/libuser32.a(dmces00911.o)
 SORT_BY_NAME(*)(.idata$7)
 .idata$7       0x656a3104        0x4 C:/GNU/MINGW64/i686-8.1.0-win32-dwarf-rt_v6-rev0/mingw32/bin/../lib/gcc/i686-w64-mingw32/8.1.0/../../../../i686-w64-mingw32/lib/../lib/libkernel32.a(dgzcs00723.o)
 .idata$7       0x656a3108        0x4 C:/GNU/MINGW64/i686-8.1.0-win32-dwarf-rt_v6-rev0/mingw32/bin/../lib/gcc/i686-w64-mingw32/8.1.0/../../../../i686-w64-mingw32/lib/../lib/libkernel32.a(dgzcs00725.o)
 .idata$7       0x656a310c        0x4 C:/GNU/MINGW64/i686-8.1.0-win32-dwarf-rt_v6-rev0/mingw32/bin/../lib/gcc/i686-w64-mingw32/8.1.0/../../../../i686-w64-mingw32/lib/../lib/libkernel32.a(dgzcs00727.o)
 .idata$7       0x656a3110        0x4 C:/GNU/MINGW64/i686-8.1.0-win32-dwarf-rt_v6-rev0/mingw32/bin/../lib/gcc/i686-w64-mingw32/8.1.0/../../../../i686-w64-mingw32/lib/../lib/libkernel32.a(dgzcs00729.o)
 .idata$7       0x656a3114        0x4 C:/GNU/MINGW64/i686-8.1.0-win32-dwarf-rt_v6-rev0/mingw32/bin/../lib/gcc/i686-w64-mingw32/8.1.0/../../../../i686-w64-mingw32/lib/../lib/libkernel32.a(dgzcs01330.o)
 .idata$7       0x656a3118        0x4 C:/GNU/MINGW64/i686-8.1.0-win32-dwarf-rt_v6-rev0/mingw32/bin/../lib/gcc/i686-w64-mingw32/8.1.0/../../../../i686-w64-mingw32/lib/../lib/libkernel32.a(dgzcs01335.o)
 .idata$7       0x656a311c        0x4 C:/GNU/MINGW64/i686-8.1.0-win32-dwarf-rt_v6-rev0/mingw32/bin/../lib/gcc/i686-w64-mingw32/8.1.0/../../../../i686-w64-mingw32/lib/../lib/libkernel32.a(dgzcs01336.o)
 .idata$7       0x656a3120        0x4 C:/GNU/MINGW64/i686-8.1.0-win32-dwarf-rt_v6-rev0/mingw32/bin/../lib/gcc/i686-w64-mingw32/8.1.0/../../../../i686-w64-mingw32/lib/../lib/libkernel32.a(dgzcs01342.o)
 .idata$7       0x656a3124       0x10 C:/GNU/MINGW64/i686-8.1.0-win32-dwarf-rt_v6-rev0/mingw32/bin/../lib/gcc/i686-w64-mingw32/8.1.0/../../../../i686-w64-mingw32/lib/../lib/libkernel32.a(dgzct.o)
                0x656a3124                _lib32_libkernel32_a_iname
 .idata$7       0x656a3134        0x4 C:/GNU/MINGW64/i686-8.1.0-win32-dwarf-rt_v6-rev0/mingw32/bin/../lib/gcc/i686-w64-mingw32/8.1.0/../../../../i686-w64-mingw32/lib/../lib/libuser32.a(dmces00911.o)
 .idata$7       0x656a3138        0xc C:/GNU/MINGW64/i686-8.1.0-win32-dwarf-rt_v6-rev0/mingw32/bin/../lib/gcc/i686-w64-mingw32/8.1.0/../../../../i686-w64-mingw32/lib/../lib/libuser32.a(dmcet.o)
                0x656a3138                _lib32_libuser32_a_iname

.CRT            0x656a4000        0x0
                0x656a4000                ___crt_xc_start__ = .
 *(SORT_BY_NAME(.CRT$XC*))
                0x656a4000                ___crt_xc_end__ = .
                0x656a4000                ___crt_xi_start__ = .
 *(SORT_BY_NAME(.CRT$XI*))
                0x656a4000                ___crt_xi_end__ = .
                0x656a4000                ___crt_xl_start__ = .
 *(SORT_BY_NAME(.CRT$XL*))
                0x656a4000                ___crt_xp_start__ = .
 *(SORT_BY_NAME(.CRT$XP*))
                0x656a4000                ___crt_xp_end__ = .
                0x656a4000                ___crt_xt_start__ = .
 *(SORT_BY_NAME(.CRT$XT*))
                0x656a4000                ___crt_xt_end__ = .

.tls            0x656a4000        0x0
                0x656a4000                ___tls_start__ = .
 *(.tls$AAA)
 *(.tls)
 *(.tls$)
 *(SORT_BY_NAME(.tls$*))
 *(.tls$ZZZ)
                0x656a4000                ___tls_end__ = .

.endjunk        0x656a4000        0x0
                [!provide]                PROVIDE (end = .)
                [!provide]                PROVIDE (_end = .)
                0x656a4000                __end__ = .

.rsrc
 *(.rsrc)
 *(.rsrc$*)

.reloc          0x656a4000      0xc00
 *(.reloc)
 .reloc         0x656a4000      0xa70 dll stuff

.stab
 *(.stab)

.stabstr
 *(.stabstr)

.debug_aranges
 *(.debug_aranges)

.zdebug_aranges
 *(.zdebug_aranges)

.debug_pubnames
 *(.debug_pubnames)

.zdebug_pubnames
 *(.zdebug_pubnames)

.debug_pubtypes
 *(.debug_pubtypes)

.zdebug_pubtypes
 *(.zdebug_pubtypes)

.debug_info
 *(.debug_info .gnu.linkonce.wi.*)

.zdebug_info
 *(.zdebug_info .zdebug.gnu.linkonce.wi.*)

.debug_abbrev
 *(.debug_abbrev)

.zdebug_abbrev
 *(.zdebug_abbrev)

.debug_line
 *(.debug_line)

.zdebug_line
 *(.zdebug_line)

.debug_frame
 *(.debug_frame*)

.zdebug_frame
 *(.zdebug_frame*)

.debug_str
 *(.debug_str)

.zdebug_str
 *(.zdebug_str)

.debug_loc
 *(.debug_loc)

.zdebug_loc
 *(.zdebug_loc)

.debug_macinfo
 *(.debug_macinfo)

.zdebug_macinfo
 *(.zdebug_macinfo)

.debug_weaknames
 *(.debug_weaknames)

.zdebug_weaknames
 *(.zdebug_weaknames)

.debug_funcnames
 *(.debug_funcnames)

.zdebug_funcnames
 *(.zdebug_funcnames)

.debug_typenames
 *(.debug_typenames)

.zdebug_typenames
 *(.zdebug_typenames)

.debug_varnames
 *(.debug_varnames)

.zdebug_varnames
 *(.zdebug_varnames)

.debug_macro
 *(.debug_macro)

.zdebug_macro
 *(.zdebug_macro)

.debug_ranges
 *(.debug_ranges)

.zdebug_ranges
 *(.zdebug_ranges)

.debug_types
 *(.debug_types .gnu.linkonce.wt.*)

.zdebug_types
 *(.zdebug_types .gnu.linkonce.wt.*)

.debug_gdb_scripts
 *(.debug_gdb_scripts)

.zdebug_gdb_scripts
 *(.zdebug_gdb_scripts)
OUTPUT(dist/x86_Release/x86-Windows/Palmtree.Math.Core.Implements.dll pei-i386)
LOAD dll stuff
