Archive member included to satisfy reference by file (symbol)

C:/GNU/MINGW64/i686-8.1.0-win32-dwarf-rt_v6-rev0/mingw32/bin/../lib/gcc/i686-w64-mingw32/8.1.0/../../../../i686-w64-mingw32/lib/../lib/libkernel32.a(dgzcs01342.o)
                              build/x86_Release/x86-Windows/pmc_parse.o (_imp__lstrlenW@4)
C:/GNU/MINGW64/i686-8.1.0-win32-dwarf-rt_v6-rev0/mingw32/bin/../lib/gcc/i686-w64-mingw32/8.1.0/../../../../i686-w64-mingw32/lib/../lib/libkernel32.a(dgzcs01336.o)
                              build/x86_Release/x86-Windows/pmc_parse.o (_imp__lstrcpyW@8)
C:/GNU/MINGW64/i686-8.1.0-win32-dwarf-rt_v6-rev0/mingw32/bin/../lib/gcc/i686-w64-mingw32/8.1.0/../../../../i686-w64-mingw32/lib/../lib/libkernel32.a(dgzcs01335.o)
                              build/x86_Release/x86-Windows/pmc_parse.o (_imp__lstrcpyA@8)
C:/GNU/MINGW64/i686-8.1.0-win32-dwarf-rt_v6-rev0/mingw32/bin/../lib/gcc/i686-w64-mingw32/8.1.0/../../../../i686-w64-mingw32/lib/../lib/libkernel32.a(dgzcs00729.o)
                              build/x86_Release/x86-Windows/memory.o (_imp__HeapFree@12)
C:/GNU/MINGW64/i686-8.1.0-win32-dwarf-rt_v6-rev0/mingw32/bin/../lib/gcc/i686-w64-mingw32/8.1.0/../../../../i686-w64-mingw32/lib/../lib/libkernel32.a(dgzcs00727.o)
                              build/x86_Release/x86-Windows/memory.o (_imp__HeapDestroy@4)
C:/GNU/MINGW64/i686-8.1.0-win32-dwarf-rt_v6-rev0/mingw32/bin/../lib/gcc/i686-w64-mingw32/8.1.0/../../../../i686-w64-mingw32/lib/../lib/libkernel32.a(dgzcs00725.o)
                              build/x86_Release/x86-Windows/memory.o (_imp__HeapCreate@12)
C:/GNU/MINGW64/i686-8.1.0-win32-dwarf-rt_v6-rev0/mingw32/bin/../lib/gcc/i686-w64-mingw32/8.1.0/../../../../i686-w64-mingw32/lib/../lib/libkernel32.a(dgzcs00723.o)
                              build/x86_Release/x86-Windows/memory.o (_imp__HeapAlloc@12)
C:/GNU/MINGW64/i686-8.1.0-win32-dwarf-rt_v6-rev0/mingw32/bin/../lib/gcc/i686-w64-mingw32/8.1.0/../../../../i686-w64-mingw32/lib/../lib/libkernel32.a(dgzch.o)
                              C:/GNU/MINGW64/i686-8.1.0-win32-dwarf-rt_v6-rev0/mingw32/bin/../lib/gcc/i686-w64-mingw32/8.1.0/../../../../i686-w64-mingw32/lib/../lib/libkernel32.a(dgzcs01342.o) (_head_lib32_libkernel32_a)
C:/GNU/MINGW64/i686-8.1.0-win32-dwarf-rt_v6-rev0/mingw32/bin/../lib/gcc/i686-w64-mingw32/8.1.0/../../../../i686-w64-mingw32/lib/../lib/libkernel32.a(dgzct.o)
                              C:/GNU/MINGW64/i686-8.1.0-win32-dwarf-rt_v6-rev0/mingw32/bin/../lib/gcc/i686-w64-mingw32/8.1.0/../../../../i686-w64-mingw32/lib/../lib/libkernel32.a(dgzch.o) (_lib32_libkernel32_a_iname)

Allocating common symbols
Common symbol       size              file

number_zero         0x1c              build/x86_Release/x86-Windows/memory.o
statistics_info     0x10              build/x86_Release/x86-Windows/pmc_statistics.o
hLocalHeap          0x4               build/x86_Release/x86-Windows/memory.o
configuration_info  0x4               build/x86_Release/x86-Windows/pmc_initialize.o

Discarded input sections

 .drectve       0x00000000       0x14 build/x86_Release/x86-Windows/debug.o
 .drectve       0x00000000       0x38 build/x86_Release/x86-Windows/memory.o
 .drectve       0x00000000       0x40 build/x86_Release/x86-Windows/pmc_initialize.o
 .drectve       0x00000000       0x20 build/x86_Release/x86-Windows/pmc_statistics.o
 .text          0x00000000        0x8 C:/GNU/MINGW64/i686-8.1.0-win32-dwarf-rt_v6-rev0/mingw32/bin/../lib/gcc/i686-w64-mingw32/8.1.0/../../../../i686-w64-mingw32/lib/../lib/libkernel32.a(dgzcs01342.o)
 .text          0x00000000        0x8 C:/GNU/MINGW64/i686-8.1.0-win32-dwarf-rt_v6-rev0/mingw32/bin/../lib/gcc/i686-w64-mingw32/8.1.0/../../../../i686-w64-mingw32/lib/../lib/libkernel32.a(dgzcs01336.o)
 .text          0x00000000        0x8 C:/GNU/MINGW64/i686-8.1.0-win32-dwarf-rt_v6-rev0/mingw32/bin/../lib/gcc/i686-w64-mingw32/8.1.0/../../../../i686-w64-mingw32/lib/../lib/libkernel32.a(dgzcs01335.o)
 .text          0x00000000        0x8 C:/GNU/MINGW64/i686-8.1.0-win32-dwarf-rt_v6-rev0/mingw32/bin/../lib/gcc/i686-w64-mingw32/8.1.0/../../../../i686-w64-mingw32/lib/../lib/libkernel32.a(dgzcs00729.o)
 .text          0x00000000        0x8 C:/GNU/MINGW64/i686-8.1.0-win32-dwarf-rt_v6-rev0/mingw32/bin/../lib/gcc/i686-w64-mingw32/8.1.0/../../../../i686-w64-mingw32/lib/../lib/libkernel32.a(dgzcs00727.o)
 .text          0x00000000        0x8 C:/GNU/MINGW64/i686-8.1.0-win32-dwarf-rt_v6-rev0/mingw32/bin/../lib/gcc/i686-w64-mingw32/8.1.0/../../../../i686-w64-mingw32/lib/../lib/libkernel32.a(dgzcs00725.o)
 .text          0x00000000        0x8 C:/GNU/MINGW64/i686-8.1.0-win32-dwarf-rt_v6-rev0/mingw32/bin/../lib/gcc/i686-w64-mingw32/8.1.0/../../../../i686-w64-mingw32/lib/../lib/libkernel32.a(dgzcs00723.o)

Memory Configuration

Name             Origin             Length             Attributes
*default*        0x00000000         0xffffffff

Linker script and memory map

                0x65680000                __image_base__ = 0x65680000
                0x00000000                __dll__ = 0x0
                0x65680000                ___ImageBase = 0x65680000
                0x00001000                __section_alignment__ = 0x1000
                0x00000200                __file_alignment__ = 0x200
                0x00000004                __major_os_version__ = 0x4
                0x00000000                __minor_os_version__ = 0x0
                0x00000001                __major_image_version__ = 0x1
                0x00000000                __minor_image_version__ = 0x0
                0x00000004                __major_subsystem_version__ = 0x4
                0x00000000                __minor_subsystem_version__ = 0x0
                0x00000002                __subsystem__ = 0x2
                0x00200000                __size_of_stack_reserve__ = 0x200000
                0x00001000                __size_of_stack_commit__ = 0x1000
                0x00100000                __size_of_heap_reserve__ = 0x100000
                0x00001000                __size_of_heap_commit__ = 0x1000
                0x00000000                __loader_flags__ = 0x0
                0x00000000                __dll_characteristics__ = 0x0
LOAD build/x86_Release/x86-Windows/CALC_divrem_critical.o
LOAD build/x86_Release/x86-Windows/TEST_autogenerated.o
LOAD build/x86_Release/x86-Windows/TEST_op_Add.o
LOAD build/x86_Release/x86-Windows/TEST_op_BitwiseAnd.o
LOAD build/x86_Release/x86-Windows/TEST_op_BitwiseOr.o
LOAD build/x86_Release/x86-Windows/TEST_op_Compare.o
LOAD build/x86_Release/x86-Windows/TEST_op_DivRem.o
LOAD build/x86_Release/x86-Windows/TEST_op_Equals.o
LOAD build/x86_Release/x86-Windows/TEST_op_ExclusiveOr.o
LOAD build/x86_Release/x86-Windows/TEST_op_From_To.o
LOAD build/x86_Release/x86-Windows/TEST_op_GreatestCommonDivisor.o
LOAD build/x86_Release/x86-Windows/TEST_op_Multiply.o
LOAD build/x86_Release/x86-Windows/TEST_op_ParseDN.o
LOAD build/x86_Release/x86-Windows/TEST_op_ParseX.o
LOAD build/x86_Release/x86-Windows/TEST_op_Pow.o
LOAD build/x86_Release/x86-Windows/TEST_op_Shift.o
LOAD build/x86_Release/x86-Windows/TEST_op_Subtruct.o
LOAD build/x86_Release/x86-Windows/TEST_op_ToStringD.o
LOAD build/x86_Release/x86-Windows/TEST_op_ToStringN.o
LOAD build/x86_Release/x86-Windows/TEST_op_ToStringX.o
LOAD build/x86_Release/x86-Windows/cpuid.o
LOAD build/x86_Release/x86-Windows/debug.o
LOAD build/x86_Release/x86-Windows/dllmain.o
LOAD build/x86_Release/x86-Windows/memory.o
LOAD build/x86_Release/x86-Windows/pmc_add.o
LOAD build/x86_Release/x86-Windows/pmc_bitwiseand.o
LOAD build/x86_Release/x86-Windows/pmc_bitwiseor.o
LOAD build/x86_Release/x86-Windows/pmc_compare.o
LOAD build/x86_Release/x86-Windows/pmc_divrem.o
LOAD build/x86_Release/x86-Windows/pmc_equals.o
LOAD build/x86_Release/x86-Windows/pmc_exclusiveor.o
LOAD build/x86_Release/x86-Windows/pmc_from.o
LOAD build/x86_Release/x86-Windows/pmc_greatestcommondivisor.o
LOAD build/x86_Release/x86-Windows/pmc_initialize.o
LOAD build/x86_Release/x86-Windows/pmc_multiply.o
LOAD build/x86_Release/x86-Windows/pmc_parse.o
LOAD build/x86_Release/x86-Windows/pmc_pow.o
LOAD build/x86_Release/x86-Windows/pmc_shift.o
LOAD build/x86_Release/x86-Windows/pmc_statistics.o
LOAD build/x86_Release/x86-Windows/pmc_subtruct.o
LOAD build/x86_Release/x86-Windows/pmc_to.o
LOAD build/x86_Release/x86-Windows/pmc_tostring.o
LOAD C:/GNU/MINGW64/i686-8.1.0-win32-dwarf-rt_v6-rev0/mingw32/bin/../lib/gcc/i686-w64-mingw32/8.1.0/../../../../i686-w64-mingw32/lib/../lib/libkernel32.a
LOAD C:/GNU/MINGW64/i686-8.1.0-win32-dwarf-rt_v6-rev0/mingw32/bin/../lib/gcc/i686-w64-mingw32/8.1.0/../../../../i686-w64-mingw32/lib/../lib/libuser32.a
                0x000002b8                . = SIZEOF_HEADERS
                0x00001000                . = ALIGN (__section_alignment__)

.text           0x65681000     0xf000
 *(.init)
 *(.text)
 .text          0x65681000        0x0 build/x86_Release/x86-Windows/CALC_divrem_critical.o
 .text          0x65681000        0x0 build/x86_Release/x86-Windows/TEST_autogenerated.o
 .text          0x65681000        0x0 build/x86_Release/x86-Windows/TEST_op_Add.o
 .text          0x65681000        0x0 build/x86_Release/x86-Windows/TEST_op_BitwiseAnd.o
 .text          0x65681000        0x0 build/x86_Release/x86-Windows/TEST_op_BitwiseOr.o
 .text          0x65681000        0x0 build/x86_Release/x86-Windows/TEST_op_Compare.o
 .text          0x65681000        0x0 build/x86_Release/x86-Windows/TEST_op_DivRem.o
 .text          0x65681000        0x0 build/x86_Release/x86-Windows/TEST_op_Equals.o
 .text          0x65681000        0x0 build/x86_Release/x86-Windows/TEST_op_ExclusiveOr.o
 .text          0x65681000        0x0 build/x86_Release/x86-Windows/TEST_op_From_To.o
 .text          0x65681000        0x0 build/x86_Release/x86-Windows/TEST_op_GreatestCommonDivisor.o
 .text          0x65681000        0x0 build/x86_Release/x86-Windows/TEST_op_Multiply.o
 .text          0x65681000        0x0 build/x86_Release/x86-Windows/TEST_op_ParseDN.o
 .text          0x65681000        0x0 build/x86_Release/x86-Windows/TEST_op_ParseX.o
 .text          0x65681000        0x0 build/x86_Release/x86-Windows/TEST_op_Pow.o
 .text          0x65681000        0x0 build/x86_Release/x86-Windows/TEST_op_Shift.o
 .text          0x65681000        0x0 build/x86_Release/x86-Windows/TEST_op_Subtruct.o
 .text          0x65681000        0x0 build/x86_Release/x86-Windows/TEST_op_ToStringD.o
 .text          0x65681000        0x0 build/x86_Release/x86-Windows/TEST_op_ToStringN.o
 .text          0x65681000        0x0 build/x86_Release/x86-Windows/TEST_op_ToStringX.o
 .text          0x65681000       0xb0 build/x86_Release/x86-Windows/cpuid.o
                0x65681000                GetCPUInfo
 .text          0x656810b0       0x10 build/x86_Release/x86-Windows/debug.o
                0x656810b0                DoDebug@4
 .text          0x656810c0       0x50 build/x86_Release/x86-Windows/dllmain.o
                0x656810c0                DllMain@12
 .text          0x65681110      0x7d0 build/x86_Release/x86-Windows/memory.o
                0x656812f0                AllocateBlock
                0x65681350                DeallocateBlock
                0x65681420                CheckBlockLight
                0x65681430                AttatchNumber
                0x656814c0                AllocateNumber
                0x65681580                DetatchNumber
                0x656815c0                DeallocateNumber
                0x656815e0                CommitNumber
                0x65681730                CheckNumber
                0x65681740                DuplicateNumber
                0x656817e0                PMC_Dispose@4
                0x65681800                Initialize_Memory
                0x65681860                AllocateHeapArea
                0x656818a0                DeallocateHeapArea
 .text          0x656818e0      0xf90 build/x86_Release/x86-Windows/pmc_add.o
                0x65682560                PMC_Add_I_X@12
                0x656825b0                PMC_Add_X_I@12
                0x65682600                PMC_Add_L_X@16
                0x65682660                PMC_Add_X_L@16
                0x656826c0                PMC_Add_X_X@12
                0x65682850                Initialize_Add
 .text          0x65682870      0x5d0 build/x86_Release/x86-Windows/pmc_bitwiseand.o
                0x65682870                PMC_BitwiseAnd_I_X@12
                0x656828d0                PMC_BitwiseAnd_X_I@12
                0x65682930                PMC_BitwiseAnd_L_X@16
                0x656829c0                PMC_BitwiseAnd_X_L@16
                0x65682a50                PMC_BitwiseAnd_X_X@12
                0x65682e30                Initialize_BitwiseAnd
 .text          0x65682e40      0x820 build/x86_Release/x86-Windows/pmc_bitwiseor.o
                0x656830b0                PMC_BitwiseOr_I_X@12
                0x65683100                PMC_BitwiseOr_X_I@12
                0x65683150                PMC_BitwiseOr_L_X@16
                0x656831b0                PMC_BitwiseOr_X_L@16
                0x65683210                PMC_BitwiseOr_X_X@12
                0x65683650                Initialize_BitwiseOr
 .text          0x65683660      0x470 build/x86_Release/x86-Windows/pmc_compare.o
                0x65683760                Compare_Imp
                0x656837d0                PMC_Compare_I_X@12
                0x65683830                PMC_Compare_X_I@12
                0x65683880                PMC_Compare_L_X@16
                0x65683910                PMC_Compare_X_L@16
                0x656839a0                PMC_Compare_X_X@12
                0x65683ac0                Initialize_Compare
 .text          0x65683ad0     0x3a40 build/x86_Release/x86-Windows/pmc_divrem.o
                0x65686590                DivRem_X_1W
                0x656868e0                PMC_DivRem_I_X@16
                0x656869a0                PMC_DivRem_X_I@16
                0x65686b30                PMC_DivRem_L_X@20
                0x65686de0                PMC_DivRem_X_L@20
                0x65687140                PMC_DivRem_X_X@16
                0x656874e0                Initialize_DivRem
 .text          0x65687510      0x3f0 build/x86_Release/x86-Windows/pmc_equals.o
                0x656875d0                Equals_X_X
                0x65687610                PMC_Equals_I_X@12
                0x65687660                PMC_Equals_X_I@12
                0x656876b0                PMC_Equals_L_X@16
                0x65687760                PMC_Equals_X_L@16
                0x65687810                PMC_Equals_X_X@12
                0x656878f0                Initialize_Equals
 .text          0x65687900      0x870 build/x86_Release/x86-Windows/pmc_exclusiveor.o
                0x65687bb0                PMC_ExclusiveOr_I_X@12
                0x65687c00                PMC_ExclusiveOr_X_I@12
                0x65687c50                PMC_ExclusiveOr_L_X@16
                0x65687cb0                PMC_ExclusiveOr_X_L@16
                0x65687d10                PMC_ExclusiveOr_X_X@12
                0x65688160                Initialize_ExclusiveOr
 .text          0x65688170      0x240 build/x86_Release/x86-Windows/pmc_from.o
                0x65688170                From_I_Imp
                0x656881c0                From_L_Imp
                0x65688240                PMC_From_I@8
                0x65688290                PMC_From_L@12
                0x656882e0                PMC_From_B@12
                0x656883a0                Initialize_From
 .text          0x656883b0      0xcc0 build/x86_Release/x86-Windows/pmc_greatestcommondivisor.o
                0x65688bf0                PMC_GreatestCommonDivisor_I_X@12
                0x65688c40                PMC_GreatestCommonDivisor_X_I@12
                0x65688c90                PMC_GreatestCommonDivisor_L_X@16
                0x65688cf0                PMC_GreatestCommonDivisor_X_L@16
                0x65688d50                PMC_GreatestCommonDivisor_X_X@12
                0x65689060                Initialize_GreatestCommonDivisor
 .text          0x65689070      0x3e0 build/x86_Release/x86-Windows/pmc_initialize.o
                0x65689070                PMC_Initialize@4
 .text          0x65689450     0x1ad0 build/x86_Release/x86-Windows/pmc_multiply.o
                0x6568abb0                Multiply_X_X_Imp
                0x6568abc0                PMC_Multiply_I_X@12
                0x6568ac10                PMC_Multiply_X_I@12
                0x6568ac60                PMC_Multiply_L_X@16
                0x6568acc0                PMC_Multiply_X_L@16
                0x6568ad20                PMC_Multiply_X_X@12
                0x6568aec0                Initialize_Multiply
 .text          0x6568af20     0x21e0 build/x86_Release/x86-Windows/pmc_parse.o
                0x6568bf00                PMC_TryParse@16
                0x6568d050                Initialize_Parse
 .text          0x6568d100      0x300 build/x86_Release/x86-Windows/pmc_pow.o
                0x6568d100                PMC_Pow_X_I@12
                0x6568d3f0                Initialize_Pow
 .text          0x6568d400     0x1040 build/x86_Release/x86-Windows/pmc_shift.o
                0x6568d400                RightShift_Imp_DIV
                0x6568dac0                RightShift_Imp
                0x6568dad0                LeftShift_Imp_DIV
                0x6568e1e0                LeftShift_Imp
                0x6568e1f0                PMC_RightShift_X_I@12
                0x6568e300                PMC_RightShift_X_L@16
                0x6568e310                PMC_LeftShift_X_I@12
                0x6568e420                PMC_LeftShift_X_L@16
                0x6568e430                Initialize_Shift
 .text          0x6568e440       0x30 build/x86_Release/x86-Windows/pmc_statistics.o
                0x6568e440                PMC_GetStatisticsInfo@4
 .text          0x6568e470      0xb10 build/x86_Release/x86-Windows/pmc_subtruct.o
                0x6568e4f0                Subtruct_Imp
                0x6568e8a0                PMC_Subtruct_I_X@12
                0x6568e920                PMC_Subtruct_X_I@12
                0x6568ea80                PMC_Subtruct_L_X@16
                0x6568eba0                PMC_Subtruct_X_L@16
                0x6568ee00                PMC_Subtruct_X_X@12
                0x6568ef70                Initialize_Subtruct
 .text          0x6568ef80      0x170 build/x86_Release/x86-Windows/pmc_to.o
                0x6568ef80                PMC_To_X_I@8
                0x6568efd0                PMC_To_X_L@8
                0x6568f050                PMC_To_X_B@16
                0x6568f0e0                Initialize_To
 .text          0x6568f0f0      0xd20 build/x86_Release/x86-Windows/pmc_tostring.o
                0x6568fc60                PMC_ToString@24
                0x6568fd80                Initialize_ToString
 .text          0x6568fe10        0x0 C:/GNU/MINGW64/i686-8.1.0-win32-dwarf-rt_v6-rev0/mingw32/bin/../lib/gcc/i686-w64-mingw32/8.1.0/../../../../i686-w64-mingw32/lib/../lib/libkernel32.a(dgzch.o)
 .text          0x6568fe10        0x0 C:/GNU/MINGW64/i686-8.1.0-win32-dwarf-rt_v6-rev0/mingw32/bin/../lib/gcc/i686-w64-mingw32/8.1.0/../../../../i686-w64-mingw32/lib/../lib/libkernel32.a(dgzct.o)
 *(SORT_BY_NAME(.text$*))
 *(.text.*)
 *(.gnu.linkonce.t.*)
 *(.glue_7t)
 *(.glue_7)
                0x6568fe10                ___CTOR_LIST__ = .
                0x6568fe10                __CTOR_LIST__ = .
                0x6568fe10        0x4 LONG 0xffffffff
 *(.ctors)
 *(.ctor)
 *(SORT_BY_NAME(.ctors.*))
                0x6568fe14        0x4 LONG 0x0
                0x6568fe18                ___DTOR_LIST__ = .
                0x6568fe18                __DTOR_LIST__ = .
                0x6568fe18        0x4 LONG 0xffffffff
 *(.dtors)
 *(.dtor)
 *(SORT_BY_NAME(.dtors.*))
                0x6568fe1c        0x4 LONG 0x0
 *(.fini)
 *(.gcc_exc)
                [!provide]                PROVIDE (etext = .)
                [!provide]                PROVIDE (_etext = .)
 *(.gcc_except_table)

.data           0x65690000      0x200
                0x65690000                __data_start__ = .
 *(.data)
 .data          0x65690000        0x0 build/x86_Release/x86-Windows/CALC_divrem_critical.o
 .data          0x65690000        0x0 build/x86_Release/x86-Windows/TEST_autogenerated.o
 .data          0x65690000        0x0 build/x86_Release/x86-Windows/TEST_op_Add.o
 .data          0x65690000        0x0 build/x86_Release/x86-Windows/TEST_op_BitwiseAnd.o
 .data          0x65690000        0x0 build/x86_Release/x86-Windows/TEST_op_BitwiseOr.o
 .data          0x65690000        0x0 build/x86_Release/x86-Windows/TEST_op_Compare.o
 .data          0x65690000        0x0 build/x86_Release/x86-Windows/TEST_op_DivRem.o
 .data          0x65690000        0x0 build/x86_Release/x86-Windows/TEST_op_Equals.o
 .data          0x65690000        0x0 build/x86_Release/x86-Windows/TEST_op_ExclusiveOr.o
 .data          0x65690000        0x0 build/x86_Release/x86-Windows/TEST_op_From_To.o
 .data          0x65690000        0x0 build/x86_Release/x86-Windows/TEST_op_GreatestCommonDivisor.o
 .data          0x65690000        0x0 build/x86_Release/x86-Windows/TEST_op_Multiply.o
 .data          0x65690000        0x0 build/x86_Release/x86-Windows/TEST_op_ParseDN.o
 .data          0x65690000        0x0 build/x86_Release/x86-Windows/TEST_op_ParseX.o
 .data          0x65690000        0x0 build/x86_Release/x86-Windows/TEST_op_Pow.o
 .data          0x65690000        0x0 build/x86_Release/x86-Windows/TEST_op_Shift.o
 .data          0x65690000        0x0 build/x86_Release/x86-Windows/TEST_op_Subtruct.o
 .data          0x65690000        0x0 build/x86_Release/x86-Windows/TEST_op_ToStringD.o
 .data          0x65690000        0x0 build/x86_Release/x86-Windows/TEST_op_ToStringN.o
 .data          0x65690000        0x0 build/x86_Release/x86-Windows/TEST_op_ToStringX.o
 .data          0x65690000        0x0 build/x86_Release/x86-Windows/cpuid.o
 .data          0x65690000        0x0 build/x86_Release/x86-Windows/debug.o
 .data          0x65690000        0x0 build/x86_Release/x86-Windows/dllmain.o
 .data          0x65690000        0x0 build/x86_Release/x86-Windows/memory.o
 .data          0x65690000        0x0 build/x86_Release/x86-Windows/pmc_add.o
 .data          0x65690000        0x0 build/x86_Release/x86-Windows/pmc_bitwiseand.o
 .data          0x65690000        0x0 build/x86_Release/x86-Windows/pmc_bitwiseor.o
 .data          0x65690000        0x0 build/x86_Release/x86-Windows/pmc_compare.o
 .data          0x65690000        0x0 build/x86_Release/x86-Windows/pmc_divrem.o
 .data          0x65690000        0x0 build/x86_Release/x86-Windows/pmc_equals.o
 .data          0x65690000        0x0 build/x86_Release/x86-Windows/pmc_exclusiveor.o
 .data          0x65690000        0x0 build/x86_Release/x86-Windows/pmc_from.o
 .data          0x65690000        0x0 build/x86_Release/x86-Windows/pmc_greatestcommondivisor.o
 .data          0x65690000        0x0 build/x86_Release/x86-Windows/pmc_initialize.o
 .data          0x65690000        0x0 build/x86_Release/x86-Windows/pmc_multiply.o
 .data          0x65690000        0x0 build/x86_Release/x86-Windows/pmc_parse.o
 .data          0x65690000        0x0 build/x86_Release/x86-Windows/pmc_pow.o
 .data          0x65690000        0x0 build/x86_Release/x86-Windows/pmc_shift.o
 .data          0x65690000        0x0 build/x86_Release/x86-Windows/pmc_statistics.o
 .data          0x65690000        0x0 build/x86_Release/x86-Windows/pmc_subtruct.o
 .data          0x65690000        0x0 build/x86_Release/x86-Windows/pmc_to.o
 .data          0x65690000       0x80 build/x86_Release/x86-Windows/pmc_tostring.o
 .data          0x65690080        0x0 C:/GNU/MINGW64/i686-8.1.0-win32-dwarf-rt_v6-rev0/mingw32/bin/../lib/gcc/i686-w64-mingw32/8.1.0/../../../../i686-w64-mingw32/lib/../lib/libkernel32.a(dgzcs01342.o)
 .data          0x65690080        0x0 C:/GNU/MINGW64/i686-8.1.0-win32-dwarf-rt_v6-rev0/mingw32/bin/../lib/gcc/i686-w64-mingw32/8.1.0/../../../../i686-w64-mingw32/lib/../lib/libkernel32.a(dgzcs01336.o)
 .data          0x65690080        0x0 C:/GNU/MINGW64/i686-8.1.0-win32-dwarf-rt_v6-rev0/mingw32/bin/../lib/gcc/i686-w64-mingw32/8.1.0/../../../../i686-w64-mingw32/lib/../lib/libkernel32.a(dgzcs01335.o)
 .data          0x65690080        0x0 C:/GNU/MINGW64/i686-8.1.0-win32-dwarf-rt_v6-rev0/mingw32/bin/../lib/gcc/i686-w64-mingw32/8.1.0/../../../../i686-w64-mingw32/lib/../lib/libkernel32.a(dgzcs00729.o)
 .data          0x65690080        0x0 C:/GNU/MINGW64/i686-8.1.0-win32-dwarf-rt_v6-rev0/mingw32/bin/../lib/gcc/i686-w64-mingw32/8.1.0/../../../../i686-w64-mingw32/lib/../lib/libkernel32.a(dgzcs00727.o)
 .data          0x65690080        0x0 C:/GNU/MINGW64/i686-8.1.0-win32-dwarf-rt_v6-rev0/mingw32/bin/../lib/gcc/i686-w64-mingw32/8.1.0/../../../../i686-w64-mingw32/lib/../lib/libkernel32.a(dgzcs00725.o)
 .data          0x65690080        0x0 C:/GNU/MINGW64/i686-8.1.0-win32-dwarf-rt_v6-rev0/mingw32/bin/../lib/gcc/i686-w64-mingw32/8.1.0/../../../../i686-w64-mingw32/lib/../lib/libkernel32.a(dgzcs00723.o)
 .data          0x65690080        0x0 C:/GNU/MINGW64/i686-8.1.0-win32-dwarf-rt_v6-rev0/mingw32/bin/../lib/gcc/i686-w64-mingw32/8.1.0/../../../../i686-w64-mingw32/lib/../lib/libkernel32.a(dgzch.o)
 .data          0x65690080        0x0 C:/GNU/MINGW64/i686-8.1.0-win32-dwarf-rt_v6-rev0/mingw32/bin/../lib/gcc/i686-w64-mingw32/8.1.0/../../../../i686-w64-mingw32/lib/../lib/libkernel32.a(dgzct.o)
 *(.data2)
 *(SORT_BY_NAME(.data$*))
 *(.jcr)
                0x65690080                __data_end__ = .
 *(.data_cygwin_nocopy)

.rdata          0x65691000     0x1600
 *(.rdata)
 .rdata         0x65691000      0x8ac build/x86_Release/x86-Windows/pmc_parse.o
 .rdata         0x656918ac      0x100 build/x86_Release/x86-Windows/pmc_tostring.o
 *(SORT_BY_NAME(.rdata$*))
 .rdata$zzz     0x656919ac       0x40 build/x86_Release/x86-Windows/CALC_divrem_critical.o
 .rdata$zzz     0x656919ec       0x40 build/x86_Release/x86-Windows/TEST_autogenerated.o
 .rdata$zzz     0x65691a2c       0x40 build/x86_Release/x86-Windows/TEST_op_Add.o
 .rdata$zzz     0x65691a6c       0x40 build/x86_Release/x86-Windows/TEST_op_BitwiseAnd.o
 .rdata$zzz     0x65691aac       0x40 build/x86_Release/x86-Windows/TEST_op_BitwiseOr.o
 .rdata$zzz     0x65691aec       0x40 build/x86_Release/x86-Windows/TEST_op_Compare.o
 .rdata$zzz     0x65691b2c       0x40 build/x86_Release/x86-Windows/TEST_op_DivRem.o
 .rdata$zzz     0x65691b6c       0x40 build/x86_Release/x86-Windows/TEST_op_Equals.o
 .rdata$zzz     0x65691bac       0x40 build/x86_Release/x86-Windows/TEST_op_ExclusiveOr.o
 .rdata$zzz     0x65691bec       0x40 build/x86_Release/x86-Windows/TEST_op_From_To.o
 .rdata$zzz     0x65691c2c       0x40 build/x86_Release/x86-Windows/TEST_op_GreatestCommonDivisor.o
 .rdata$zzz     0x65691c6c       0x40 build/x86_Release/x86-Windows/TEST_op_Multiply.o
 .rdata$zzz     0x65691cac       0x40 build/x86_Release/x86-Windows/TEST_op_ParseDN.o
 .rdata$zzz     0x65691cec       0x40 build/x86_Release/x86-Windows/TEST_op_ParseX.o
 .rdata$zzz     0x65691d2c       0x40 build/x86_Release/x86-Windows/TEST_op_Pow.o
 .rdata$zzz     0x65691d6c       0x40 build/x86_Release/x86-Windows/TEST_op_Shift.o
 .rdata$zzz     0x65691dac       0x40 build/x86_Release/x86-Windows/TEST_op_Subtruct.o
 .rdata$zzz     0x65691dec       0x40 build/x86_Release/x86-Windows/TEST_op_ToStringD.o
 .rdata$zzz     0x65691e2c       0x40 build/x86_Release/x86-Windows/TEST_op_ToStringN.o
 .rdata$zzz     0x65691e6c       0x40 build/x86_Release/x86-Windows/TEST_op_ToStringX.o
 .rdata$zzz     0x65691eac       0x40 build/x86_Release/x86-Windows/cpuid.o
 .rdata$zzz     0x65691eec       0x40 build/x86_Release/x86-Windows/debug.o
 .rdata$zzz     0x65691f2c       0x40 build/x86_Release/x86-Windows/dllmain.o
 .rdata$zzz     0x65691f6c       0x40 build/x86_Release/x86-Windows/memory.o
 .rdata$zzz     0x65691fac       0x40 build/x86_Release/x86-Windows/pmc_add.o
 .rdata$zzz     0x65691fec       0x40 build/x86_Release/x86-Windows/pmc_bitwiseand.o
 .rdata$zzz     0x6569202c       0x40 build/x86_Release/x86-Windows/pmc_bitwiseor.o
 .rdata$zzz     0x6569206c       0x40 build/x86_Release/x86-Windows/pmc_compare.o
 .rdata$zzz     0x656920ac       0x40 build/x86_Release/x86-Windows/pmc_divrem.o
 .rdata$zzz     0x656920ec       0x40 build/x86_Release/x86-Windows/pmc_equals.o
 .rdata$zzz     0x6569212c       0x40 build/x86_Release/x86-Windows/pmc_exclusiveor.o
 .rdata$zzz     0x6569216c       0x40 build/x86_Release/x86-Windows/pmc_from.o
 .rdata$zzz     0x656921ac       0x40 build/x86_Release/x86-Windows/pmc_greatestcommondivisor.o
 .rdata$zzz     0x656921ec       0x40 build/x86_Release/x86-Windows/pmc_initialize.o
 .rdata$zzz     0x6569222c       0x40 build/x86_Release/x86-Windows/pmc_multiply.o
 .rdata$zzz     0x6569226c       0x40 build/x86_Release/x86-Windows/pmc_parse.o
 .rdata$zzz     0x656922ac       0x40 build/x86_Release/x86-Windows/pmc_pow.o
 .rdata$zzz     0x656922ec       0x40 build/x86_Release/x86-Windows/pmc_shift.o
 .rdata$zzz     0x6569232c       0x40 build/x86_Release/x86-Windows/pmc_statistics.o
 .rdata$zzz     0x6569236c       0x40 build/x86_Release/x86-Windows/pmc_subtruct.o
 .rdata$zzz     0x656923ac       0x40 build/x86_Release/x86-Windows/pmc_to.o
 .rdata$zzz     0x656923ec       0x40 build/x86_Release/x86-Windows/pmc_tostring.o
                0x6569242c                __rt_psrelocs_start = .
 *(.rdata_runtime_pseudo_reloc)
                0x6569242c                __rt_psrelocs_end = .
                0x00000000                __rt_psrelocs_size = (__rt_psrelocs_end - __rt_psrelocs_start)
                0x6569242c                ___RUNTIME_PSEUDO_RELOC_LIST_END__ = .
                0x6569242c                __RUNTIME_PSEUDO_RELOC_LIST_END__ = .
                0x6569242c                ___RUNTIME_PSEUDO_RELOC_LIST__ = (. - __rt_psrelocs_size)
                0x6569242c                __RUNTIME_PSEUDO_RELOC_LIST__ = (. - __rt_psrelocs_size)

.eh_frame       0x65693000     0x2600
 *(.eh_frame*)
 .eh_frame      0x65693000       0x50 build/x86_Release/x86-Windows/cpuid.o
 .eh_frame      0x65693050       0x2c build/x86_Release/x86-Windows/debug.o
 .eh_frame      0x6569307c       0x3c build/x86_Release/x86-Windows/dllmain.o
 .eh_frame      0x656930b8      0x2d8 build/x86_Release/x86-Windows/memory.o
 .eh_frame      0x65693390      0x2dc build/x86_Release/x86-Windows/pmc_add.o
 .eh_frame      0x6569366c      0x1a4 build/x86_Release/x86-Windows/pmc_bitwiseand.o
 .eh_frame      0x65693810      0x23c build/x86_Release/x86-Windows/pmc_bitwiseor.o
 .eh_frame      0x65693a4c      0x250 build/x86_Release/x86-Windows/pmc_compare.o
 .eh_frame      0x65693c9c      0x374 build/x86_Release/x86-Windows/pmc_divrem.o
 .eh_frame      0x65694010      0x260 build/x86_Release/x86-Windows/pmc_equals.o
 .eh_frame      0x65694270      0x224 build/x86_Release/x86-Windows/pmc_exclusiveor.o
 .eh_frame      0x65694494      0x128 build/x86_Release/x86-Windows/pmc_from.o
 .eh_frame      0x656945bc      0x228 build/x86_Release/x86-Windows/pmc_greatestcommondivisor.o
 .eh_frame      0x656947e4       0x3c build/x86_Release/x86-Windows/pmc_initialize.o
 .eh_frame      0x65694820      0x35c build/x86_Release/x86-Windows/pmc_multiply.o
 .eh_frame      0x65694b7c      0x240 build/x86_Release/x86-Windows/pmc_parse.o
 .eh_frame      0x65694dbc       0x84 build/x86_Release/x86-Windows/pmc_pow.o
 .eh_frame      0x65694e40      0x194 build/x86_Release/x86-Windows/pmc_shift.o
 .eh_frame      0x65694fd4       0x2c build/x86_Release/x86-Windows/pmc_statistics.o
 .eh_frame      0x65695000      0x268 build/x86_Release/x86-Windows/pmc_subtruct.o
 .eh_frame      0x65695268       0xdc build/x86_Release/x86-Windows/pmc_to.o
 .eh_frame      0x65695344      0x1e0 build/x86_Release/x86-Windows/pmc_tostring.o

.pdata
 *(.pdata*)

.bss            0x65696000      0x234
                0x65696000                __bss_start__ = .
 *(.bss)
 .bss           0x65696000        0x0 build/x86_Release/x86-Windows/CALC_divrem_critical.o
 .bss           0x65696000        0x0 build/x86_Release/x86-Windows/TEST_autogenerated.o
 .bss           0x65696000        0x0 build/x86_Release/x86-Windows/TEST_op_Add.o
 .bss           0x65696000        0x0 build/x86_Release/x86-Windows/TEST_op_BitwiseAnd.o
 .bss           0x65696000        0x0 build/x86_Release/x86-Windows/TEST_op_BitwiseOr.o
 .bss           0x65696000        0x0 build/x86_Release/x86-Windows/TEST_op_Compare.o
 .bss           0x65696000        0x0 build/x86_Release/x86-Windows/TEST_op_DivRem.o
 .bss           0x65696000        0x0 build/x86_Release/x86-Windows/TEST_op_Equals.o
 .bss           0x65696000        0x0 build/x86_Release/x86-Windows/TEST_op_ExclusiveOr.o
 .bss           0x65696000        0x0 build/x86_Release/x86-Windows/TEST_op_From_To.o
 .bss           0x65696000        0x0 build/x86_Release/x86-Windows/TEST_op_GreatestCommonDivisor.o
 .bss           0x65696000        0x0 build/x86_Release/x86-Windows/TEST_op_Multiply.o
 .bss           0x65696000        0x0 build/x86_Release/x86-Windows/TEST_op_ParseDN.o
 .bss           0x65696000        0x0 build/x86_Release/x86-Windows/TEST_op_ParseX.o
 .bss           0x65696000        0x0 build/x86_Release/x86-Windows/TEST_op_Pow.o
 .bss           0x65696000        0x0 build/x86_Release/x86-Windows/TEST_op_Shift.o
 .bss           0x65696000        0x0 build/x86_Release/x86-Windows/TEST_op_Subtruct.o
 .bss           0x65696000        0x0 build/x86_Release/x86-Windows/TEST_op_ToStringD.o
 .bss           0x65696000        0x0 build/x86_Release/x86-Windows/TEST_op_ToStringN.o
 .bss           0x65696000        0x0 build/x86_Release/x86-Windows/TEST_op_ToStringX.o
 .bss           0x65696000        0x0 build/x86_Release/x86-Windows/cpuid.o
 .bss           0x65696000        0x0 build/x86_Release/x86-Windows/debug.o
 .bss           0x65696000        0x0 build/x86_Release/x86-Windows/dllmain.o
 .bss           0x65696000        0x0 build/x86_Release/x86-Windows/memory.o
 .bss           0x65696000        0x4 build/x86_Release/x86-Windows/pmc_add.o
 .bss           0x65696004        0x0 build/x86_Release/x86-Windows/pmc_bitwiseand.o
 .bss           0x65696004        0x0 build/x86_Release/x86-Windows/pmc_bitwiseor.o
 .bss           0x65696004        0x0 build/x86_Release/x86-Windows/pmc_compare.o
 .bss           0x65696004        0x4 build/x86_Release/x86-Windows/pmc_divrem.o
 .bss           0x65696008        0x0 build/x86_Release/x86-Windows/pmc_equals.o
 .bss           0x65696008        0x0 build/x86_Release/x86-Windows/pmc_exclusiveor.o
 .bss           0x65696008        0x0 build/x86_Release/x86-Windows/pmc_from.o
 .bss           0x65696008        0x0 build/x86_Release/x86-Windows/pmc_greatestcommondivisor.o
 *fill*         0x65696008       0x18 
 .bss           0x65696020      0x120 build/x86_Release/x86-Windows/pmc_initialize.o
 .bss           0x65696140        0xc build/x86_Release/x86-Windows/pmc_multiply.o
 *fill*         0x6569614c       0x14 
 .bss           0x65696160       0x60 build/x86_Release/x86-Windows/pmc_parse.o
 .bss           0x656961c0        0x0 build/x86_Release/x86-Windows/pmc_pow.o
 .bss           0x656961c0        0x0 build/x86_Release/x86-Windows/pmc_shift.o
 .bss           0x656961c0        0x0 build/x86_Release/x86-Windows/pmc_statistics.o
 .bss           0x656961c0        0x0 build/x86_Release/x86-Windows/pmc_subtruct.o
 .bss           0x656961c0        0x0 build/x86_Release/x86-Windows/pmc_to.o
 .bss           0x656961c0       0x40 build/x86_Release/x86-Windows/pmc_tostring.o
 .bss           0x65696200        0x0 C:/GNU/MINGW64/i686-8.1.0-win32-dwarf-rt_v6-rev0/mingw32/bin/../lib/gcc/i686-w64-mingw32/8.1.0/../../../../i686-w64-mingw32/lib/../lib/libkernel32.a(dgzcs01342.o)
 .bss           0x65696200        0x0 C:/GNU/MINGW64/i686-8.1.0-win32-dwarf-rt_v6-rev0/mingw32/bin/../lib/gcc/i686-w64-mingw32/8.1.0/../../../../i686-w64-mingw32/lib/../lib/libkernel32.a(dgzcs01336.o)
 .bss           0x65696200        0x0 C:/GNU/MINGW64/i686-8.1.0-win32-dwarf-rt_v6-rev0/mingw32/bin/../lib/gcc/i686-w64-mingw32/8.1.0/../../../../i686-w64-mingw32/lib/../lib/libkernel32.a(dgzcs01335.o)
 .bss           0x65696200        0x0 C:/GNU/MINGW64/i686-8.1.0-win32-dwarf-rt_v6-rev0/mingw32/bin/../lib/gcc/i686-w64-mingw32/8.1.0/../../../../i686-w64-mingw32/lib/../lib/libkernel32.a(dgzcs00729.o)
 .bss           0x65696200        0x0 C:/GNU/MINGW64/i686-8.1.0-win32-dwarf-rt_v6-rev0/mingw32/bin/../lib/gcc/i686-w64-mingw32/8.1.0/../../../../i686-w64-mingw32/lib/../lib/libkernel32.a(dgzcs00727.o)
 .bss           0x65696200        0x0 C:/GNU/MINGW64/i686-8.1.0-win32-dwarf-rt_v6-rev0/mingw32/bin/../lib/gcc/i686-w64-mingw32/8.1.0/../../../../i686-w64-mingw32/lib/../lib/libkernel32.a(dgzcs00725.o)
 .bss           0x65696200        0x0 C:/GNU/MINGW64/i686-8.1.0-win32-dwarf-rt_v6-rev0/mingw32/bin/../lib/gcc/i686-w64-mingw32/8.1.0/../../../../i686-w64-mingw32/lib/../lib/libkernel32.a(dgzcs00723.o)
 .bss           0x65696200        0x0 C:/GNU/MINGW64/i686-8.1.0-win32-dwarf-rt_v6-rev0/mingw32/bin/../lib/gcc/i686-w64-mingw32/8.1.0/../../../../i686-w64-mingw32/lib/../lib/libkernel32.a(dgzch.o)
 .bss           0x65696200        0x0 C:/GNU/MINGW64/i686-8.1.0-win32-dwarf-rt_v6-rev0/mingw32/bin/../lib/gcc/i686-w64-mingw32/8.1.0/../../../../i686-w64-mingw32/lib/../lib/libkernel32.a(dgzct.o)
 *(COMMON)
 COMMON         0x65696200       0x20 build/x86_Release/x86-Windows/memory.o
                0x65696200                number_zero
                0x6569621c                hLocalHeap
 COMMON         0x65696220        0x4 build/x86_Release/x86-Windows/pmc_initialize.o
                0x65696220                configuration_info
 COMMON         0x65696224       0x10 build/x86_Release/x86-Windows/pmc_statistics.o
                0x65696224                statistics_info
                0x65696234                __bss_end__ = .

.edata          0x65697000      0x200
 *(.edata)
 .edata         0x65697000       0x79 dll stuff

/DISCARD/
 *(.debug$S)
 *(.debug$T)
 *(.debug$F)
 *(.drectve)
 *(.note.GNU-stack)
 *(.gnu.lto_*)

.idata          0x65698000      0x200
 SORT_BY_NAME(*)(.idata$2)
 .idata$2       0x65698000       0x14 C:/GNU/MINGW64/i686-8.1.0-win32-dwarf-rt_v6-rev0/mingw32/bin/../lib/gcc/i686-w64-mingw32/8.1.0/../../../../i686-w64-mingw32/lib/../lib/libkernel32.a(dgzch.o)
                0x65698000                _head_lib32_libkernel32_a
 SORT_BY_NAME(*)(.idata$3)
                0x65698014        0x4 LONG 0x0
                0x65698018        0x4 LONG 0x0
                0x6569801c        0x4 LONG 0x0
                0x65698020        0x4 LONG 0x0
                0x65698024        0x4 LONG 0x0
 SORT_BY_NAME(*)(.idata$4)
 .idata$4       0x65698028        0x0 C:/GNU/MINGW64/i686-8.1.0-win32-dwarf-rt_v6-rev0/mingw32/bin/../lib/gcc/i686-w64-mingw32/8.1.0/../../../../i686-w64-mingw32/lib/../lib/libkernel32.a(dgzch.o)
 .idata$4       0x65698028        0x4 C:/GNU/MINGW64/i686-8.1.0-win32-dwarf-rt_v6-rev0/mingw32/bin/../lib/gcc/i686-w64-mingw32/8.1.0/../../../../i686-w64-mingw32/lib/../lib/libkernel32.a(dgzcs00723.o)
 .idata$4       0x6569802c        0x4 C:/GNU/MINGW64/i686-8.1.0-win32-dwarf-rt_v6-rev0/mingw32/bin/../lib/gcc/i686-w64-mingw32/8.1.0/../../../../i686-w64-mingw32/lib/../lib/libkernel32.a(dgzcs00725.o)
 .idata$4       0x65698030        0x4 C:/GNU/MINGW64/i686-8.1.0-win32-dwarf-rt_v6-rev0/mingw32/bin/../lib/gcc/i686-w64-mingw32/8.1.0/../../../../i686-w64-mingw32/lib/../lib/libkernel32.a(dgzcs00727.o)
 .idata$4       0x65698034        0x4 C:/GNU/MINGW64/i686-8.1.0-win32-dwarf-rt_v6-rev0/mingw32/bin/../lib/gcc/i686-w64-mingw32/8.1.0/../../../../i686-w64-mingw32/lib/../lib/libkernel32.a(dgzcs00729.o)
 .idata$4       0x65698038        0x4 C:/GNU/MINGW64/i686-8.1.0-win32-dwarf-rt_v6-rev0/mingw32/bin/../lib/gcc/i686-w64-mingw32/8.1.0/../../../../i686-w64-mingw32/lib/../lib/libkernel32.a(dgzcs01335.o)
 .idata$4       0x6569803c        0x4 C:/GNU/MINGW64/i686-8.1.0-win32-dwarf-rt_v6-rev0/mingw32/bin/../lib/gcc/i686-w64-mingw32/8.1.0/../../../../i686-w64-mingw32/lib/../lib/libkernel32.a(dgzcs01336.o)
 .idata$4       0x65698040        0x4 C:/GNU/MINGW64/i686-8.1.0-win32-dwarf-rt_v6-rev0/mingw32/bin/../lib/gcc/i686-w64-mingw32/8.1.0/../../../../i686-w64-mingw32/lib/../lib/libkernel32.a(dgzcs01342.o)
 .idata$4       0x65698044        0x4 C:/GNU/MINGW64/i686-8.1.0-win32-dwarf-rt_v6-rev0/mingw32/bin/../lib/gcc/i686-w64-mingw32/8.1.0/../../../../i686-w64-mingw32/lib/../lib/libkernel32.a(dgzct.o)
                0x65698048                __IAT_start__ = .
 SORT_BY_NAME(*)(.idata$5)
 .idata$5       0x65698048        0x0 C:/GNU/MINGW64/i686-8.1.0-win32-dwarf-rt_v6-rev0/mingw32/bin/../lib/gcc/i686-w64-mingw32/8.1.0/../../../../i686-w64-mingw32/lib/../lib/libkernel32.a(dgzch.o)
 .idata$5       0x65698048        0x4 C:/GNU/MINGW64/i686-8.1.0-win32-dwarf-rt_v6-rev0/mingw32/bin/../lib/gcc/i686-w64-mingw32/8.1.0/../../../../i686-w64-mingw32/lib/../lib/libkernel32.a(dgzcs00723.o)
                0x65698048                _imp__HeapAlloc@12
 .idata$5       0x6569804c        0x4 C:/GNU/MINGW64/i686-8.1.0-win32-dwarf-rt_v6-rev0/mingw32/bin/../lib/gcc/i686-w64-mingw32/8.1.0/../../../../i686-w64-mingw32/lib/../lib/libkernel32.a(dgzcs00725.o)
                0x6569804c                _imp__HeapCreate@12
 .idata$5       0x65698050        0x4 C:/GNU/MINGW64/i686-8.1.0-win32-dwarf-rt_v6-rev0/mingw32/bin/../lib/gcc/i686-w64-mingw32/8.1.0/../../../../i686-w64-mingw32/lib/../lib/libkernel32.a(dgzcs00727.o)
                0x65698050                _imp__HeapDestroy@4
 .idata$5       0x65698054        0x4 C:/GNU/MINGW64/i686-8.1.0-win32-dwarf-rt_v6-rev0/mingw32/bin/../lib/gcc/i686-w64-mingw32/8.1.0/../../../../i686-w64-mingw32/lib/../lib/libkernel32.a(dgzcs00729.o)
                0x65698054                _imp__HeapFree@12
 .idata$5       0x65698058        0x4 C:/GNU/MINGW64/i686-8.1.0-win32-dwarf-rt_v6-rev0/mingw32/bin/../lib/gcc/i686-w64-mingw32/8.1.0/../../../../i686-w64-mingw32/lib/../lib/libkernel32.a(dgzcs01335.o)
                0x65698058                _imp__lstrcpyA@8
 .idata$5       0x6569805c        0x4 C:/GNU/MINGW64/i686-8.1.0-win32-dwarf-rt_v6-rev0/mingw32/bin/../lib/gcc/i686-w64-mingw32/8.1.0/../../../../i686-w64-mingw32/lib/../lib/libkernel32.a(dgzcs01336.o)
                0x6569805c                _imp__lstrcpyW@8
 .idata$5       0x65698060        0x4 C:/GNU/MINGW64/i686-8.1.0-win32-dwarf-rt_v6-rev0/mingw32/bin/../lib/gcc/i686-w64-mingw32/8.1.0/../../../../i686-w64-mingw32/lib/../lib/libkernel32.a(dgzcs01342.o)
                0x65698060                _imp__lstrlenW@4
 .idata$5       0x65698064        0x4 C:/GNU/MINGW64/i686-8.1.0-win32-dwarf-rt_v6-rev0/mingw32/bin/../lib/gcc/i686-w64-mingw32/8.1.0/../../../../i686-w64-mingw32/lib/../lib/libkernel32.a(dgzct.o)
                0x65698068                __IAT_end__ = .
 SORT_BY_NAME(*)(.idata$6)
 .idata$6       0x65698068        0xc C:/GNU/MINGW64/i686-8.1.0-win32-dwarf-rt_v6-rev0/mingw32/bin/../lib/gcc/i686-w64-mingw32/8.1.0/../../../../i686-w64-mingw32/lib/../lib/libkernel32.a(dgzcs00723.o)
 .idata$6       0x65698074        0xe C:/GNU/MINGW64/i686-8.1.0-win32-dwarf-rt_v6-rev0/mingw32/bin/../lib/gcc/i686-w64-mingw32/8.1.0/../../../../i686-w64-mingw32/lib/../lib/libkernel32.a(dgzcs00725.o)
 .idata$6       0x65698082        0xe C:/GNU/MINGW64/i686-8.1.0-win32-dwarf-rt_v6-rev0/mingw32/bin/../lib/gcc/i686-w64-mingw32/8.1.0/../../../../i686-w64-mingw32/lib/../lib/libkernel32.a(dgzcs00727.o)
 .idata$6       0x65698090        0xc C:/GNU/MINGW64/i686-8.1.0-win32-dwarf-rt_v6-rev0/mingw32/bin/../lib/gcc/i686-w64-mingw32/8.1.0/../../../../i686-w64-mingw32/lib/../lib/libkernel32.a(dgzcs00729.o)
 .idata$6       0x6569809c        0xc C:/GNU/MINGW64/i686-8.1.0-win32-dwarf-rt_v6-rev0/mingw32/bin/../lib/gcc/i686-w64-mingw32/8.1.0/../../../../i686-w64-mingw32/lib/../lib/libkernel32.a(dgzcs01335.o)
 .idata$6       0x656980a8        0xc C:/GNU/MINGW64/i686-8.1.0-win32-dwarf-rt_v6-rev0/mingw32/bin/../lib/gcc/i686-w64-mingw32/8.1.0/../../../../i686-w64-mingw32/lib/../lib/libkernel32.a(dgzcs01336.o)
 .idata$6       0x656980b4        0xc C:/GNU/MINGW64/i686-8.1.0-win32-dwarf-rt_v6-rev0/mingw32/bin/../lib/gcc/i686-w64-mingw32/8.1.0/../../../../i686-w64-mingw32/lib/../lib/libkernel32.a(dgzcs01342.o)
 SORT_BY_NAME(*)(.idata$7)
 .idata$7       0x656980c0        0x4 C:/GNU/MINGW64/i686-8.1.0-win32-dwarf-rt_v6-rev0/mingw32/bin/../lib/gcc/i686-w64-mingw32/8.1.0/../../../../i686-w64-mingw32/lib/../lib/libkernel32.a(dgzcs00723.o)
 .idata$7       0x656980c4        0x4 C:/GNU/MINGW64/i686-8.1.0-win32-dwarf-rt_v6-rev0/mingw32/bin/../lib/gcc/i686-w64-mingw32/8.1.0/../../../../i686-w64-mingw32/lib/../lib/libkernel32.a(dgzcs00725.o)
 .idata$7       0x656980c8        0x4 C:/GNU/MINGW64/i686-8.1.0-win32-dwarf-rt_v6-rev0/mingw32/bin/../lib/gcc/i686-w64-mingw32/8.1.0/../../../../i686-w64-mingw32/lib/../lib/libkernel32.a(dgzcs00727.o)
 .idata$7       0x656980cc        0x4 C:/GNU/MINGW64/i686-8.1.0-win32-dwarf-rt_v6-rev0/mingw32/bin/../lib/gcc/i686-w64-mingw32/8.1.0/../../../../i686-w64-mingw32/lib/../lib/libkernel32.a(dgzcs00729.o)
 .idata$7       0x656980d0        0x4 C:/GNU/MINGW64/i686-8.1.0-win32-dwarf-rt_v6-rev0/mingw32/bin/../lib/gcc/i686-w64-mingw32/8.1.0/../../../../i686-w64-mingw32/lib/../lib/libkernel32.a(dgzcs01335.o)
 .idata$7       0x656980d4        0x4 C:/GNU/MINGW64/i686-8.1.0-win32-dwarf-rt_v6-rev0/mingw32/bin/../lib/gcc/i686-w64-mingw32/8.1.0/../../../../i686-w64-mingw32/lib/../lib/libkernel32.a(dgzcs01336.o)
 .idata$7       0x656980d8        0x4 C:/GNU/MINGW64/i686-8.1.0-win32-dwarf-rt_v6-rev0/mingw32/bin/../lib/gcc/i686-w64-mingw32/8.1.0/../../../../i686-w64-mingw32/lib/../lib/libkernel32.a(dgzcs01342.o)
 .idata$7       0x656980dc       0x10 C:/GNU/MINGW64/i686-8.1.0-win32-dwarf-rt_v6-rev0/mingw32/bin/../lib/gcc/i686-w64-mingw32/8.1.0/../../../../i686-w64-mingw32/lib/../lib/libkernel32.a(dgzct.o)
                0x656980dc                _lib32_libkernel32_a_iname

.CRT            0x65699000        0x0
                0x65699000                ___crt_xc_start__ = .
 *(SORT_BY_NAME(.CRT$XC*))
                0x65699000                ___crt_xc_end__ = .
                0x65699000                ___crt_xi_start__ = .
 *(SORT_BY_NAME(.CRT$XI*))
                0x65699000                ___crt_xi_end__ = .
                0x65699000                ___crt_xl_start__ = .
 *(SORT_BY_NAME(.CRT$XL*))
                0x65699000                ___crt_xp_start__ = .
 *(SORT_BY_NAME(.CRT$XP*))
                0x65699000                ___crt_xp_end__ = .
                0x65699000                ___crt_xt_start__ = .
 *(SORT_BY_NAME(.CRT$XT*))
                0x65699000                ___crt_xt_end__ = .

.tls            0x65699000        0x0
                0x65699000                ___tls_start__ = .
 *(.tls$AAA)
 *(.tls)
 *(.tls$)
 *(SORT_BY_NAME(.tls$*))
 *(.tls$ZZZ)
                0x65699000                ___tls_end__ = .

.endjunk        0x65699000        0x0
                [!provide]                PROVIDE (end = .)
                [!provide]                PROVIDE (_end = .)
                0x65699000                __end__ = .

.rsrc
 *(.rsrc)
 *(.rsrc$*)

.reloc          0x65699000      0x800
 *(.reloc)
 .reloc         0x65699000      0x7dc dll stuff

.stab
 *(.stab)

.stabstr
 *(.stabstr)

.debug_aranges
 *(.debug_aranges)

.zdebug_aranges
 *(.zdebug_aranges)

.debug_pubnames
 *(.debug_pubnames)

.zdebug_pubnames
 *(.zdebug_pubnames)

.debug_pubtypes
 *(.debug_pubtypes)

.zdebug_pubtypes
 *(.zdebug_pubtypes)

.debug_info
 *(.debug_info .gnu.linkonce.wi.*)

.zdebug_info
 *(.zdebug_info .zdebug.gnu.linkonce.wi.*)

.debug_abbrev
 *(.debug_abbrev)

.zdebug_abbrev
 *(.zdebug_abbrev)

.debug_line
 *(.debug_line)

.zdebug_line
 *(.zdebug_line)

.debug_frame
 *(.debug_frame*)

.zdebug_frame
 *(.zdebug_frame*)

.debug_str
 *(.debug_str)

.zdebug_str
 *(.zdebug_str)

.debug_loc
 *(.debug_loc)

.zdebug_loc
 *(.zdebug_loc)

.debug_macinfo
 *(.debug_macinfo)

.zdebug_macinfo
 *(.zdebug_macinfo)

.debug_weaknames
 *(.debug_weaknames)

.zdebug_weaknames
 *(.zdebug_weaknames)

.debug_funcnames
 *(.debug_funcnames)

.zdebug_funcnames
 *(.zdebug_funcnames)

.debug_typenames
 *(.debug_typenames)

.zdebug_typenames
 *(.zdebug_typenames)

.debug_varnames
 *(.debug_varnames)

.zdebug_varnames
 *(.zdebug_varnames)

.debug_macro
 *(.debug_macro)

.zdebug_macro
 *(.zdebug_macro)

.debug_ranges
 *(.debug_ranges)

.zdebug_ranges
 *(.zdebug_ranges)

.debug_types
 *(.debug_types .gnu.linkonce.wt.*)

.zdebug_types
 *(.zdebug_types .gnu.linkonce.wt.*)

.debug_gdb_scripts
 *(.debug_gdb_scripts)

.zdebug_gdb_scripts
 *(.zdebug_gdb_scripts)
OUTPUT(dist/x86_Release/x86-Windows/Palmtree.Math.Core.Implements.dll pei-i386)
LOAD dll stuff
