 Palmtree.Math.Core.Implements

 Timestamp is 5c554dab (Sat Feb  2 16:58:35 2019)

 Preferred load address is 0000000180000000

 Start         Length     Name                   Class
 0001:00000000 000130c0H .text$mn                CODE
 0001:000130c0 00000012H .text$mn$00             CODE
 0001:000130d2 00000081H .text$x                 CODE
 0002:00000000 00000148H .idata$5                DATA
 0002:00000148 00000010H .00cfg                  DATA
 0002:00000158 00000008H .CRT$XCA                DATA
 0002:00000160 00000008H .CRT$XCZ                DATA
 0002:00000168 00000008H .CRT$XIA                DATA
 0002:00000170 00000008H .CRT$XIZ                DATA
 0002:00000178 00000008H .CRT$XPA                DATA
 0002:00000180 00000008H .CRT$XPZ                DATA
 0002:00000188 00000008H .CRT$XTA                DATA
 0002:00000190 00000010H .CRT$XTZ                DATA
 0002:00000198 00000000H .gfids$y                DATA
 0002:000001a0 00000190H .rdata                  DATA
 0002:00000330 000002e8H .rdata$zzzdbg           DATA
 0002:00000618 00000008H .rtc$IAA                DATA
 0002:00000620 00000008H .rtc$IZZ                DATA
 0002:00000628 00000008H .rtc$TAA                DATA
 0002:00000630 00000008H .rtc$TZZ                DATA
 0002:00000638 00000ef8H .xdata                  DATA
 0002:00001530 00000078H .edata                  DATA
 0002:000015a8 0000003cH .idata$2                DATA
 0002:000015e4 00000014H .idata$3                DATA
 0002:000015f8 00000148H .idata$4                DATA
 0002:00001740 0000033eH .idata$6                DATA
 0003:00000000 000000c0H .data                   DATA
 0003:000000c0 00000948H .bss                    DATA
 0004:00000000 00000b04H .pdata                  DATA
 0005:00000000 000000a0H .rsrc$01                DATA
 0005:000000a0 000004b0H .rsrc$02                DATA

  Address         Publics by Value              Rva+Base               Lib:Object

 0000:00000000       __guard_longjmp_table      0000000000000000     <absolute>
 0000:00000000       ___safe_se_handler_count   0000000000000000     <absolute>
 0000:00000000       __dynamic_value_reloc_table 0000000000000000     <absolute>
 0000:00000000       __volatile_metadata        0000000000000000     <absolute>
 0000:00000000       __enclave_config           0000000000000000     <absolute>
 0000:00000000       __hybrid_code_map_count    0000000000000000     <absolute>
 0000:00000000       __guard_longjmp_count      0000000000000000     <absolute>
 0000:00000000       __guard_fids_count         0000000000000000     <absolute>
 0000:00000000       __guard_fids_table         0000000000000000     <absolute>
 0000:00000000       __guard_iat_table          0000000000000000     <absolute>
 0000:00000000       __hybrid_auxiliary_iat     0000000000000000     <absolute>
 0000:00000000       ___safe_se_handler_table   0000000000000000     <absolute>
 0000:00000000       __hybrid_code_map          0000000000000000     <absolute>
 0000:00000000       __guard_iat_count          0000000000000000     <absolute>
 0000:00000100       __guard_flags              0000000000000100     <absolute>
 0000:00000000       __ImageBase                0000000180000000     <linker-defined>
 0001:00000000       GetCPUInfo                 0000000180001000 f   cpuid.obj
 0001:000000b0       DoDebug                    00000001800010b0 f   debug.obj
 0001:000000c0       DllMain                    00000001800010c0 f   dllmain.obj
 0001:00000100       AllocateBlock              0000000180001100 f   memory.obj
 0001:00000180       AllocateHeapArea           0000000180001180 f   memory.obj
 0001:000001b0       AllocateNumber             00000001800011b0 f   memory.obj
 0001:00000220       AttatchNumber              0000000180001220 f   memory.obj
 0001:000004d0       CheckBlockLight            00000001800014d0 f   memory.obj
 0001:000004e0       CheckNumber                00000001800014e0 f   memory.obj
 0001:00000560       CommitNumber               0000000180001560 f   memory.obj
 0001:000006d0       DeallocateBlock            00000001800016d0 f   memory.obj
 0001:00000720       DeallocateHeapArea         0000000180001720 f   memory.obj
 0001:00000750       DeallocateNumber           0000000180001750 f   memory.obj
 0001:000007b0       DetatchNumber              00000001800017b0 f   memory.obj
 0001:000007c0       DuplicateNumber            00000001800017c0 f   memory.obj
 0001:00000950       Initialize_Memory          0000000180001950 f   memory.obj
 0001:00000ab0       PMC_Dispose                0000000180001ab0 f   memory.obj
 0001:00001160       Initialize_Add             0000000180002160 f   pmc_add.obj
 0001:00001180       PMC_Add_I_X                0000000180002180 f   pmc_add.obj
 0001:000011e0       PMC_Add_L_X                00000001800021e0 f   pmc_add.obj
 0001:00001240       PMC_Add_X_I                0000000180002240 f   pmc_add.obj
 0001:000013e0       PMC_Add_X_L                00000001800023e0 f   pmc_add.obj
 0001:00001580       PMC_Add_X_X                0000000180002580 f   pmc_add.obj
 0001:00001e90       Initialize_BitwiseAnd      0000000180002e90 f   pmc_bitwiseand.obj
 0001:00001ea0       PMC_BitwiseAnd_I_X         0000000180002ea0 f   pmc_bitwiseand.obj
 0001:00001f20       PMC_BitwiseAnd_L_X         0000000180002f20 f   pmc_bitwiseand.obj
 0001:00001fb0       PMC_BitwiseAnd_X_I         0000000180002fb0 f   pmc_bitwiseand.obj
 0001:00002030       PMC_BitwiseAnd_X_L         0000000180003030 f   pmc_bitwiseand.obj
 0001:000020b0       PMC_BitwiseAnd_X_X         00000001800030b0 f   pmc_bitwiseand.obj
 0001:000024f0       Initialize_BitwiseOr       00000001800034f0 f   pmc_bitwiseor.obj
 0001:00002500       PMC_BitwiseOr_I_X          0000000180003500 f   pmc_bitwiseor.obj
 0001:00002560       PMC_BitwiseOr_L_X          0000000180003560 f   pmc_bitwiseor.obj
 0001:000025c0       PMC_BitwiseOr_X_I          00000001800035c0 f   pmc_bitwiseor.obj
 0001:00002710       PMC_BitwiseOr_X_L          0000000180003710 f   pmc_bitwiseor.obj
 0001:00002870       PMC_BitwiseOr_X_X          0000000180003870 f   pmc_bitwiseor.obj
 0001:00002990       PMC_FromByteArray          0000000180003990 f   pmc_bytes.obj
 0001:00002a70       PMC_ToByteArray            0000000180003a70 f   pmc_bytes.obj
 0001:00002b10       Compare_Imp                0000000180003b10 f   pmc_compare.obj
 0001:00002b60       Initialize_Compare         0000000180003b60 f   pmc_compare.obj
 0001:00002b70       PMC_Compare_I_X            0000000180003b70 f   pmc_compare.obj
 0001:00002c60       PMC_Compare_L_X            0000000180003c60 f   pmc_compare.obj
 0001:00002d50       PMC_Compare_X_I            0000000180003d50 f   pmc_compare.obj
 0001:00002df0       PMC_Compare_X_L            0000000180003df0 f   pmc_compare.obj
 0001:00002e90       PMC_Compare_X_X            0000000180003e90 f   pmc_compare.obj
 0001:00003690       DivRem_X_1W                0000000180004690 f   pmc_divrem.obj
 0001:00003cb0       DivRem_X_X                 0000000180004cb0 f   pmc_divrem.obj
 0001:00004360       Initialize_DivRem          0000000180005360 f   pmc_divrem.obj
 0001:00004390       PMC_DivRem_I_X             0000000180005390 f   pmc_divrem.obj
 0001:00004460       PMC_DivRem_L_X             0000000180005460 f   pmc_divrem.obj
 0001:00004670       PMC_DivRem_X_I             0000000180005670 f   pmc_divrem.obj
 0001:00004800       PMC_DivRem_X_L             0000000180005800 f   pmc_divrem.obj
 0001:00004ac0       PMC_DivRem_X_X             0000000180005ac0 f   pmc_divrem.obj
 0001:00006890       Equals_X_X                 0000000180007890 f   pmc_equals.obj
 0001:000068c0       Initialize_Equals          00000001800078c0 f   pmc_equals.obj
 0001:000068d0       PMC_Equals_I_X             00000001800078d0 f   pmc_equals.obj
 0001:00006930       PMC_Equals_L_X             0000000180007930 f   pmc_equals.obj
 0001:00006990       PMC_Equals_X_I             0000000180007990 f   pmc_equals.obj
 0001:00006a50       PMC_Equals_X_L             0000000180007a50 f   pmc_equals.obj
 0001:00006b10       PMC_Equals_X_X             0000000180007b10 f   pmc_equals.obj
 0001:00006f30       Initialize_ExclusiveOr     0000000180007f30 f   pmc_exclusiveor.obj
 0001:00006f40       PMC_ExclusiveOr_I_X        0000000180007f40 f   pmc_exclusiveor.obj
 0001:00006fa0       PMC_ExclusiveOr_L_X        0000000180007fa0 f   pmc_exclusiveor.obj
 0001:00007000       PMC_ExclusiveOr_X_I        0000000180008000 f   pmc_exclusiveor.obj
 0001:00007170       PMC_ExclusiveOr_X_L        0000000180008170 f   pmc_exclusiveor.obj
 0001:000072f0       PMC_ExclusiveOr_X_X        00000001800082f0 f   pmc_exclusiveor.obj
 0001:00007440       From_I_Imp                 0000000180008440 f   pmc_from.obj
 0001:000074a0       From_L_Imp                 00000001800084a0 f   pmc_from.obj
 0001:00007500       Initialize_From            0000000180008500 f   pmc_from.obj
 0001:00007510       PMC_From_I                 0000000180008510 f   pmc_from.obj
 0001:00007590       PMC_From_L                 0000000180008590 f   pmc_from.obj
 0001:00007610       Initialize_GetPropertyValue 0000000180008610 f   pmc_getpropertyvalue.obj
 0001:00007620       PMC_GetPropertyValue_X_I   0000000180008620 f   pmc_getpropertyvalue.obj
 0001:00007800       Initialize_GreatestCommonDivisor 0000000180008800 f   pmc_greatestcommondivisor.obj
 0001:00007810       PMC_GreatestCommonDivisor_I_X 0000000180008810 f   pmc_greatestcommondivisor.obj
 0001:00007870       PMC_GreatestCommonDivisor_L_X 0000000180008870 f   pmc_greatestcommondivisor.obj
 0001:000078d0       PMC_GreatestCommonDivisor_X_I 00000001800088d0 f   pmc_greatestcommondivisor.obj
 0001:00007bb0       PMC_GreatestCommonDivisor_X_L 0000000180008bb0 f   pmc_greatestcommondivisor.obj
 0001:00007e80       PMC_GreatestCommonDivisor_X_X 0000000180008e80 f   pmc_greatestcommondivisor.obj
 0001:00008110       PMC_Initialize             0000000180009110 f   pmc_initialize.obj
 0001:00008650       Initialize_ModPow          0000000180009650 f   pmc_modpow.obj
 0001:00008de0       PMC_ModPow_X_X_X           0000000180009de0 f   pmc_modpow.obj
 0001:00009090       Initialize_Multiply        000000018000a090 f   pmc_multiply.obj
 0001:0000aa00       Multiply_X_X_Imp           000000018000ba00 f   pmc_multiply.obj
 0001:0000ab30       PMC_Multiply_I_X           000000018000bb30 f   pmc_multiply.obj
 0001:0000ab90       PMC_Multiply_L_X           000000018000bb90 f   pmc_multiply.obj
 0001:0000abf0       PMC_Multiply_X_I           000000018000bbf0 f   pmc_multiply.obj
 0001:0000ad50       PMC_Multiply_X_L           000000018000bd50 f   pmc_multiply.obj
 0001:0000aeb0       PMC_Multiply_X_X           000000018000beb0 f   pmc_multiply.obj
 0001:0000b460       Initialize_Parse           000000018000c460 f   pmc_parse.obj
 0001:0000c820       PMC_TryParse               000000018000d820 f   pmc_parse.obj
 0001:0000d870       Initialize_Pow             000000018000e870 f   pmc_pow.obj
 0001:0000d880       PMC_Pow_X_I                000000018000e880 f   pmc_pow.obj
 0001:0000dbc0       Initialize_Shift           000000018000ebc0 f   pmc_shift.obj
 0001:0000dbd0       LeftShift_Imp              000000018000ebd0 f   pmc_shift.obj
 0001:0000e3b0       LeftShift_Imp_DIV          000000018000f3b0 f   pmc_shift.obj
 0001:0000e9e0       PMC_LeftShift_X_I          000000018000f9e0 f   pmc_shift.obj
 0001:0000eb00       PMC_LeftShift_X_L          000000018000fb00 f   pmc_shift.obj
 0001:0000ec20       PMC_RightShift_X_I         000000018000fc20 f   pmc_shift.obj
 0001:0000ed40       PMC_RightShift_X_L         000000018000fd40 f   pmc_shift.obj
 0001:0000ee60       RightShift_Imp             000000018000fe60 f   pmc_shift.obj
 0001:0000f640       RightShift_Imp_DIV         0000000180010640 f   pmc_shift.obj
 0001:0000fc80       PMC_GetStatisticsInfo      0000000180010c80 f   pmc_statistics.obj
 0001:0000fcb0       Initialize_Subtruct        0000000180010cb0 f   pmc_subtruct.obj
 0001:0000fcc0       PMC_Subtruct_I_X           0000000180010cc0 f   pmc_subtruct.obj
 0001:0000fda0       PMC_Subtruct_L_X           0000000180010da0 f   pmc_subtruct.obj
 0001:0000fe70       PMC_Subtruct_X_I           0000000180010e70 f   pmc_subtruct.obj
 0001:00010000       PMC_Subtruct_X_L           0000000180011000 f   pmc_subtruct.obj
 0001:00010190       PMC_Subtruct_X_X           0000000180011190 f   pmc_subtruct.obj
 0001:00010320       Subtruct_Imp               0000000180011320 f   pmc_subtruct.obj
 0001:00010850       Initialize_To              0000000180011850 f   pmc_to.obj
 0001:00010860       PMC_To_X_I                 0000000180011860 f   pmc_to.obj
 0001:000108c0       PMC_To_X_L                 00000001800118c0 f   pmc_to.obj
 0001:00010930       Initialize_ToString        0000000180011930 f   pmc_tostring.obj
 0001:00010a80       PMC_ToString               0000000180011a80 f   pmc_tostring.obj
 0001:00011c9e       HeapCreate                 0000000180012c9e f   kernel32:KERNEL32.dll
 0001:00011ca4       HeapDestroy                0000000180012ca4 f   kernel32:KERNEL32.dll
 0001:00011caa       HeapAlloc                  0000000180012caa f   kernel32:KERNEL32.dll
 0001:00011cb0       HeapFree                   0000000180012cb0 f   kernel32:KERNEL32.dll
 0001:00011cb6       lstrcpyA                   0000000180012cb6 f   kernel32:KERNEL32.dll
 0001:00011cbc       lstrcpyW                   0000000180012cbc f   kernel32:KERNEL32.dll
 0001:00011cc2       lstrlenW                   0000000180012cc2 f   kernel32:KERNEL32.dll
 0001:00011cc8       __GSHandlerCheck           0000000180012cc8 f   MSVCRT:gshandler.obj
 0001:00011ce8       __GSHandlerCheckCommon     0000000180012ce8 f   MSVCRT:gshandler.obj
 0001:00011d60       __security_check_cookie    0000000180012d60 f   MSVCRT:amdsecgs.obj
 0001:000120d0       _CRT_INIT                  00000001800130d0 f   MSVCRT:dll_dllmain.obj
 0001:000120d8       _DllMainCRTStartup         00000001800130d8 f   MSVCRT:dll_dllmain.obj
 0001:00012118       __raise_securityfailure    0000000180013118 f   MSVCRT:gs_report.obj
 0001:0001214c       __report_gsfailure         000000018001314c f   MSVCRT:gs_report.obj
 0001:00012220       __report_rangecheckfailure 0000000180013220 f   MSVCRT:gs_report.obj
 0001:00012234       __report_securityfailure   0000000180013234 f   MSVCRT:gs_report.obj
 0001:000122d0       __report_securityfailureEx 00000001800132d0 f   MSVCRT:gs_report.obj
 0001:00012530       __security_init_cookie     0000000180013530 f   MSVCRT:gs_support.obj
 0001:000125dc       ?__scrt_initialize_type_info@@YAXXZ 00000001800135dc f   MSVCRT:tncleanup.obj
 0001:000125ec       ?__scrt_uninitialize_type_info@@YAXXZ 00000001800135ec f   MSVCRT:tncleanup.obj
 0001:000125f8       __local_stdio_printf_options 00000001800135f8 f i MSVCRT:default_local_stdio_options.obj
 0001:00012600       __local_stdio_scanf_options 0000000180013600 f i MSVCRT:default_local_stdio_options.obj
 0001:00012608       __scrt_initialize_default_local_stdio_options 0000000180013608 f   MSVCRT:default_local_stdio_options.obj
 0001:00012624       ??$__crt_fast_decode_pointer@PEAP6AXXZ@@YAPEAP6AXXZQEAP6AXXZ@Z 0000000180013624 f i MSVCRT:utility.obj
 0001:0001263c       ??$__crt_fast_encode_pointer@PEAP6AXXZ@@YAPEAP6AXXZQEAP6AXXZ@Z 000000018001363c f i MSVCRT:utility.obj
 0001:0001265c       ?__crt_rotate_pointer_value@@YA_K_KH@Z 000000018001365c f i MSVCRT:utility.obj
 0001:00012668       ?configure_argv@__scrt_narrow_argv_policy@@SAHXZ 0000000180013668 f i MSVCRT:utility.obj
 0001:000126c8       ?initialize_environment@__scrt_narrow_environment_policy@@SAHXZ 00000001800136c8 f i MSVCRT:utility.obj
 0001:00012700       NtCurrentTeb               0000000180013700 f i MSVCRT:utility.obj
 0001:0001270c       __scrt_acquire_startup_lock 000000018001370c f   MSVCRT:utility.obj
 0001:00012748       __scrt_dllmain_after_initialize_c 0000000180013748 f   MSVCRT:utility.obj
 0001:0001277c       __scrt_dllmain_before_initialize_c 000000018001377c f   MSVCRT:utility.obj
 0001:00012794       __scrt_dllmain_crt_thread_attach 0000000180013794 f   MSVCRT:utility.obj
 0001:000127bc       __scrt_dllmain_crt_thread_detach 00000001800137bc f   MSVCRT:utility.obj
 0001:000127d4       __scrt_dllmain_exception_filter 00000001800137d4 f   MSVCRT:utility.obj
 0001:00012834       __scrt_dllmain_uninitialize_c 0000000180013834 f   MSVCRT:utility.obj
 0001:00012864       __scrt_dllmain_uninitialize_critical 0000000180013864 f   MSVCRT:utility.obj
 0001:00012878       __scrt_initialize_crt      0000000180013878 f   MSVCRT:utility.obj
 0001:000128c4       __scrt_initialize_onexit_tables 00000001800138c4 f   MSVCRT:utility.obj
 0001:0001299c       __scrt_is_nonwritable_in_current_image 000000018001399c f   MSVCRT:utility.obj
 0001:00012a38       __scrt_release_startup_lock 0000000180013a38 f   MSVCRT:utility.obj
 0001:00012a5c       __scrt_uninitialize_crt    0000000180013a5c f   MSVCRT:utility.obj
 0001:00012a88       _onexit                    0000000180013a88 f   MSVCRT:utility.obj
 0001:00012ad8       at_quick_exit              0000000180013ad8 f   MSVCRT:utility.obj
 0001:00012b10       atexit                     0000000180013b10 f   MSVCRT:utility.obj
 0001:00012b28       __scrt_get_dyn_tls_init_callback 0000000180013b28 f   MSVCRT:dyn_tls_init.obj
 0001:00012b30       __crt_debugger_hook        0000000180013b30 f   MSVCRT:utility_desktop.obj
 0001:00012b38       __scrt_fastfail            0000000180013b38 f   MSVCRT:utility_desktop.obj
 0001:00012c84       __scrt_get_show_window_mode 0000000180013c84 f   MSVCRT:utility_desktop.obj
 0001:00012cc0       __scrt_initialize_mta      0000000180013cc0 f   MSVCRT:utility_desktop.obj
 0001:00012cc8       __scrt_initialize_winrt    0000000180013cc8 f   MSVCRT:utility_desktop.obj
 0001:00012ccc       __scrt_is_managed_app      0000000180013ccc f   MSVCRT:utility_desktop.obj
 0001:00012d20       __scrt_set_unhandled_exception_filter 0000000180013d20 f   MSVCRT:utility_desktop.obj
 0001:00012d30       __scrt_exe_initialize_mta  0000000180013d30 f   MSVCRT:utility_desktop.obj
 0001:00012d30       __scrt_stub_for_initialize_mta 0000000180013d30 f   MSVCRT:utility_desktop.obj
 0001:00012d34       __scrt_unhandled_exception_filter 0000000180013d34 f   MSVCRT:utility_desktop.obj
 0001:00012d6c       _RTC_Initialize            0000000180013d6c f   MSVCRT:initsect.obj
 0001:00012da8       _RTC_Terminate             0000000180013da8 f   MSVCRT:initsect.obj
 0001:00012de4       _guard_check_icall_nop     0000000180013de4 f i MSVCRT:guard_support.obj
 0001:00012de8       ReadNoFence64              0000000180013de8 f i MSVCRT:guard_support.obj
 0001:00012dec       ReadPointerNoFence         0000000180013dec f i MSVCRT:guard_support.obj
 0001:00012df0       _guard_icall_checks_enforced 0000000180013df0 f i MSVCRT:guard_support.obj
 0001:00012e08       _guard_rf_checks_enforced  0000000180013e08 f i MSVCRT:guard_support.obj
 0001:00012e0c       __isa_available_init       0000000180013e0c f   MSVCRT:cpu_disp.obj
 0001:00012fc8       _get_startup_argv_mode     0000000180013fc8 f   MSVCRT:argv_mode.obj
 0001:00012fd0       __scrt_is_ucrt_dll_in_use  0000000180013fd0 f   MSVCRT:ucrt_detection.obj
 0001:00012fe0       __C_specific_handler       0000000180013fe0 f   vcruntime:VCRUNTIME140.dll
 0001:00012fe6       __std_type_info_destroy_list 0000000180013fe6 f   vcruntime:VCRUNTIME140.dll
 0001:00012fec       memset                     0000000180013fec f   vcruntime:VCRUNTIME140.dll
 0001:00012ff2       _initterm                  0000000180013ff2 f   ucrt:api-ms-win-crt-runtime-l1-1-0.dll
 0001:00012ff8       _initterm_e                0000000180013ff8 f   ucrt:api-ms-win-crt-runtime-l1-1-0.dll
 0001:00012ffe       _seh_filter_dll            0000000180013ffe f   ucrt:api-ms-win-crt-runtime-l1-1-0.dll
 0001:00013004       _configure_narrow_argv     0000000180014004 f   ucrt:api-ms-win-crt-runtime-l1-1-0.dll
 0001:0001300a       _initialize_narrow_environment 000000018001400a f   ucrt:api-ms-win-crt-runtime-l1-1-0.dll
 0001:00013010       _initialize_onexit_table   0000000180014010 f   ucrt:api-ms-win-crt-runtime-l1-1-0.dll
 0001:00013016       _register_onexit_function  0000000180014016 f   ucrt:api-ms-win-crt-runtime-l1-1-0.dll
 0001:0001301c       _execute_onexit_table      000000018001401c f   ucrt:api-ms-win-crt-runtime-l1-1-0.dll
 0001:00013022       _crt_atexit                0000000180014022 f   ucrt:api-ms-win-crt-runtime-l1-1-0.dll
 0001:00013028       _crt_at_quick_exit         0000000180014028 f   ucrt:api-ms-win-crt-runtime-l1-1-0.dll
 0001:0001302e       _cexit                     000000018001402e f   ucrt:api-ms-win-crt-runtime-l1-1-0.dll
 0001:00013034       terminate                  0000000180014034 f   ucrt:api-ms-win-crt-runtime-l1-1-0.dll
 0001:0001303a       RtlCaptureContext          000000018001403a f   kernel32:KERNEL32.dll
 0001:00013040       RtlLookupFunctionEntry     0000000180014040 f   kernel32:KERNEL32.dll
 0001:00013046       RtlVirtualUnwind           0000000180014046 f   kernel32:KERNEL32.dll
 0001:0001304c       UnhandledExceptionFilter   000000018001404c f   kernel32:KERNEL32.dll
 0001:00013052       SetUnhandledExceptionFilter 0000000180014052 f   kernel32:KERNEL32.dll
 0001:00013058       GetCurrentProcess          0000000180014058 f   kernel32:KERNEL32.dll
 0001:0001305e       TerminateProcess           000000018001405e f   kernel32:KERNEL32.dll
 0001:00013064       IsProcessorFeaturePresent  0000000180014064 f   kernel32:KERNEL32.dll
 0001:0001306a       QueryPerformanceCounter    000000018001406a f   kernel32:KERNEL32.dll
 0001:00013070       GetCurrentProcessId        0000000180014070 f   kernel32:KERNEL32.dll
 0001:00013076       GetCurrentThreadId         0000000180014076 f   kernel32:KERNEL32.dll
 0001:0001307c       GetSystemTimeAsFileTime    000000018001407c f   kernel32:KERNEL32.dll
 0001:00013082       InitializeSListHead        0000000180014082 f   kernel32:KERNEL32.dll
 0001:00013088       IsDebuggerPresent          0000000180014088 f   kernel32:KERNEL32.dll
 0001:0001308e       GetStartupInfoW            000000018001408e f   kernel32:KERNEL32.dll
 0001:00013094       GetModuleHandleW           0000000180014094 f   kernel32:KERNEL32.dll
 0001:0001309c       __acrt_initialize          000000018001409c f   MSVCRT:ucrt_stubs.obj
 0001:0001309c       __scrt_stub_for_acrt_initialize 000000018001409c f   MSVCRT:ucrt_stubs.obj
 0001:0001309c       __vcrt_initialize          000000018001409c f   MSVCRT:ucrt_stubs.obj
 0001:000130a0       __vcrt_thread_attach       00000001800140a0 f   MSVCRT:ucrt_stubs.obj
 0001:000130a0       __acrt_thread_attach       00000001800140a0 f   MSVCRT:ucrt_stubs.obj
 0001:000130a0       __scrt_stub_for_acrt_thread_attach 00000001800140a0 f   MSVCRT:ucrt_stubs.obj
 0001:000130a4       __scrt_stub_for_acrt_thread_detach 00000001800140a4 f   MSVCRT:ucrt_stubs.obj
 0001:000130a4       __vcrt_thread_detach       00000001800140a4 f   MSVCRT:ucrt_stubs.obj
 0001:000130a4       __acrt_thread_detach       00000001800140a4 f   MSVCRT:ucrt_stubs.obj
 0001:000130a8       __acrt_uninitialize        00000001800140a8 f   MSVCRT:ucrt_stubs.obj
 0001:000130a8       __scrt_stub_for_acrt_uninitialize 00000001800140a8 f   MSVCRT:ucrt_stubs.obj
 0001:000130a8       __vcrt_uninitialize        00000001800140a8 f   MSVCRT:ucrt_stubs.obj
 0001:000130ac       __scrt_stub_for_acrt_uninitialize_critical 00000001800140ac f   MSVCRT:ucrt_stubs.obj
 0001:000130ac       __acrt_uninitialize_critical 00000001800140ac f   MSVCRT:ucrt_stubs.obj
 0001:000130ac       __vcrt_uninitialize_critical 00000001800140ac f   MSVCRT:ucrt_stubs.obj
 0001:000130b0       __scrt_stub_for_is_c_termination_complete 00000001800140b0 f   MSVCRT:ucrt_stubs.obj
 0001:000130b0       _is_c_termination_complete 00000001800140b0 f   MSVCRT:ucrt_stubs.obj
 0001:000130d0       _guard_dispatch_icall_nop  00000001800140d0 f   MSVCRT:guard_dispatch.obj
 0002:00000000       __imp_HeapCreate           0000000180015000     kernel32:KERNEL32.dll
 0002:00000008       __imp_HeapDestroy          0000000180015008     kernel32:KERNEL32.dll
 0002:00000010       __imp_HeapAlloc            0000000180015010     kernel32:KERNEL32.dll
 0002:00000018       __imp_HeapFree             0000000180015018     kernel32:KERNEL32.dll
 0002:00000020       __imp_lstrcpyA             0000000180015020     kernel32:KERNEL32.dll
 0002:00000028       __imp_lstrcpyW             0000000180015028     kernel32:KERNEL32.dll
 0002:00000030       __imp_lstrlenW             0000000180015030     kernel32:KERNEL32.dll
 0002:00000038       __imp_GetStartupInfoW      0000000180015038     kernel32:KERNEL32.dll
 0002:00000040       __imp_IsDebuggerPresent    0000000180015040     kernel32:KERNEL32.dll
 0002:00000048       __imp_InitializeSListHead  0000000180015048     kernel32:KERNEL32.dll
 0002:00000050       __imp_GetSystemTimeAsFileTime 0000000180015050     kernel32:KERNEL32.dll
 0002:00000058       __imp_GetCurrentThreadId   0000000180015058     kernel32:KERNEL32.dll
 0002:00000060       __imp_GetCurrentProcessId  0000000180015060     kernel32:KERNEL32.dll
 0002:00000068       __imp_QueryPerformanceCounter 0000000180015068     kernel32:KERNEL32.dll
 0002:00000070       __imp_IsProcessorFeaturePresent 0000000180015070     kernel32:KERNEL32.dll
 0002:00000078       __imp_TerminateProcess     0000000180015078     kernel32:KERNEL32.dll
 0002:00000080       __imp_GetCurrentProcess    0000000180015080     kernel32:KERNEL32.dll
 0002:00000088       __imp_SetUnhandledExceptionFilter 0000000180015088     kernel32:KERNEL32.dll
 0002:00000090       __imp_UnhandledExceptionFilter 0000000180015090     kernel32:KERNEL32.dll
 0002:00000098       __imp_RtlVirtualUnwind     0000000180015098     kernel32:KERNEL32.dll
 0002:000000a0       __imp_GetModuleHandleW     00000001800150a0     kernel32:KERNEL32.dll
 0002:000000a8       __imp_RtlLookupFunctionEntry 00000001800150a8     kernel32:KERNEL32.dll
 0002:000000b0       __imp_RtlCaptureContext    00000001800150b0     kernel32:KERNEL32.dll
 0002:000000b8       \177KERNEL32_NULL_THUNK_DATA 00000001800150b8     kernel32:KERNEL32.dll
 0002:000000c0       __imp___C_specific_handler 00000001800150c0     vcruntime:VCRUNTIME140.dll
 0002:000000c8       __imp_memset               00000001800150c8     vcruntime:VCRUNTIME140.dll
 0002:000000d0       __imp___std_type_info_destroy_list 00000001800150d0     vcruntime:VCRUNTIME140.dll
 0002:000000d8       \177VCRUNTIME140_NULL_THUNK_DATA 00000001800150d8     vcruntime:VCRUNTIME140.dll
 0002:000000e0       __imp__register_onexit_function 00000001800150e0     ucrt:api-ms-win-crt-runtime-l1-1-0.dll
 0002:000000e8       __imp__initialize_onexit_table 00000001800150e8     ucrt:api-ms-win-crt-runtime-l1-1-0.dll
 0002:000000f0       __imp__crt_at_quick_exit   00000001800150f0     ucrt:api-ms-win-crt-runtime-l1-1-0.dll
 0002:000000f8       __imp__configure_narrow_argv 00000001800150f8     ucrt:api-ms-win-crt-runtime-l1-1-0.dll
 0002:00000100       __imp__seh_filter_dll      0000000180015100     ucrt:api-ms-win-crt-runtime-l1-1-0.dll
 0002:00000108       __imp__initterm_e          0000000180015108     ucrt:api-ms-win-crt-runtime-l1-1-0.dll
 0002:00000110       __imp__initterm            0000000180015110     ucrt:api-ms-win-crt-runtime-l1-1-0.dll
 0002:00000118       __imp__execute_onexit_table 0000000180015118     ucrt:api-ms-win-crt-runtime-l1-1-0.dll
 0002:00000120       __imp__cexit               0000000180015120     ucrt:api-ms-win-crt-runtime-l1-1-0.dll
 0002:00000128       __imp__initialize_narrow_environment 0000000180015128     ucrt:api-ms-win-crt-runtime-l1-1-0.dll
 0002:00000130       __imp_terminate            0000000180015130     ucrt:api-ms-win-crt-runtime-l1-1-0.dll
 0002:00000138       __imp__crt_atexit          0000000180015138     ucrt:api-ms-win-crt-runtime-l1-1-0.dll
 0002:00000140       \177api-ms-win-crt-runtime-l1-1-0_NULL_THUNK_DATA 0000000180015140     ucrt:api-ms-win-crt-runtime-l1-1-0.dll
 0002:00000148       __guard_check_icall_fptr   0000000180015148     MSVCRT:guard_support.obj
 0002:00000150       __guard_dispatch_icall_fptr 0000000180015150     MSVCRT:guard_support.obj
 0002:00000158       __xc_a                     0000000180015158     MSVCRT:initializers.obj
 0002:00000160       __xc_z                     0000000180015160     MSVCRT:initializers.obj
 0002:00000168       __xi_a                     0000000180015168     MSVCRT:initializers.obj
 0002:00000170       __xi_z                     0000000180015170     MSVCRT:initializers.obj
 0002:00000178       __xp_a                     0000000180015178     MSVCRT:initializers.obj
 0002:00000180       __xp_z                     0000000180015180     MSVCRT:initializers.obj
 0002:00000188       __xt_a                     0000000180015188     MSVCRT:initializers.obj
 0002:00000190       __xt_z                     0000000180015190     MSVCRT:initializers.obj
 0002:000001a0       ??_C@_13DEFPDAGF@?$AA?0@   00000001800151a0     pmc_parse.obj
 0002:000001a4       ??_C@_13JOFGPIOO@?$AA?4@   00000001800151a4     pmc_parse.obj
 0002:000001a8       ??_C@_01EKENIIDA@3@        00000001800151a8     pmc_parse.obj
 0002:000001ac       ??_C@_13KJIIAINM@?$AA?$CL@ 00000001800151ac     pmc_parse.obj
 0002:000001b0       ??_C@_13IMODFHAA@?$AA?9@   00000001800151b0     pmc_parse.obj
 0002:000001b8       _pRawDllMain               00000001800151b8     MSVCRT:dll_dllmain.obj
 0002:000001b8       _pDefaultRawDllMain        00000001800151b8     MSVCRT:dll_dllmain.obj
 0002:00000230       _load_config_used          0000000180015230     MSVCRT:loadcfg.obj
 0002:00000618       __rtc_iaa                  0000000180015618     MSVCRT:initsect.obj
 0002:00000620       __rtc_izz                  0000000180015620     MSVCRT:initsect.obj
 0002:00000628       __rtc_taa                  0000000180015628     MSVCRT:initsect.obj
 0002:00000630       __rtc_tzz                  0000000180015630     MSVCRT:initsect.obj
 0002:000015a8       __IMPORT_DESCRIPTOR_KERNEL32 00000001800165a8     kernel32:KERNEL32.dll
 0002:000015bc       __IMPORT_DESCRIPTOR_VCRUNTIME140 00000001800165bc     vcruntime:VCRUNTIME140.dll
 0002:000015d0       __IMPORT_DESCRIPTOR_api-ms-win-crt-runtime-l1-1-0 00000001800165d0     ucrt:api-ms-win-crt-runtime-l1-1-0.dll
 0002:000015e4       __NULL_IMPORT_DESCRIPTOR   00000001800165e4     kernel32:KERNEL32.dll
 0003:00000070       __security_cookie_complement 0000000180017070     MSVCRT:gs_cookie.obj
 0003:00000078       __security_cookie          0000000180017078     MSVCRT:gs_cookie.obj
 0003:00000080       __scrt_native_dllmain_reason 0000000180017080     MSVCRT:utility.obj
 0003:00000088       __isa_available            0000000180017088     MSVCRT:cpu_disp.obj
 0003:0000008c       __isa_enabled              000000018001708c     MSVCRT:cpu_disp.obj
 0003:00000090       __memcpy_nt_iters          0000000180017090     MSVCRT:cpu_disp.obj
 0003:000000a0       __scrt_ucrt_dll_is_in_use  00000001800170a0     MSVCRT:ucrt_stubs.obj
 0003:000008e0       ?__type_info_root_node@@3U__type_info_node@@A 00000001800178e0     MSVCRT:tncleanup.obj
 0003:000008f0       ?_OptionsStorage@?1??__local_stdio_printf_options@@9@4_KA 00000001800178f0     MSVCRT:default_local_stdio_options.obj
 0003:000008f8       ?_OptionsStorage@?1??__local_stdio_scanf_options@@9@4_KA 00000001800178f8     MSVCRT:default_local_stdio_options.obj
 0003:00000900       __scrt_current_native_startup_state 0000000180017900     MSVCRT:utility.obj
 0003:00000908       __scrt_native_startup_lock 0000000180017908     MSVCRT:utility.obj
 0003:00000948       __scrt_debugger_hook_flag  0000000180017948     MSVCRT:utility_desktop.obj
 0003:0000094c       __favor                    000000018001794c     MSVCRT:cpu_disp.obj
 0003:00000950       statistics_info            0000000180017950     <common>
 0003:00000960       configuration_info         0000000180017960     <common>
 0003:00000968       hLocalHeap                 0000000180017968     <common>
 0003:00000980       number_one                 0000000180017980     <common>
 0003:000009c0       number_zero                00000001800179c0     <common>
 0003:00000a00       __dyn_tls_init_callback    0000000180017a00     <common>

 entry point at        0001:000120d8

 Static symbols

 0000:fffe5000       .debug$S                   0000000180000000     kernel32:KERNEL32.dll
 0000:fffe5000       .debug$S                   0000000180000000     kernel32:KERNEL32.dll
 0000:fffe5000       .debug$S                   0000000180000000     kernel32:KERNEL32.dll
 0002:fffeb000       __guard_fids__             0000000180000000     MSVCRT:guard_support.obj
 0000:fffe5000       .debug$S                   0000000180000000     kernel32:KERNEL32.dll
 0002:fffeb000       __guard_fids__guard_icall_checks_enforced 0000000180000000     MSVCRT:guard_support.obj
 0000:fffe5000       .debug$S                   0000000180000000     kernel32:KERNEL32.dll
 0000:fffe5000       .debug$S                   0000000180000000     kernel32:KERNEL32.dll
 0000:fffe5000       .debug$S                   0000000180000000     Palmtree.Math.Core.Implements.exp
 0000:fffe5000       .debug$S                   0000000180000000     vcruntime:VCRUNTIME140.dll
 0000:fffe5000       .debug$S                   0000000180000000     kernel32:KERNEL32.dll
 0000:fffe5000       .debug$S                   0000000180000000     kernel32:KERNEL32.dll
 0000:fffe5000       .debug$S                   0000000180000000     kernel32:KERNEL32.dll
 0000:fffe5000       .debug$S                   0000000180000000     kernel32:KERNEL32.dll
 0000:fffe5000       .debug$S                   0000000180000000     kernel32:KERNEL32.dll
 0000:fffe5000       .debug$S                   0000000180000000     kernel32:KERNEL32.dll
 0000:fffe5000       .debug$S                   0000000180000000     kernel32:KERNEL32.dll
 0000:fffe5000       .debug$S                   0000000180000000     kernel32:KERNEL32.dll
 0000:fffe5000       .debug$S                   0000000180000000     kernel32:KERNEL32.dll
 0000:fffe5000       .debug$S                   0000000180000000     kernel32:KERNEL32.dll
 0000:fffe5000       .debug$S                   0000000180000000     kernel32:KERNEL32.dll
 0000:fffe5000       .debug$S                   0000000180000000     kernel32:KERNEL32.dll
 0000:fffe5000       .debug$S                   0000000180000000     kernel32:KERNEL32.dll
 0000:fffe5000       .debug$S                   0000000180000000     kernel32:KERNEL32.dll
 0000:fffe5000       .debug$S                   0000000180000000     kernel32:KERNEL32.dll
 0000:fffe5000       .debug$S                   0000000180000000     kernel32:KERNEL32.dll
 0000:fffe5000       .debug$S                   0000000180000000     kernel32:KERNEL32.dll
 0000:fffe5000       .debug$S                   0000000180000000     ucrt:api-ms-win-crt-runtime-l1-1-0.dll
 0000:fffe5000       .debug$S                   0000000180000000     ucrt:api-ms-win-crt-runtime-l1-1-0.dll
 0000:fffe5000       .debug$S                   0000000180000000     ucrt:api-ms-win-crt-runtime-l1-1-0.dll
 0000:fffe5000       .debug$S                   0000000180000000     ucrt:api-ms-win-crt-runtime-l1-1-0.dll
 0000:fffe5000       .debug$S                   0000000180000000     ucrt:api-ms-win-crt-runtime-l1-1-0.dll
 0000:fffe5000       .debug$S                   0000000180000000     ucrt:api-ms-win-crt-runtime-l1-1-0.dll
 0000:fffe5000       .debug$S                   0000000180000000     ucrt:api-ms-win-crt-runtime-l1-1-0.dll
 0000:fffe5000       .debug$S                   0000000180000000     ucrt:api-ms-win-crt-runtime-l1-1-0.dll
 0000:fffe5000       .debug$S                   0000000180000000     ucrt:api-ms-win-crt-runtime-l1-1-0.dll
 0000:fffe5000       .debug$S                   0000000180000000     ucrt:api-ms-win-crt-runtime-l1-1-0.dll
 0000:fffe5000       .debug$S                   0000000180000000     ucrt:api-ms-win-crt-runtime-l1-1-0.dll
 0000:fffe5000       .debug$S                   0000000180000000     ucrt:api-ms-win-crt-runtime-l1-1-0.dll
 0002:fffeb000       __guard_fids_?dllmain_dispatch@@YAHQEAUHINSTANCE__@@KQEAX@Z 0000000180000000     MSVCRT:dll_dllmain.obj
 0000:fffe5000       .debug$S                   0000000180000000     vcruntime:VCRUNTIME140.dll
 0000:fffe5000       .debug$S                   0000000180000000     vcruntime:VCRUNTIME140.dll
 0002:fffeb000       __guard_fids___scrt_set_unhandled_exception_filter 0000000180000000     MSVCRT:utility_desktop.obj
 0001:00000240       CalculateCheckCode         0000000180001240 f   memory.obj
 0001:00000500       CleanUpNumber              0000000180001500 f   memory.obj
 0001:00000890       InitializeNumber           0000000180001890 f   memory.obj
 0001:00000b20       Add_Imp_using_ADC          0000000180001b20 f   pmc_add.obj
 0001:00000f10       Add_Imp_using_ADCX         0000000180001f10 f   pmc_add.obj
 0001:000010f0       DoCarry                    00000001800020f0 f   pmc_add.obj
 0001:000012a0       PMC_Add_X_I_Imp            00000001800022a0 f   pmc_add.obj
 0001:00001440       PMC_Add_X_L_Imp            0000000180002440 f   pmc_add.obj
 0001:00001720       _ADD_16WORDS_ADC           0000000180002720 f   pmc_add.obj
 0001:000017f0       _ADD_16WORDS_ADCX          00000001800027f0 f   pmc_add.obj
 0001:000018f0       _ADD_32WORDS_ADCX          00000001800028f0 f   pmc_add.obj
 0001:00001b70       BitwiseAnd_X_X             0000000180002b70 f   pmc_bitwiseand.obj
 0001:000021b0       BitwiseOr_X_X              00000001800031b0 f   pmc_bitwiseor.obj
 0001:00002620       PMC_BitwiseOr_X_I_Imp      0000000180003620 f   pmc_bitwiseor.obj
 0001:00002770       PMC_BitwiseOr_X_L_Imp      0000000180003770 f   pmc_bitwiseor.obj
 0001:00002f90       AddOneLine                 0000000180003f90 f   pmc_divrem.obj
 0001:000032f0       AddOneLineX                00000001800042f0 f   pmc_divrem.obj
 0001:00003da0       DivRem_X_X_using_ADC_MUL   0000000180004da0 f   pmc_divrem.obj
 0001:00004080       DivRem_X_X_using_ADX_MULX  0000000180005080 f   pmc_divrem.obj
 0001:00004de0       SubtructOneLine            0000000180005de0 f   pmc_divrem.obj
 0001:00005a60       SubtructOneLineX           0000000180006a60 f   pmc_divrem.obj
 0001:000067a0       _ADD_16WORDS_ADCX_DIV      00000001800077a0 f   pmc_divrem.obj
 0001:000069f0       PMC_Equals_X_I_Imp         00000001800079f0 f   pmc_equals.obj
 0001:00006ab0       PMC_Equals_X_L_Imp         0000000180007ab0 f   pmc_equals.obj
 0001:00006bf0       ExclusiveOr_X_X            0000000180007bf0 f   pmc_exclusiveor.obj
 0001:00007060       PMC_ExclusiveOr_X_I_Imp    0000000180008060 f   pmc_exclusiveor.obj
 0001:000071d0       PMC_ExclusiveOr_X_L_Imp    00000001800081d0 f   pmc_exclusiveor.obj
 0001:00007700       GreatestCommonDivisor_Imp  0000000180008700 f   pmc_greatestcommondivisor.obj
 0001:00007930       PMC_GreatestCommonDivisor_X_I_Imp 0000000180008930 f   pmc_greatestcommondivisor.obj
 0001:00007c10       PMC_GreatestCommonDivisor_X_L_Imp 0000000180008c10 f   pmc_greatestcommondivisor.obj
 0001:00008660       ModulePower                0000000180009660 f   pmc_modpow.obj
 0001:00008ef0       Remainder                  0000000180009ef0 f   pmc_modpow.obj
 0001:000090f0       Multiply_WORD_using_MULX_ADCX 000000018000a0f0 f   pmc_multiply.obj
 0001:00009d70       Multiply_WORD_using_MUL_ADC 000000018000ad70 f   pmc_multiply.obj
 0001:0000a920       Multiply_X_1W_using_MULX_ADCX 000000018000b920 f   pmc_multiply.obj
 0001:0000a930       Multiply_X_1W_using_MUL_ADC 000000018000b930 f   pmc_multiply.obj
 0001:0000a940       Multiply_X_2W_using_MULX_ADCX 000000018000b940 f   pmc_multiply.obj
 0001:0000a9a0       Multiply_X_2W_using_MUL_ADC 000000018000b9a0 f   pmc_multiply.obj
 0001:0000aa10       Multiply_X_X_using_MULX_ADCX 000000018000ba10 f   pmc_multiply.obj
 0001:0000aaa0       Multiply_X_X_using_MUL_ADC 000000018000baa0 f   pmc_multiply.obj
 0001:0000ac50       PMC_Multiply_X_I_Imp       000000018000bc50 f   pmc_multiply.obj
 0001:0000adb0       PMC_Multiply_X_L_Imp       000000018000bdb0 f   pmc_multiply.obj
 0001:0000b030       Build1WordFromDecimalString 000000018000c030 f   pmc_parse.obj
 0001:0000b1a0       Build1WordFromHexString    000000018000c1a0 f   pmc_parse.obj
 0001:0000b370       InitializeParserState      000000018000c370 f   pmc_parse.obj
 0001:0000b500       MultiplyAndAdd_using_ADCX_MULX 000000018000c500 f   pmc_parse.obj
 0001:0000beb0       MultiplyAndAdd_using_ADC_MUL 000000018000ceb0 f   pmc_parse.obj
 0001:0000c890       Parse1DigitFromHexChar     000000018000d890 f   pmc_parse.obj
 0001:0000c8d0       $LN10                      000000018000d8d0     pmc_parse.obj
 0001:0000c8e0       $LN9                       000000018000d8e0     pmc_parse.obj
 0001:0000c920       ParseAsDecimalNumberString 000000018000d920 f   pmc_parse.obj
 0001:0000d070       ParseAsIntegerPartNumberSequence 000000018000e070 f   pmc_parse.obj
 0001:0000d130       TryParseDN                 000000018000e130 f   pmc_parse.obj
 0001:0000d560       TryParseX                  000000018000e560 f   pmc_parse.obj
 0001:0000d820       $LN73                      000000018000e820     pmc_parse.obj
 0001:0000d830       $LN72                      000000018000e830     pmc_parse.obj
 0001:0000d8e0       PMC_Pow_X_I_Imp            000000018000e8e0 f   pmc_pow.obj
 0001:00010700       Subtruct_X_1W              0000000180011700 f   pmc_subtruct.obj
 0001:00010780       _SUBTRUCT_16WORDS_SBB      0000000180011780 f   pmc_subtruct.obj
 0001:000109b0       OutputOneChar              00000001800119b0 f   pmc_tostring.obj
 0001:00010bc8       $LN17                      0000000180011bc8     pmc_tostring.obj
 0001:00010bdc       $LN16                      0000000180011bdc     pmc_tostring.obj
 0001:00010c20       PrintDecimal               0000000180011c20 f   pmc_tostring.obj
 0001:00011560       ToStringDN                 0000000180012560 f   pmc_tostring.obj
 0001:000118b0       ToStringX                  00000001800128b0 f   pmc_tostring.obj
 0001:000119e0       ToStringX_1WORD            00000001800129e0 f   pmc_tostring.obj
 0001:00011d50       $$000000                   0000000180012d50     MSVCRT:amdsecgs.obj
 0001:00011d84       ?dllmain_crt_dispatch@@YAHQEAUHINSTANCE__@@KQEAX@Z 0000000180012d84 f   MSVCRT:dll_dllmain.obj
 0001:00011dd4       ?dllmain_crt_process_attach@@YAHQEAUHINSTANCE__@@QEAX@Z 0000000180012dd4 f   MSVCRT:dll_dllmain.obj
 0001:00011ef0       ?dllmain_crt_process_detach@@YAH_N@Z 0000000180012ef0 f   MSVCRT:dll_dllmain.obj
 0001:00011f80       ?dllmain_dispatch@@YAHQEAUHINSTANCE__@@KQEAX@Z 0000000180012f80 f   MSVCRT:dll_dllmain.obj
 0001:000120b4       ?dllmain_raw@@YAHQEAUHINSTANCE__@@KQEAX@Z 00000001800130b4 f   MSVCRT:dll_dllmain.obj
 0001:000123e0       capture_current_context    00000001800133e0 f   MSVCRT:gs_report.obj
 0001:00012450       capture_previous_context   0000000180013450 f   MSVCRT:gs_report.obj
 0001:000124c4       __get_entropy              00000001800134c4 f   MSVCRT:gs_support.obj
 0001:0001267c       ?find_pe_section@@YAPEAU_IMAGE_SECTION_HEADER@@QEAE_K@Z 000000018001367c f   MSVCRT:utility.obj
 0001:000126d0       ?is_potentially_valid_image_base@@YA_NQEAX@Z 00000001800136d0 f   MSVCRT:utility.obj
 0001:000130c0       $$000000                   00000001800140c0     MSVCRT:guard_dispatch.obj
 0001:000130d2       ?fin$0@?0??dllmain_crt_process_attach@@YAHQEAUHINSTANCE__@@QEAX@Z@4HA 00000001800140d2 f   MSVCRT:dll_dllmain.obj
 0001:000130e9       ?fin$0@?0??dllmain_crt_process_detach@@YAH_N@Z@4HA 00000001800140e9 f   MSVCRT:dll_dllmain.obj
 0001:00013105       ?filt$0@?0??dllmain_dispatch@@YAHQEAUHINSTANCE__@@KQEAX@Z@4HA 0000000180014105 f   MSVCRT:dll_dllmain.obj
 0001:0001313b       __scrt_is_nonwritable_in_current_image$filt$0 000000018001413b f   MSVCRT:utility.obj
 0002:000001c0       GS_ExceptionPointers       00000001800151c0     MSVCRT:gs_report.obj
 0002:00000638       $unwind$GetCPUInfo         0000000180015638     cpuid.obj
 0002:00000644       $unwind$DllMain            0000000180015644     dllmain.obj
 0002:0000064c       $unwind$AllocateHeapArea   000000018001564c     memory.obj
 0002:00000654       $unwind$DeallocateHeapArea 0000000180015654     memory.obj
 0002:0000065c       $unwind$AllocateBlock      000000018001565c     memory.obj
 0002:0000066c       $unwind$DeallocateBlock    000000018001566c     memory.obj
 0002:00000674       $chain$0$DeallocateBlock   0000000180015674     memory.obj
 0002:00000688       $chain$1$DeallocateBlock   0000000180015688     memory.obj
 0002:00000698       $unwind$AttatchNumber      0000000180015698     memory.obj
 0002:000006a0       $unwind$AllocateNumber     00000001800156a0     memory.obj
 0002:000006b4       $unwind$DeallocateNumber   00000001800156b4     memory.obj
 0002:000006bc       $unwind$CommitNumber       00000001800156bc     memory.obj
 0002:000006c4       $unwind$DuplicateNumber    00000001800156c4     memory.obj
 0002:000006d8       $unwind$Initialize_Memory  00000001800156d8     memory.obj
 0002:000006e4       $unwind$PMC_Dispose        00000001800156e4     memory.obj
 0002:000006ec       $unwind$InitializeNumber   00000001800156ec     memory.obj
 0002:00000700       $unwind$CleanUpNumber      0000000180015700     memory.obj
 0002:00000708       $chain$0$CleanUpNumber     0000000180015708     memory.obj
 0002:0000071c       $chain$1$CleanUpNumber     000000018001571c     memory.obj
 0002:0000072c       $unwind$PMC_Add_I_X        000000018001572c     pmc_add.obj
 0002:0000073c       $unwind$PMC_Add_L_X        000000018001573c     pmc_add.obj
 0002:0000074c       $unwind$PMC_Add_X_I        000000018001574c     pmc_add.obj
 0002:0000075c       $unwind$PMC_Add_X_L        000000018001575c     pmc_add.obj
 0002:0000076c       $unwind$PMC_Add_X_X        000000018001576c     pmc_add.obj
 0002:0000077c       $unwind$Add_Imp_using_ADC  000000018001577c     pmc_add.obj
 0002:00000788       $unwind$Add_Imp_using_ADCX 0000000180015788     pmc_add.obj
 0002:00000794       $unwind$PMC_Add_X_I_Imp    0000000180015794     pmc_add.obj
 0002:000007a4       $unwind$PMC_Add_X_L_Imp    00000001800157a4     pmc_add.obj
 0002:000007b4       $unwind$PMC_BitwiseAnd_I_X 00000001800157b4     pmc_bitwiseand.obj
 0002:000007c4       $unwind$PMC_BitwiseAnd_L_X 00000001800157c4     pmc_bitwiseand.obj
 0002:000007d4       $unwind$PMC_BitwiseAnd_X_I 00000001800157d4     pmc_bitwiseand.obj
 0002:000007e4       $unwind$PMC_BitwiseAnd_X_L 00000001800157e4     pmc_bitwiseand.obj
 0002:000007f4       $unwind$PMC_BitwiseAnd_X_X 00000001800157f4     pmc_bitwiseand.obj
 0002:00000800       $chain$0$PMC_BitwiseAnd_X_X 0000000180015800     pmc_bitwiseand.obj
 0002:00000814       $chain$1$PMC_BitwiseAnd_X_X 0000000180015814     pmc_bitwiseand.obj
 0002:00000824       $unwind$BitwiseAnd_X_X     0000000180015824     pmc_bitwiseand.obj
 0002:0000082c       $chain$2$BitwiseAnd_X_X    000000018001582c     pmc_bitwiseand.obj
 0002:00000848       $chain$3$BitwiseAnd_X_X    0000000180015848     pmc_bitwiseand.obj
 0002:0000085c       $chain$4$BitwiseAnd_X_X    000000018001585c     pmc_bitwiseand.obj
 0002:0000086c       $unwind$PMC_BitwiseOr_I_X  000000018001586c     pmc_bitwiseor.obj
 0002:0000087c       $unwind$PMC_BitwiseOr_L_X  000000018001587c     pmc_bitwiseor.obj
 0002:0000088c       $unwind$PMC_BitwiseOr_X_I  000000018001588c     pmc_bitwiseor.obj
 0002:0000089c       $unwind$PMC_BitwiseOr_X_L  000000018001589c     pmc_bitwiseor.obj
 0002:000008ac       $unwind$PMC_BitwiseOr_X_X  00000001800158ac     pmc_bitwiseor.obj
 0002:000008b8       $chain$0$PMC_BitwiseOr_X_X 00000001800158b8     pmc_bitwiseor.obj
 0002:000008cc       $chain$1$PMC_BitwiseOr_X_X 00000001800158cc     pmc_bitwiseor.obj
 0002:000008dc       $chain$2$PMC_BitwiseOr_X_X 00000001800158dc     pmc_bitwiseor.obj
 0002:000008f0       $chain$3$PMC_BitwiseOr_X_X 00000001800158f0     pmc_bitwiseor.obj
 0002:00000900       $unwind$BitwiseOr_X_X      0000000180015900     pmc_bitwiseor.obj
 0002:00000914       $unwind$PMC_BitwiseOr_X_I_Imp 0000000180015914     pmc_bitwiseor.obj
 0002:00000928       $unwind$PMC_BitwiseOr_X_L_Imp 0000000180015928     pmc_bitwiseor.obj
 0002:0000093c       $unwind$PMC_FromByteArray  000000018001593c     pmc_bytes.obj
 0002:00000948       $chain$0$PMC_FromByteArray 0000000180015948     pmc_bytes.obj
 0002:0000095c       $chain$2$PMC_FromByteArray 000000018001595c     pmc_bytes.obj
 0002:00000970       $chain$3$PMC_FromByteArray 0000000180015970     pmc_bytes.obj
 0002:00000980       $unwind$PMC_ToByteArray    0000000180015980     pmc_bytes.obj
 0002:00000994       $unwind$PMC_Compare_I_X    0000000180015994     pmc_compare.obj
 0002:000009a4       $unwind$PMC_Compare_L_X    00000001800159a4     pmc_compare.obj
 0002:000009b4       $unwind$PMC_Compare_X_I    00000001800159b4     pmc_compare.obj
 0002:000009c4       $unwind$PMC_Compare_X_L    00000001800159c4     pmc_compare.obj
 0002:000009d4       $unwind$PMC_Compare_X_X    00000001800159d4     pmc_compare.obj
 0002:000009e4       $unwind$DivRem_X_X         00000001800159e4     pmc_divrem.obj
 0002:000009f0       $unwind$PMC_DivRem_I_X     00000001800159f0     pmc_divrem.obj
 0002:00000a04       $unwind$PMC_DivRem_L_X     0000000180015a04     pmc_divrem.obj
 0002:00000a20       $unwind$PMC_DivRem_X_I     0000000180015a20     pmc_divrem.obj
 0002:00000a34       $unwind$PMC_DivRem_X_L     0000000180015a34     pmc_divrem.obj
 0002:00000a44       $chain$1$PMC_DivRem_X_L    0000000180015a44     pmc_divrem.obj
 0002:00000a5c       $chain$2$PMC_DivRem_X_L    0000000180015a5c     pmc_divrem.obj
 0002:00000a6c       $chain$3$PMC_DivRem_X_L    0000000180015a6c     pmc_divrem.obj
 0002:00000a84       $chain$4$PMC_DivRem_X_L    0000000180015a84     pmc_divrem.obj
 0002:00000a94       $unwind$PMC_DivRem_X_X     0000000180015a94     pmc_divrem.obj
 0002:00000aa8       $chain$0$PMC_DivRem_X_X    0000000180015aa8     pmc_divrem.obj
 0002:00000abc       $chain$1$PMC_DivRem_X_X    0000000180015abc     pmc_divrem.obj
 0002:00000acc       $chain$2$PMC_DivRem_X_X    0000000180015acc     pmc_divrem.obj
 0002:00000ae0       $chain$3$PMC_DivRem_X_X    0000000180015ae0     pmc_divrem.obj
 0002:00000af0       $unwind$SubtructOneLine    0000000180015af0     pmc_divrem.obj
 0002:00000b08       $unwind$SubtructOneLineX   0000000180015b08     pmc_divrem.obj
 0002:00000b20       $unwind$AddOneLine         0000000180015b20     pmc_divrem.obj
 0002:00000b28       $unwind$AddOneLineX        0000000180015b28     pmc_divrem.obj
 0002:00000b34       $unwind$DivRem_X_X_using_ADC_MUL 0000000180015b34     pmc_divrem.obj
 0002:00000b4c       $unwind$DivRem_X_X_using_ADX_MULX 0000000180015b4c     pmc_divrem.obj
 0002:00000b64       $unwind$PMC_Equals_I_X     0000000180015b64     pmc_equals.obj
 0002:00000b74       $unwind$PMC_Equals_L_X     0000000180015b74     pmc_equals.obj
 0002:00000b84       $unwind$PMC_Equals_X_I     0000000180015b84     pmc_equals.obj
 0002:00000b94       $unwind$PMC_Equals_X_L     0000000180015b94     pmc_equals.obj
 0002:00000ba4       $unwind$PMC_Equals_X_X     0000000180015ba4     pmc_equals.obj
 0002:00000bb4       $unwind$PMC_ExclusiveOr_I_X 0000000180015bb4     pmc_exclusiveor.obj
 0002:00000bc4       $unwind$PMC_ExclusiveOr_L_X 0000000180015bc4     pmc_exclusiveor.obj
 0002:00000bd4       $unwind$PMC_ExclusiveOr_X_I 0000000180015bd4     pmc_exclusiveor.obj
 0002:00000be4       $unwind$PMC_ExclusiveOr_X_L 0000000180015be4     pmc_exclusiveor.obj
 0002:00000bf4       $unwind$PMC_ExclusiveOr_X_X 0000000180015bf4     pmc_exclusiveor.obj
 0002:00000c00       $chain$0$PMC_ExclusiveOr_X_X 0000000180015c00     pmc_exclusiveor.obj
 0002:00000c14       $chain$1$PMC_ExclusiveOr_X_X 0000000180015c14     pmc_exclusiveor.obj
 0002:00000c24       $chain$2$PMC_ExclusiveOr_X_X 0000000180015c24     pmc_exclusiveor.obj
 0002:00000c38       $chain$4$PMC_ExclusiveOr_X_X 0000000180015c38     pmc_exclusiveor.obj
 0002:00000c4c       $chain$5$PMC_ExclusiveOr_X_X 0000000180015c4c     pmc_exclusiveor.obj
 0002:00000c5c       $unwind$ExclusiveOr_X_X    0000000180015c5c     pmc_exclusiveor.obj
 0002:00000c70       $unwind$PMC_ExclusiveOr_X_I_Imp 0000000180015c70     pmc_exclusiveor.obj
 0002:00000c84       $unwind$PMC_ExclusiveOr_X_L_Imp 0000000180015c84     pmc_exclusiveor.obj
 0002:00000c98       $unwind$From_I_Imp         0000000180015c98     pmc_from.obj
 0002:00000ca4       $unwind$From_L_Imp         0000000180015ca4     pmc_from.obj
 0002:00000cb0       $unwind$PMC_From_I         0000000180015cb0     pmc_from.obj
 0002:00000cbc       $unwind$PMC_From_L         0000000180015cbc     pmc_from.obj
 0002:00000cc8       $unwind$PMC_GetPropertyValue_X_I 0000000180015cc8     pmc_getpropertyvalue.obj
 0002:00000cd8       $unwind$PMC_GreatestCommonDivisor_I_X 0000000180015cd8     pmc_greatestcommondivisor.obj
 0002:00000ce8       $unwind$PMC_GreatestCommonDivisor_L_X 0000000180015ce8     pmc_greatestcommondivisor.obj
 0002:00000cf8       $unwind$PMC_GreatestCommonDivisor_X_I 0000000180015cf8     pmc_greatestcommondivisor.obj
 0002:00000d08       $unwind$PMC_GreatestCommonDivisor_X_L 0000000180015d08     pmc_greatestcommondivisor.obj
 0002:00000d18       $unwind$PMC_GreatestCommonDivisor_X_X 0000000180015d18     pmc_greatestcommondivisor.obj
 0002:00000d30       $unwind$GreatestCommonDivisor_Imp 0000000180015d30     pmc_greatestcommondivisor.obj
 0002:00000d48       $unwind$PMC_GreatestCommonDivisor_X_I_Imp 0000000180015d48     pmc_greatestcommondivisor.obj
 0002:00000d5c       $chain$0$PMC_GreatestCommonDivisor_X_I_Imp 0000000180015d5c     pmc_greatestcommondivisor.obj
 0002:00000d70       $chain$1$PMC_GreatestCommonDivisor_X_I_Imp 0000000180015d70     pmc_greatestcommondivisor.obj
 0002:00000d80       $unwind$PMC_GreatestCommonDivisor_X_L_Imp 0000000180015d80     pmc_greatestcommondivisor.obj
 0002:00000d94       $chain$0$PMC_GreatestCommonDivisor_X_L_Imp 0000000180015d94     pmc_greatestcommondivisor.obj
 0002:00000da8       $chain$1$PMC_GreatestCommonDivisor_X_L_Imp 0000000180015da8     pmc_greatestcommondivisor.obj
 0002:00000db8       $unwind$PMC_Initialize     0000000180015db8     pmc_initialize.obj
 0002:00000dc0       $unwind$PMC_ModPow_X_X_X   0000000180015dc0     pmc_modpow.obj
 0002:00000dd4       $unwind$Remainder          0000000180015dd4     pmc_modpow.obj
 0002:00000de4       $chain$0$Remainder         0000000180015de4     pmc_modpow.obj
 0002:00000df8       $chain$1$Remainder         0000000180015df8     pmc_modpow.obj
 0002:00000e08       $unwind$ModulePower        0000000180015e08     pmc_modpow.obj
 0002:00000e24       $chain$2$ModulePower       0000000180015e24     pmc_modpow.obj
 0002:00000e38       $chain$3$ModulePower       0000000180015e38     pmc_modpow.obj
 0002:00000e48       $unwind$PMC_Multiply_I_X   0000000180015e48     pmc_multiply.obj
 0002:00000e58       $unwind$PMC_Multiply_L_X   0000000180015e58     pmc_multiply.obj
 0002:00000e68       $unwind$PMC_Multiply_X_I   0000000180015e68     pmc_multiply.obj
 0002:00000e78       $unwind$PMC_Multiply_X_L   0000000180015e78     pmc_multiply.obj
 0002:00000e88       $unwind$PMC_Multiply_X_X   0000000180015e88     pmc_multiply.obj
 0002:00000e98       $unwind$Multiply_WORD_using_MUL_ADC 0000000180015e98     pmc_multiply.obj
 0002:00000eb0       $unwind$Multiply_WORD_using_MULX_ADCX 0000000180015eb0     pmc_multiply.obj
 0002:00000ec8       $unwind$Multiply_X_2W_using_MUL_ADC 0000000180015ec8     pmc_multiply.obj
 0002:00000edc       $unwind$Multiply_X_2W_using_MULX_ADCX 0000000180015edc     pmc_multiply.obj
 0002:00000ef0       $unwind$Multiply_X_X_using_MUL_ADC 0000000180015ef0     pmc_multiply.obj
 0002:00000f08       $unwind$Multiply_X_X_using_MULX_ADCX 0000000180015f08     pmc_multiply.obj
 0002:00000f20       $unwind$PMC_Multiply_X_I_Imp 0000000180015f20     pmc_multiply.obj
 0002:00000f30       $unwind$PMC_Multiply_X_L_Imp 0000000180015f30     pmc_multiply.obj
 0002:00000f40       $unwind$Initialize_Parse   0000000180015f40     pmc_parse.obj
 0002:00000f48       $unwind$PMC_TryParse       0000000180015f48     pmc_parse.obj
 0002:00000f50       $unwind$InitializeParserState 0000000180015f50     pmc_parse.obj
 0002:00000f64       $unwind$ParseAsDecimalNumberString 0000000180015f64     pmc_parse.obj
 0002:00000f80       $unwind$Build1WordFromDecimalString 0000000180015f80     pmc_parse.obj
 0002:00000f94       $unwind$MultiplyAndAdd_using_ADC_MUL 0000000180015f94     pmc_parse.obj
 0002:00000fa0       $unwind$MultiplyAndAdd_using_ADCX_MULX 0000000180015fa0     pmc_parse.obj
 0002:00000fb0       $unwind$TryParseDN         0000000180015fb0     pmc_parse.obj
 0002:00000fc8       $chain$0$TryParseDN        0000000180015fc8     pmc_parse.obj
 0002:00000fdc       $chain$1$TryParseDN        0000000180015fdc     pmc_parse.obj
 0002:00000fec       $unwind$Build1WordFromHexString 0000000180015fec     pmc_parse.obj
 0002:00001004       $unwind$TryParseX          0000000180016004     pmc_parse.obj
 0002:00001020       $chain$0$TryParseX         0000000180016020     pmc_parse.obj
 0002:00001034       $chain$1$TryParseX         0000000180016034     pmc_parse.obj
 0002:00001048       $chain$2$TryParseX         0000000180016048     pmc_parse.obj
 0002:00001058       $chain$3$TryParseX         0000000180016058     pmc_parse.obj
 0002:00001068       $unwind$PMC_Pow_X_I        0000000180016068     pmc_pow.obj
 0002:00001078       $unwind$PMC_Pow_X_I_Imp    0000000180016078     pmc_pow.obj
 0002:0000108c       $chain$1$PMC_Pow_X_I_Imp   000000018001608c     pmc_pow.obj
 0002:000010a4       $chain$2$PMC_Pow_X_I_Imp   00000001800160a4     pmc_pow.obj
 0002:000010b4       $unwind$RightShift_Imp_DIV 00000001800160b4     pmc_shift.obj
 0002:000010c4       $chain$0$RightShift_Imp_DIV 00000001800160c4     pmc_shift.obj
 0002:000010d8       $chain$1$RightShift_Imp_DIV 00000001800160d8     pmc_shift.obj
 0002:000010ec       $chain$2$RightShift_Imp_DIV 00000001800160ec     pmc_shift.obj
 0002:000010fc       $chain$3$RightShift_Imp_DIV 00000001800160fc     pmc_shift.obj
 0002:0000110c       $unwind$RightShift_Imp     000000018001610c     pmc_shift.obj
 0002:00001120       $chain$0$RightShift_Imp    0000000180016120     pmc_shift.obj
 0002:00001134       $chain$1$RightShift_Imp    0000000180016134     pmc_shift.obj
 0002:00001144       $unwind$LeftShift_Imp_DIV  0000000180016144     pmc_shift.obj
 0002:00001158       $chain$0$LeftShift_Imp_DIV 0000000180016158     pmc_shift.obj
 0002:0000116c       $chain$1$LeftShift_Imp_DIV 000000018001616c     pmc_shift.obj
 0002:0000117c       $unwind$LeftShift_Imp      000000018001617c     pmc_shift.obj
 0002:00001190       $chain$0$LeftShift_Imp     0000000180016190     pmc_shift.obj
 0002:000011a4       $chain$1$LeftShift_Imp     00000001800161a4     pmc_shift.obj
 0002:000011b4       $unwind$PMC_RightShift_X_I 00000001800161b4     pmc_shift.obj
 0002:000011c4       $unwind$PMC_RightShift_X_L 00000001800161c4     pmc_shift.obj
 0002:000011d4       $unwind$PMC_LeftShift_X_I  00000001800161d4     pmc_shift.obj
 0002:000011e4       $unwind$PMC_LeftShift_X_L  00000001800161e4     pmc_shift.obj
 0002:000011f4       $unwind$Subtruct_Imp       00000001800161f4     pmc_subtruct.obj
 0002:000011fc       $unwind$PMC_Subtruct_I_X   00000001800161fc     pmc_subtruct.obj
 0002:0000120c       $unwind$PMC_Subtruct_L_X   000000018001620c     pmc_subtruct.obj
 0002:0000121c       $unwind$PMC_Subtruct_X_I   000000018001621c     pmc_subtruct.obj
 0002:0000122c       $unwind$PMC_Subtruct_X_L   000000018001622c     pmc_subtruct.obj
 0002:0000123c       $unwind$PMC_Subtruct_X_X   000000018001623c     pmc_subtruct.obj
 0002:0000124c       $unwind$PMC_To_X_I         000000018001624c     pmc_to.obj
 0002:00001258       $unwind$PMC_To_X_L         0000000180016258     pmc_to.obj
 0002:00001264       $unwind$Initialize_ToString 0000000180016264     pmc_tostring.obj
 0002:0000126c       $unwind$PMC_ToString       000000018001626c     pmc_tostring.obj
 0002:00001284       $unwind$OutputOneChar      0000000180016284     pmc_tostring.obj
 0002:00001290       $unwind$PrintDecimal       0000000180016290     pmc_tostring.obj
 0002:000012b4       $unwind$ToStringDN         00000001800162b4     pmc_tostring.obj
 0002:000012d0       $unwind$ToStringX          00000001800162d0     pmc_tostring.obj
 0002:000012e4       $unwind$__GSHandlerCheckCommon 00000001800162e4     MSVCRT:gshandler.obj
 0002:000012ec       $unwind$__GSHandlerCheck   00000001800162ec     MSVCRT:gshandler.obj
 0002:000012f8       $xdatasym                  00000001800162f8     MSVCRT:amdsecgs.obj
 0002:000012fc       $unwind$?dllmain_crt_process_attach@@YAHQEAUHINSTANCE__@@QEAX@Z 00000001800162fc     MSVCRT:dll_dllmain.obj
 0002:00001338       $unwind$?fin$0@?0??dllmain_crt_process_attach@@YAHQEAUHINSTANCE__@@QEAX@Z@4HA 0000000180016338     MSVCRT:dll_dllmain.obj
 0002:00001340       $unwind$?dllmain_crt_process_detach@@YAH_N@Z 0000000180016340     MSVCRT:dll_dllmain.obj
 0002:00001378       $unwind$?fin$0@?0??dllmain_crt_process_detach@@YAH_N@Z@4HA 0000000180016378     MSVCRT:dll_dllmain.obj
 0002:00001380       $unwind$?dllmain_crt_dispatch@@YAHQEAUHINSTANCE__@@KQEAX@Z 0000000180016380     MSVCRT:dll_dllmain.obj
 0002:00001388       $unwind$?dllmain_dispatch@@YAHQEAUHINSTANCE__@@KQEAX@Z 0000000180016388     MSVCRT:dll_dllmain.obj
 0002:000013b0       $unwind$?filt$0@?0??dllmain_dispatch@@YAHQEAUHINSTANCE__@@KQEAX@Z@4HA 00000001800163b0     MSVCRT:dll_dllmain.obj
 0002:000013b8       $unwind$_DllMainCRTStartup 00000001800163b8     MSVCRT:dll_dllmain.obj
 0002:000013c8       $unwind$__report_securityfailure 00000001800163c8     MSVCRT:gs_report.obj
 0002:000013d0       $unwind$__report_securityfailureEx 00000001800163d0     MSVCRT:gs_report.obj
 0002:000013d8       $unwind$__report_rangecheckfailure 00000001800163d8     MSVCRT:gs_report.obj
 0002:000013e0       $unwind$__report_gsfailure 00000001800163e0     MSVCRT:gs_report.obj
 0002:000013e8       $unwind$capture_current_context 00000001800163e8     MSVCRT:gs_report.obj
 0002:000013f4       $unwind$capture_previous_context 00000001800163f4     MSVCRT:gs_report.obj
 0002:00001400       $unwind$__raise_securityfailure 0000000180016400     MSVCRT:gs_report.obj
 0002:00001408       $unwind$__security_init_cookie 0000000180016408     MSVCRT:gs_support.obj
 0002:00001414       $unwind$__get_entropy      0000000180016414     MSVCRT:gs_support.obj
 0002:0000141c       $unwind$__scrt_initialize_default_local_stdio_options 000000018001641c     MSVCRT:default_local_stdio_options.obj
 0002:00001424       $unwind$atexit             0000000180016424     MSVCRT:utility.obj
 0002:0000142c       $unwind$_onexit            000000018001642c     MSVCRT:utility.obj
 0002:00001434       $unwind$__scrt_is_nonwritable_in_current_image 0000000180016434     MSVCRT:utility.obj
 0002:00001454       $unwind$__scrt_is_nonwritable_in_current_image$filt$0 0000000180016454     MSVCRT:utility.obj
 0002:0000145c       $unwind$__scrt_acquire_startup_lock 000000018001645c     MSVCRT:utility.obj
 0002:00001464       $unwind$__scrt_release_startup_lock 0000000180016464     MSVCRT:utility.obj
 0002:0000146c       $unwind$__scrt_initialize_crt 000000018001646c     MSVCRT:utility.obj
 0002:00001474       $unwind$__scrt_uninitialize_crt 0000000180016474     MSVCRT:utility.obj
 0002:0000147c       $unwind$__scrt_initialize_onexit_tables 000000018001647c     MSVCRT:utility.obj
 0002:00001484       $unwind$__scrt_dllmain_exception_filter 0000000180016484     MSVCRT:utility.obj
 0002:00001498       $unwind$__scrt_dllmain_before_initialize_c 0000000180016498     MSVCRT:utility.obj
 0002:000014a0       $unwind$__scrt_dllmain_after_initialize_c 00000001800164a0     MSVCRT:utility.obj
 0002:000014a8       $unwind$__scrt_dllmain_uninitialize_c 00000001800164a8     MSVCRT:utility.obj
 0002:000014b0       $unwind$__scrt_dllmain_uninitialize_critical 00000001800164b0     MSVCRT:utility.obj
 0002:000014b8       $unwind$__scrt_dllmain_crt_thread_attach 00000001800164b8     MSVCRT:utility.obj
 0002:000014c0       $unwind$__scrt_dllmain_crt_thread_detach 00000001800164c0     MSVCRT:utility.obj
 0002:000014c8       $unwind$?configure_argv@__scrt_narrow_argv_policy@@SAHXZ 00000001800164c8     MSVCRT:utility.obj
 0002:000014d0       $unwind$__scrt_get_show_window_mode 00000001800164d0     MSVCRT:utility_desktop.obj
 0002:000014d8       $unwind$__scrt_is_managed_app 00000001800164d8     MSVCRT:utility_desktop.obj
 0002:000014e0       $unwind$__scrt_fastfail    00000001800164e0     MSVCRT:utility_desktop.obj
 0002:000014f0       $unwind$__scrt_unhandled_exception_filter 00000001800164f0     MSVCRT:utility_desktop.obj
 0002:000014f8       $unwind$_RTC_Initialize    00000001800164f8     MSVCRT:initsect.obj
 0002:00001504       $unwind$_RTC_Terminate     0000000180016504     MSVCRT:initsect.obj
 0002:00001510       $unwind$__isa_available_init 0000000180016510     MSVCRT:cpu_disp.obj
 0002:00001528       $xdatasym                  0000000180016528     MSVCRT:guard_dispatch.obj
 0002:00001530       .edata                     0000000180016530     Palmtree.Math.Core.Implements.exp
 0002:00001558       rgpv                       0000000180016558     Palmtree.Math.Core.Implements.exp
 0002:00001560       rgszName                   0000000180016560     Palmtree.Math.Core.Implements.exp
 0002:00001568       rgwOrd                     0000000180016568     Palmtree.Math.Core.Implements.exp
 0002:0000156c       szName                     000000018001656c     Palmtree.Math.Core.Implements.exp
 0002:0000158e       $N00001                    000000018001658e     Palmtree.Math.Core.Implements.exp
 0002:00001596       $N00002                    0000000180016596     Palmtree.Math.Core.Implements.exp
 0002:00001798       .idata$6                   0000000180016798     kernel32:KERNEL32.dll
 0002:000017e8       .idata$6                   00000001800167e8     vcruntime:VCRUNTIME140.dll
 0002:000018ec       .idata$6                   00000001800168ec     ucrt:api-ms-win-crt-runtime-l1-1-0.dll
 0003:00000000       decimal_digits             0000000180017000     pmc_tostring.obj
 0003:00000018       hexadecimal_lower_digits   0000000180017018     pmc_tostring.obj
 0003:00000040       hexadecimal_upper_digits   0000000180017040     pmc_tostring.obj
 0003:000000c0       fp_Add_Imp                 00000001800170c0     pmc_add.obj
 0003:000000c8       fp_DivRem_X_X              00000001800170c8     pmc_divrem.obj
 0003:000000d0       entry_points               00000001800170d0     pmc_initialize.obj
 0003:000002f0       fp_Multiply_X_1W           00000001800172f0     pmc_multiply.obj
 0003:000002f8       fp_Multiply_X_2W           00000001800172f8     pmc_multiply.obj
 0003:00000300       fp_Multiply_X_X            0000000180017300     pmc_multiply.obj
 0003:00000308       default_number_format_option 0000000180017308     pmc_parse.obj
 0003:00000330       fp_MultiplyAndAdd          0000000180017330     pmc_parse.obj
 0003:00000338       default_number_format_option 0000000180017338     pmc_tostring.obj
 0003:00000360       ?__proc_attached@@3HA      0000000180017360     MSVCRT:dll_dllmain.obj
 0003:00000370       GS_ExceptionRecord         0000000180017370     MSVCRT:gs_report.obj
 0003:00000410       GS_ContextRecord           0000000180017410     MSVCRT:gs_report.obj
 0003:00000910       ?is_initialized_as_dll@@3_NA 0000000180017910     MSVCRT:utility.obj
 0003:00000911       ?module_local_atexit_table_initialized@@3_NA 0000000180017911     MSVCRT:utility.obj
 0003:00000918       ?module_local_atexit_table@@3U_onexit_table_t@@A 0000000180017918     MSVCRT:utility.obj
 0003:00000930       ?module_local_at_quick_exit_table@@3U_onexit_table_t@@A 0000000180017930     MSVCRT:utility.obj
 0004:00000000       $pdata$GetCPUInfo          0000000180018000     cpuid.obj
 0004:0000000c       $pdata$DllMain             000000018001800c     dllmain.obj
 0004:00000018       $pdata$AllocateHeapArea    0000000180018018     memory.obj
 0004:00000024       $pdata$DeallocateHeapArea  0000000180018024     memory.obj
 0004:00000030       $pdata$AllocateBlock       0000000180018030     memory.obj
 0004:0000003c       $pdata$DeallocateBlock     000000018001803c     memory.obj
 0004:00000048       $pdata$0$DeallocateBlock   0000000180018048     memory.obj
 0004:00000054       $pdata$1$DeallocateBlock   0000000180018054     memory.obj
 0004:00000060       $pdata$AttatchNumber       0000000180018060     memory.obj
 0004:0000006c       $pdata$AllocateNumber      000000018001806c     memory.obj
 0004:00000078       $pdata$DeallocateNumber    0000000180018078     memory.obj
 0004:00000084       $pdata$CommitNumber        0000000180018084     memory.obj
 0004:00000090       $pdata$DuplicateNumber     0000000180018090     memory.obj
 0004:0000009c       $pdata$Initialize_Memory   000000018001809c     memory.obj
 0004:000000a8       $pdata$PMC_Dispose         00000001800180a8     memory.obj
 0004:000000b4       $pdata$InitializeNumber    00000001800180b4     memory.obj
 0004:000000c0       $pdata$CleanUpNumber       00000001800180c0     memory.obj
 0004:000000cc       $pdata$0$CleanUpNumber     00000001800180cc     memory.obj
 0004:000000d8       $pdata$1$CleanUpNumber     00000001800180d8     memory.obj
 0004:000000e4       $pdata$PMC_Add_I_X         00000001800180e4     pmc_add.obj
 0004:000000f0       $pdata$PMC_Add_L_X         00000001800180f0     pmc_add.obj
 0004:000000fc       $pdata$PMC_Add_X_I         00000001800180fc     pmc_add.obj
 0004:00000108       $pdata$PMC_Add_X_L         0000000180018108     pmc_add.obj
 0004:00000114       $pdata$PMC_Add_X_X         0000000180018114     pmc_add.obj
 0004:00000120       $pdata$Add_Imp_using_ADC   0000000180018120     pmc_add.obj
 0004:0000012c       $pdata$Add_Imp_using_ADCX  000000018001812c     pmc_add.obj
 0004:00000138       $pdata$PMC_Add_X_I_Imp     0000000180018138     pmc_add.obj
 0004:00000144       $pdata$PMC_Add_X_L_Imp     0000000180018144     pmc_add.obj
 0004:00000150       $pdata$PMC_BitwiseAnd_I_X  0000000180018150     pmc_bitwiseand.obj
 0004:0000015c       $pdata$PMC_BitwiseAnd_L_X  000000018001815c     pmc_bitwiseand.obj
 0004:00000168       $pdata$PMC_BitwiseAnd_X_I  0000000180018168     pmc_bitwiseand.obj
 0004:00000174       $pdata$PMC_BitwiseAnd_X_L  0000000180018174     pmc_bitwiseand.obj
 0004:00000180       $pdata$PMC_BitwiseAnd_X_X  0000000180018180     pmc_bitwiseand.obj
 0004:0000018c       $pdata$0$PMC_BitwiseAnd_X_X 000000018001818c     pmc_bitwiseand.obj
 0004:00000198       $pdata$1$PMC_BitwiseAnd_X_X 0000000180018198     pmc_bitwiseand.obj
 0004:000001a4       $pdata$BitwiseAnd_X_X      00000001800181a4     pmc_bitwiseand.obj
 0004:000001b0       $pdata$2$BitwiseAnd_X_X    00000001800181b0     pmc_bitwiseand.obj
 0004:000001bc       $pdata$3$BitwiseAnd_X_X    00000001800181bc     pmc_bitwiseand.obj
 0004:000001c8       $pdata$4$BitwiseAnd_X_X    00000001800181c8     pmc_bitwiseand.obj
 0004:000001d4       $pdata$PMC_BitwiseOr_I_X   00000001800181d4     pmc_bitwiseor.obj
 0004:000001e0       $pdata$PMC_BitwiseOr_L_X   00000001800181e0     pmc_bitwiseor.obj
 0004:000001ec       $pdata$PMC_BitwiseOr_X_I   00000001800181ec     pmc_bitwiseor.obj
 0004:000001f8       $pdata$PMC_BitwiseOr_X_L   00000001800181f8     pmc_bitwiseor.obj
 0004:00000204       $pdata$PMC_BitwiseOr_X_X   0000000180018204     pmc_bitwiseor.obj
 0004:00000210       $pdata$0$PMC_BitwiseOr_X_X 0000000180018210     pmc_bitwiseor.obj
 0004:0000021c       $pdata$1$PMC_BitwiseOr_X_X 000000018001821c     pmc_bitwiseor.obj
 0004:00000228       $pdata$2$PMC_BitwiseOr_X_X 0000000180018228     pmc_bitwiseor.obj
 0004:00000234       $pdata$3$PMC_BitwiseOr_X_X 0000000180018234     pmc_bitwiseor.obj
 0004:00000240       $pdata$BitwiseOr_X_X       0000000180018240     pmc_bitwiseor.obj
 0004:0000024c       $pdata$PMC_BitwiseOr_X_I_Imp 000000018001824c     pmc_bitwiseor.obj
 0004:00000258       $pdata$PMC_BitwiseOr_X_L_Imp 0000000180018258     pmc_bitwiseor.obj
 0004:00000264       $pdata$PMC_FromByteArray   0000000180018264     pmc_bytes.obj
 0004:00000270       $pdata$0$PMC_FromByteArray 0000000180018270     pmc_bytes.obj
 0004:0000027c       $pdata$2$PMC_FromByteArray 000000018001827c     pmc_bytes.obj
 0004:00000288       $pdata$3$PMC_FromByteArray 0000000180018288     pmc_bytes.obj
 0004:00000294       $pdata$PMC_ToByteArray     0000000180018294     pmc_bytes.obj
 0004:000002a0       $pdata$PMC_Compare_I_X     00000001800182a0     pmc_compare.obj
 0004:000002ac       $pdata$PMC_Compare_L_X     00000001800182ac     pmc_compare.obj
 0004:000002b8       $pdata$PMC_Compare_X_I     00000001800182b8     pmc_compare.obj
 0004:000002c4       $pdata$PMC_Compare_X_L     00000001800182c4     pmc_compare.obj
 0004:000002d0       $pdata$PMC_Compare_X_X     00000001800182d0     pmc_compare.obj
 0004:000002dc       $pdata$DivRem_X_X          00000001800182dc     pmc_divrem.obj
 0004:000002e8       $pdata$PMC_DivRem_I_X      00000001800182e8     pmc_divrem.obj
 0004:000002f4       $pdata$PMC_DivRem_L_X      00000001800182f4     pmc_divrem.obj
 0004:00000300       $pdata$PMC_DivRem_X_I      0000000180018300     pmc_divrem.obj
 0004:0000030c       $pdata$PMC_DivRem_X_L      000000018001830c     pmc_divrem.obj
 0004:00000318       $pdata$1$PMC_DivRem_X_L    0000000180018318     pmc_divrem.obj
 0004:00000324       $pdata$2$PMC_DivRem_X_L    0000000180018324     pmc_divrem.obj
 0004:00000330       $pdata$3$PMC_DivRem_X_L    0000000180018330     pmc_divrem.obj
 0004:0000033c       $pdata$4$PMC_DivRem_X_L    000000018001833c     pmc_divrem.obj
 0004:00000348       $pdata$PMC_DivRem_X_X      0000000180018348     pmc_divrem.obj
 0004:00000354       $pdata$0$PMC_DivRem_X_X    0000000180018354     pmc_divrem.obj
 0004:00000360       $pdata$1$PMC_DivRem_X_X    0000000180018360     pmc_divrem.obj
 0004:0000036c       $pdata$2$PMC_DivRem_X_X    000000018001836c     pmc_divrem.obj
 0004:00000378       $pdata$3$PMC_DivRem_X_X    0000000180018378     pmc_divrem.obj
 0004:00000384       $pdata$SubtructOneLine     0000000180018384     pmc_divrem.obj
 0004:00000390       $pdata$SubtructOneLineX    0000000180018390     pmc_divrem.obj
 0004:0000039c       $pdata$AddOneLine          000000018001839c     pmc_divrem.obj
 0004:000003a8       $pdata$AddOneLineX         00000001800183a8     pmc_divrem.obj
 0004:000003b4       $pdata$DivRem_X_X_using_ADC_MUL 00000001800183b4     pmc_divrem.obj
 0004:000003c0       $pdata$DivRem_X_X_using_ADX_MULX 00000001800183c0     pmc_divrem.obj
 0004:000003cc       $pdata$PMC_Equals_I_X      00000001800183cc     pmc_equals.obj
 0004:000003d8       $pdata$PMC_Equals_L_X      00000001800183d8     pmc_equals.obj
 0004:000003e4       $pdata$PMC_Equals_X_I      00000001800183e4     pmc_equals.obj
 0004:000003f0       $pdata$PMC_Equals_X_L      00000001800183f0     pmc_equals.obj
 0004:000003fc       $pdata$PMC_Equals_X_X      00000001800183fc     pmc_equals.obj
 0004:00000408       $pdata$PMC_ExclusiveOr_I_X 0000000180018408     pmc_exclusiveor.obj
 0004:00000414       $pdata$PMC_ExclusiveOr_L_X 0000000180018414     pmc_exclusiveor.obj
 0004:00000420       $pdata$PMC_ExclusiveOr_X_I 0000000180018420     pmc_exclusiveor.obj
 0004:0000042c       $pdata$PMC_ExclusiveOr_X_L 000000018001842c     pmc_exclusiveor.obj
 0004:00000438       $pdata$PMC_ExclusiveOr_X_X 0000000180018438     pmc_exclusiveor.obj
 0004:00000444       $pdata$0$PMC_ExclusiveOr_X_X 0000000180018444     pmc_exclusiveor.obj
 0004:00000450       $pdata$1$PMC_ExclusiveOr_X_X 0000000180018450     pmc_exclusiveor.obj
 0004:0000045c       $pdata$2$PMC_ExclusiveOr_X_X 000000018001845c     pmc_exclusiveor.obj
 0004:00000468       $pdata$4$PMC_ExclusiveOr_X_X 0000000180018468     pmc_exclusiveor.obj
 0004:00000474       $pdata$5$PMC_ExclusiveOr_X_X 0000000180018474     pmc_exclusiveor.obj
 0004:00000480       $pdata$ExclusiveOr_X_X     0000000180018480     pmc_exclusiveor.obj
 0004:0000048c       $pdata$PMC_ExclusiveOr_X_I_Imp 000000018001848c     pmc_exclusiveor.obj
 0004:00000498       $pdata$PMC_ExclusiveOr_X_L_Imp 0000000180018498     pmc_exclusiveor.obj
 0004:000004a4       $pdata$From_I_Imp          00000001800184a4     pmc_from.obj
 0004:000004b0       $pdata$From_L_Imp          00000001800184b0     pmc_from.obj
 0004:000004bc       $pdata$PMC_From_I          00000001800184bc     pmc_from.obj
 0004:000004c8       $pdata$PMC_From_L          00000001800184c8     pmc_from.obj
 0004:000004d4       $pdata$PMC_GetPropertyValue_X_I 00000001800184d4     pmc_getpropertyvalue.obj
 0004:000004e0       $pdata$PMC_GreatestCommonDivisor_I_X 00000001800184e0     pmc_greatestcommondivisor.obj
 0004:000004ec       $pdata$PMC_GreatestCommonDivisor_L_X 00000001800184ec     pmc_greatestcommondivisor.obj
 0004:000004f8       $pdata$PMC_GreatestCommonDivisor_X_I 00000001800184f8     pmc_greatestcommondivisor.obj
 0004:00000504       $pdata$PMC_GreatestCommonDivisor_X_L 0000000180018504     pmc_greatestcommondivisor.obj
 0004:00000510       $pdata$PMC_GreatestCommonDivisor_X_X 0000000180018510     pmc_greatestcommondivisor.obj
 0004:0000051c       $pdata$GreatestCommonDivisor_Imp 000000018001851c     pmc_greatestcommondivisor.obj
 0004:00000528       $pdata$PMC_GreatestCommonDivisor_X_I_Imp 0000000180018528     pmc_greatestcommondivisor.obj
 0004:00000534       $pdata$0$PMC_GreatestCommonDivisor_X_I_Imp 0000000180018534     pmc_greatestcommondivisor.obj
 0004:00000540       $pdata$1$PMC_GreatestCommonDivisor_X_I_Imp 0000000180018540     pmc_greatestcommondivisor.obj
 0004:0000054c       $pdata$PMC_GreatestCommonDivisor_X_L_Imp 000000018001854c     pmc_greatestcommondivisor.obj
 0004:00000558       $pdata$0$PMC_GreatestCommonDivisor_X_L_Imp 0000000180018558     pmc_greatestcommondivisor.obj
 0004:00000564       $pdata$1$PMC_GreatestCommonDivisor_X_L_Imp 0000000180018564     pmc_greatestcommondivisor.obj
 0004:00000570       $pdata$PMC_Initialize      0000000180018570     pmc_initialize.obj
 0004:0000057c       $pdata$PMC_ModPow_X_X_X    000000018001857c     pmc_modpow.obj
 0004:00000588       $pdata$Remainder           0000000180018588     pmc_modpow.obj
 0004:00000594       $pdata$0$Remainder         0000000180018594     pmc_modpow.obj
 0004:000005a0       $pdata$1$Remainder         00000001800185a0     pmc_modpow.obj
 0004:000005ac       $pdata$ModulePower         00000001800185ac     pmc_modpow.obj
 0004:000005b8       $pdata$2$ModulePower       00000001800185b8     pmc_modpow.obj
 0004:000005c4       $pdata$3$ModulePower       00000001800185c4     pmc_modpow.obj
 0004:000005d0       $pdata$PMC_Multiply_I_X    00000001800185d0     pmc_multiply.obj
 0004:000005dc       $pdata$PMC_Multiply_L_X    00000001800185dc     pmc_multiply.obj
 0004:000005e8       $pdata$PMC_Multiply_X_I    00000001800185e8     pmc_multiply.obj
 0004:000005f4       $pdata$PMC_Multiply_X_L    00000001800185f4     pmc_multiply.obj
 0004:00000600       $pdata$PMC_Multiply_X_X    0000000180018600     pmc_multiply.obj
 0004:0000060c       $pdata$Multiply_WORD_using_MUL_ADC 000000018001860c     pmc_multiply.obj
 0004:00000618       $pdata$Multiply_WORD_using_MULX_ADCX 0000000180018618     pmc_multiply.obj
 0004:00000624       $pdata$Multiply_X_2W_using_MUL_ADC 0000000180018624     pmc_multiply.obj
 0004:00000630       $pdata$Multiply_X_2W_using_MULX_ADCX 0000000180018630     pmc_multiply.obj
 0004:0000063c       $pdata$Multiply_X_X_using_MUL_ADC 000000018001863c     pmc_multiply.obj
 0004:00000648       $pdata$Multiply_X_X_using_MULX_ADCX 0000000180018648     pmc_multiply.obj
 0004:00000654       $pdata$PMC_Multiply_X_I_Imp 0000000180018654     pmc_multiply.obj
 0004:00000660       $pdata$PMC_Multiply_X_L_Imp 0000000180018660     pmc_multiply.obj
 0004:0000066c       $pdata$Initialize_Parse    000000018001866c     pmc_parse.obj
 0004:00000678       $pdata$PMC_TryParse        0000000180018678     pmc_parse.obj
 0004:00000684       $pdata$InitializeParserState 0000000180018684     pmc_parse.obj
 0004:00000690       $pdata$ParseAsDecimalNumberString 0000000180018690     pmc_parse.obj
 0004:0000069c       $pdata$Build1WordFromDecimalString 000000018001869c     pmc_parse.obj
 0004:000006a8       $pdata$MultiplyAndAdd_using_ADC_MUL 00000001800186a8     pmc_parse.obj
 0004:000006b4       $pdata$MultiplyAndAdd_using_ADCX_MULX 00000001800186b4     pmc_parse.obj
 0004:000006c0       $pdata$TryParseDN          00000001800186c0     pmc_parse.obj
 0004:000006cc       $pdata$0$TryParseDN        00000001800186cc     pmc_parse.obj
 0004:000006d8       $pdata$1$TryParseDN        00000001800186d8     pmc_parse.obj
 0004:000006e4       $pdata$Build1WordFromHexString 00000001800186e4     pmc_parse.obj
 0004:000006f0       $pdata$TryParseX           00000001800186f0     pmc_parse.obj
 0004:000006fc       $pdata$0$TryParseX         00000001800186fc     pmc_parse.obj
 0004:00000708       $pdata$1$TryParseX         0000000180018708     pmc_parse.obj
 0004:00000714       $pdata$2$TryParseX         0000000180018714     pmc_parse.obj
 0004:00000720       $pdata$3$TryParseX         0000000180018720     pmc_parse.obj
 0004:0000072c       $pdata$PMC_Pow_X_I         000000018001872c     pmc_pow.obj
 0004:00000738       $pdata$PMC_Pow_X_I_Imp     0000000180018738     pmc_pow.obj
 0004:00000744       $pdata$1$PMC_Pow_X_I_Imp   0000000180018744     pmc_pow.obj
 0004:00000750       $pdata$2$PMC_Pow_X_I_Imp   0000000180018750     pmc_pow.obj
 0004:0000075c       $pdata$RightShift_Imp_DIV  000000018001875c     pmc_shift.obj
 0004:00000768       $pdata$0$RightShift_Imp_DIV 0000000180018768     pmc_shift.obj
 0004:00000774       $pdata$1$RightShift_Imp_DIV 0000000180018774     pmc_shift.obj
 0004:00000780       $pdata$2$RightShift_Imp_DIV 0000000180018780     pmc_shift.obj
 0004:0000078c       $pdata$3$RightShift_Imp_DIV 000000018001878c     pmc_shift.obj
 0004:00000798       $pdata$RightShift_Imp      0000000180018798     pmc_shift.obj
 0004:000007a4       $pdata$0$RightShift_Imp    00000001800187a4     pmc_shift.obj
 0004:000007b0       $pdata$1$RightShift_Imp    00000001800187b0     pmc_shift.obj
 0004:000007bc       $pdata$LeftShift_Imp_DIV   00000001800187bc     pmc_shift.obj
 0004:000007c8       $pdata$0$LeftShift_Imp_DIV 00000001800187c8     pmc_shift.obj
 0004:000007d4       $pdata$1$LeftShift_Imp_DIV 00000001800187d4     pmc_shift.obj
 0004:000007e0       $pdata$LeftShift_Imp       00000001800187e0     pmc_shift.obj
 0004:000007ec       $pdata$0$LeftShift_Imp     00000001800187ec     pmc_shift.obj
 0004:000007f8       $pdata$1$LeftShift_Imp     00000001800187f8     pmc_shift.obj
 0004:00000804       $pdata$PMC_RightShift_X_I  0000000180018804     pmc_shift.obj
 0004:00000810       $pdata$PMC_RightShift_X_L  0000000180018810     pmc_shift.obj
 0004:0000081c       $pdata$PMC_LeftShift_X_I   000000018001881c     pmc_shift.obj
 0004:00000828       $pdata$PMC_LeftShift_X_L   0000000180018828     pmc_shift.obj
 0004:00000834       $pdata$Subtruct_Imp        0000000180018834     pmc_subtruct.obj
 0004:00000840       $pdata$PMC_Subtruct_I_X    0000000180018840     pmc_subtruct.obj
 0004:0000084c       $pdata$PMC_Subtruct_L_X    000000018001884c     pmc_subtruct.obj
 0004:00000858       $pdata$PMC_Subtruct_X_I    0000000180018858     pmc_subtruct.obj
 0004:00000864       $pdata$PMC_Subtruct_X_L    0000000180018864     pmc_subtruct.obj
 0004:00000870       $pdata$PMC_Subtruct_X_X    0000000180018870     pmc_subtruct.obj
 0004:0000087c       $pdata$PMC_To_X_I          000000018001887c     pmc_to.obj
 0004:00000888       $pdata$PMC_To_X_L          0000000180018888     pmc_to.obj
 0004:00000894       $pdata$Initialize_ToString 0000000180018894     pmc_tostring.obj
 0004:000008a0       $pdata$PMC_ToString        00000001800188a0     pmc_tostring.obj
 0004:000008ac       $pdata$OutputOneChar       00000001800188ac     pmc_tostring.obj
 0004:000008b8       $pdata$PrintDecimal        00000001800188b8     pmc_tostring.obj
 0004:000008c4       $pdata$ToStringDN          00000001800188c4     pmc_tostring.obj
 0004:000008d0       $pdata$ToStringX           00000001800188d0     pmc_tostring.obj
 0004:000008dc       $pdata$__GSHandlerCheckCommon 00000001800188dc     MSVCRT:gshandler.obj
 0004:000008e8       $pdata$__GSHandlerCheck    00000001800188e8     MSVCRT:gshandler.obj
 0004:00000900       $pdata$?dllmain_crt_process_attach@@YAHQEAUHINSTANCE__@@QEAX@Z 0000000180018900     MSVCRT:dll_dllmain.obj
 0004:0000090c       $pdata$?fin$0@?0??dllmain_crt_process_attach@@YAHQEAUHINSTANCE__@@QEAX@Z@4HA 000000018001890c     MSVCRT:dll_dllmain.obj
 0004:00000918       $pdata$?dllmain_crt_process_detach@@YAH_N@Z 0000000180018918     MSVCRT:dll_dllmain.obj
 0004:00000924       $pdata$?fin$0@?0??dllmain_crt_process_detach@@YAH_N@Z@4HA 0000000180018924     MSVCRT:dll_dllmain.obj
 0004:00000930       $pdata$?dllmain_crt_dispatch@@YAHQEAUHINSTANCE__@@KQEAX@Z 0000000180018930     MSVCRT:dll_dllmain.obj
 0004:0000093c       $pdata$?dllmain_dispatch@@YAHQEAUHINSTANCE__@@KQEAX@Z 000000018001893c     MSVCRT:dll_dllmain.obj
 0004:00000948       $pdata$?filt$0@?0??dllmain_dispatch@@YAHQEAUHINSTANCE__@@KQEAX@Z@4HA 0000000180018948     MSVCRT:dll_dllmain.obj
 0004:00000954       $pdata$_DllMainCRTStartup  0000000180018954     MSVCRT:dll_dllmain.obj
 0004:00000960       $pdata$__report_securityfailure 0000000180018960     MSVCRT:gs_report.obj
 0004:0000096c       $pdata$__report_securityfailureEx 000000018001896c     MSVCRT:gs_report.obj
 0004:00000978       $pdata$__report_rangecheckfailure 0000000180018978     MSVCRT:gs_report.obj
 0004:00000984       $pdata$__report_gsfailure  0000000180018984     MSVCRT:gs_report.obj
 0004:00000990       $pdata$capture_current_context 0000000180018990     MSVCRT:gs_report.obj
 0004:0000099c       $pdata$capture_previous_context 000000018001899c     MSVCRT:gs_report.obj
 0004:000009a8       $pdata$__raise_securityfailure 00000001800189a8     MSVCRT:gs_report.obj
 0004:000009b4       $pdata$__security_init_cookie 00000001800189b4     MSVCRT:gs_support.obj
 0004:000009c0       $pdata$__get_entropy       00000001800189c0     MSVCRT:gs_support.obj
 0004:000009cc       $pdata$__scrt_initialize_default_local_stdio_options 00000001800189cc     MSVCRT:default_local_stdio_options.obj
 0004:000009d8       $pdata$atexit              00000001800189d8     MSVCRT:utility.obj
 0004:000009e4       $pdata$_onexit             00000001800189e4     MSVCRT:utility.obj
 0004:000009f0       $pdata$__scrt_is_nonwritable_in_current_image 00000001800189f0     MSVCRT:utility.obj
 0004:000009fc       $pdata$__scrt_is_nonwritable_in_current_image$filt$0 00000001800189fc     MSVCRT:utility.obj
 0004:00000a08       $pdata$__scrt_acquire_startup_lock 0000000180018a08     MSVCRT:utility.obj
 0004:00000a14       $pdata$__scrt_release_startup_lock 0000000180018a14     MSVCRT:utility.obj
 0004:00000a20       $pdata$__scrt_initialize_crt 0000000180018a20     MSVCRT:utility.obj
 0004:00000a2c       $pdata$__scrt_uninitialize_crt 0000000180018a2c     MSVCRT:utility.obj
 0004:00000a38       $pdata$__scrt_initialize_onexit_tables 0000000180018a38     MSVCRT:utility.obj
 0004:00000a44       $pdata$__scrt_dllmain_exception_filter 0000000180018a44     MSVCRT:utility.obj
 0004:00000a50       $pdata$__scrt_dllmain_before_initialize_c 0000000180018a50     MSVCRT:utility.obj
 0004:00000a5c       $pdata$__scrt_dllmain_after_initialize_c 0000000180018a5c     MSVCRT:utility.obj
 0004:00000a68       $pdata$__scrt_dllmain_uninitialize_c 0000000180018a68     MSVCRT:utility.obj
 0004:00000a74       $pdata$__scrt_dllmain_uninitialize_critical 0000000180018a74     MSVCRT:utility.obj
 0004:00000a80       $pdata$__scrt_dllmain_crt_thread_attach 0000000180018a80     MSVCRT:utility.obj
 0004:00000a8c       $pdata$__scrt_dllmain_crt_thread_detach 0000000180018a8c     MSVCRT:utility.obj
 0004:00000a98       $pdata$?configure_argv@__scrt_narrow_argv_policy@@SAHXZ 0000000180018a98     MSVCRT:utility.obj
 0004:00000aa4       $pdata$__scrt_get_show_window_mode 0000000180018aa4     MSVCRT:utility_desktop.obj
 0004:00000ab0       $pdata$__scrt_is_managed_app 0000000180018ab0     MSVCRT:utility_desktop.obj
 0004:00000abc       $pdata$__scrt_fastfail     0000000180018abc     MSVCRT:utility_desktop.obj
 0004:00000ac8       $pdata$__scrt_unhandled_exception_filter 0000000180018ac8     MSVCRT:utility_desktop.obj
 0004:00000ad4       $pdata$_RTC_Initialize     0000000180018ad4     MSVCRT:initsect.obj
 0004:00000ae0       $pdata$_RTC_Terminate      0000000180018ae0     MSVCRT:initsect.obj
 0004:00000aec       $pdata$__isa_available_init 0000000180018aec     MSVCRT:cpu_disp.obj
 0005:000000a0       $R000000                   00000001800190a0     Palmtree.Math.Core.Implements.res
 0005:000003d0       $R000330                   00000001800193d0     Palmtree.Math.Core.Implements.res
