 Palmtree.Math.Core.Implements

 Timestamp is 5c4d8412 (Sun Jan 27 19:12:34 2019)

 Preferred load address is 0000000180000000

 Start         Length     Name                   Class
 0001:00000000 00012240H .text$mn                CODE
 0001:00012240 00000012H .text$mn$00             CODE
 0001:00012252 00000081H .text$x                 CODE
 0002:00000000 00000148H .idata$5                DATA
 0002:00000148 00000010H .00cfg                  DATA
 0002:00000158 00000008H .CRT$XCA                DATA
 0002:00000160 00000008H .CRT$XCZ                DATA
 0002:00000168 00000008H .CRT$XIA                DATA
 0002:00000170 00000008H .CRT$XIZ                DATA
 0002:00000178 00000008H .CRT$XPA                DATA
 0002:00000180 00000008H .CRT$XPZ                DATA
 0002:00000188 00000008H .CRT$XTA                DATA
 0002:00000190 00000010H .CRT$XTZ                DATA
 0002:00000198 00000000H .gfids$y                DATA
 0002:000001a0 00000190H .rdata                  DATA
 0002:00000330 000002e8H .rdata$zzzdbg           DATA
 0002:00000618 00000008H .rtc$IAA                DATA
 0002:00000620 00000008H .rtc$IZZ                DATA
 0002:00000628 00000008H .rtc$TAA                DATA
 0002:00000630 00000008H .rtc$TZZ                DATA
 0002:00000638 00000e48H .xdata                  DATA
 0002:00001480 00000078H .edata                  DATA
 0002:000014f8 0000003cH .idata$2                DATA
 0002:00001534 00000014H .idata$3                DATA
 0002:00001548 00000148H .idata$4                DATA
 0002:00001690 0000033eH .idata$6                DATA
 0003:00000000 000000c0H .data                   DATA
 0003:000000c0 000008e0H .bss                    DATA
 0004:00000000 00000a98H .pdata                  DATA
 0005:00000000 00000060H .rsrc$01                DATA
 0005:00000060 00000180H .rsrc$02                DATA

  Address         Publics by Value              Rva+Base               Lib:Object

 0000:00000000       __hybrid_auxiliary_iat     0000000000000000     <absolute>
 0000:00000000       __hybrid_code_map          0000000000000000     <absolute>
 0000:00000000       __dynamic_value_reloc_table 0000000000000000     <absolute>
 0000:00000000       __volatile_metadata        0000000000000000     <absolute>
 0000:00000000       __guard_longjmp_table      0000000000000000     <absolute>
 0000:00000000       ___safe_se_handler_table   0000000000000000     <absolute>
 0000:00000000       __hybrid_code_map_count    0000000000000000     <absolute>
 0000:00000000       __guard_longjmp_count      0000000000000000     <absolute>
 0000:00000000       __enclave_config           0000000000000000     <absolute>
 0000:00000000       ___safe_se_handler_count   0000000000000000     <absolute>
 0000:00000000       __guard_iat_table          0000000000000000     <absolute>
 0000:00000000       __guard_fids_count         0000000000000000     <absolute>
 0000:00000000       __guard_iat_count          0000000000000000     <absolute>
 0000:00000000       __guard_fids_table         0000000000000000     <absolute>
 0000:00000100       __guard_flags              0000000000000100     <absolute>
 0000:00000000       __ImageBase                0000000180000000     <linker-defined>
 0001:00000000       GetCPUInfo                 0000000180001000 f   cpuid.obj
 0001:000000b0       DoDebug                    00000001800010b0 f   debug.obj
 0001:000000c0       DllMain                    00000001800010c0 f   dllmain.obj
 0001:00000100       AllocateBlock              0000000180001100 f   memory.obj
 0001:00000180       AllocateHeapArea           0000000180001180 f   memory.obj
 0001:000001b0       AllocateNumber             00000001800011b0 f   memory.obj
 0001:00000220       AttatchNumber              0000000180001220 f   memory.obj
 0001:000004d0       CheckBlockLight            00000001800014d0 f   memory.obj
 0001:000004e0       CheckNumber                00000001800014e0 f   memory.obj
 0001:00000550       CommitNumber               0000000180001550 f   memory.obj
 0001:000006b0       DeallocateBlock            00000001800016b0 f   memory.obj
 0001:00000700       DeallocateHeapArea         0000000180001700 f   memory.obj
 0001:00000730       DeallocateNumber           0000000180001730 f   memory.obj
 0001:00000790       DetatchNumber              0000000180001790 f   memory.obj
 0001:000007a0       DuplicateNumber            00000001800017a0 f   memory.obj
 0001:00000930       Initialize_Memory          0000000180001930 f   memory.obj
 0001:00000990       PMC_Dispose                0000000180001990 f   memory.obj
 0001:00001030       Initialize_Add             0000000180002030 f   pmc_add.obj
 0001:00001050       PMC_Add_I_X                0000000180002050 f   pmc_add.obj
 0001:000010b0       PMC_Add_L_X                00000001800020b0 f   pmc_add.obj
 0001:00001110       PMC_Add_X_I                0000000180002110 f   pmc_add.obj
 0001:000012b0       PMC_Add_X_L                00000001800022b0 f   pmc_add.obj
 0001:00001440       PMC_Add_X_X                0000000180002440 f   pmc_add.obj
 0001:00001d50       Initialize_BitwiseAnd      0000000180002d50 f   pmc_bitwiseand.obj
 0001:00001d60       PMC_BitwiseAnd_I_X         0000000180002d60 f   pmc_bitwiseand.obj
 0001:00001de0       PMC_BitwiseAnd_L_X         0000000180002de0 f   pmc_bitwiseand.obj
 0001:00001e70       PMC_BitwiseAnd_X_I         0000000180002e70 f   pmc_bitwiseand.obj
 0001:00001ef0       PMC_BitwiseAnd_X_L         0000000180002ef0 f   pmc_bitwiseand.obj
 0001:00001f70       PMC_BitwiseAnd_X_X         0000000180002f70 f   pmc_bitwiseand.obj
 0001:000023b0       Initialize_BitwiseOr       00000001800033b0 f   pmc_bitwiseor.obj
 0001:000023c0       PMC_BitwiseOr_I_X          00000001800033c0 f   pmc_bitwiseor.obj
 0001:00002420       PMC_BitwiseOr_L_X          0000000180003420 f   pmc_bitwiseor.obj
 0001:00002480       PMC_BitwiseOr_X_I          0000000180003480 f   pmc_bitwiseor.obj
 0001:000025d0       PMC_BitwiseOr_X_L          00000001800035d0 f   pmc_bitwiseor.obj
 0001:00002740       PMC_BitwiseOr_X_X          0000000180003740 f   pmc_bitwiseor.obj
 0001:00002860       Compare_Imp                0000000180003860 f   pmc_compare.obj
 0001:000028b0       Initialize_Compare         00000001800038b0 f   pmc_compare.obj
 0001:000028c0       PMC_Compare_I_X            00000001800038c0 f   pmc_compare.obj
 0001:000029b0       PMC_Compare_L_X            00000001800039b0 f   pmc_compare.obj
 0001:00002a90       PMC_Compare_X_I            0000000180003a90 f   pmc_compare.obj
 0001:00002b30       PMC_Compare_X_L            0000000180003b30 f   pmc_compare.obj
 0001:00002bc0       PMC_Compare_X_X            0000000180003bc0 f   pmc_compare.obj
 0001:000033c0       DivRem_X_1W                00000001800043c0 f   pmc_divrem.obj
 0001:00003fa0       Initialize_DivRem          0000000180004fa0 f   pmc_divrem.obj
 0001:00003fd0       PMC_DivRem_I_X             0000000180004fd0 f   pmc_divrem.obj
 0001:000040a0       PMC_DivRem_L_X             00000001800050a0 f   pmc_divrem.obj
 0001:000042b0       PMC_DivRem_X_I             00000001800052b0 f   pmc_divrem.obj
 0001:00004430       PMC_DivRem_X_L             0000000180005430 f   pmc_divrem.obj
 0001:000046e0       PMC_DivRem_X_X             00000001800056e0 f   pmc_divrem.obj
 0001:000064b0       Equals_X_X                 00000001800074b0 f   pmc_equals.obj
 0001:000064e0       Initialize_Equals          00000001800074e0 f   pmc_equals.obj
 0001:000064f0       PMC_Equals_I_X             00000001800074f0 f   pmc_equals.obj
 0001:00006550       PMC_Equals_L_X             0000000180007550 f   pmc_equals.obj
 0001:000065b0       PMC_Equals_X_I             00000001800075b0 f   pmc_equals.obj
 0001:00006670       PMC_Equals_X_L             0000000180007670 f   pmc_equals.obj
 0001:00006720       PMC_Equals_X_X             0000000180007720 f   pmc_equals.obj
 0001:00006b40       Initialize_ExclusiveOr     0000000180007b40 f   pmc_exclusiveor.obj
 0001:00006b50       PMC_ExclusiveOr_I_X        0000000180007b50 f   pmc_exclusiveor.obj
 0001:00006bb0       PMC_ExclusiveOr_L_X        0000000180007bb0 f   pmc_exclusiveor.obj
 0001:00006c10       PMC_ExclusiveOr_X_I        0000000180007c10 f   pmc_exclusiveor.obj
 0001:00006d80       PMC_ExclusiveOr_X_L        0000000180007d80 f   pmc_exclusiveor.obj
 0001:00006f00       PMC_ExclusiveOr_X_X        0000000180007f00 f   pmc_exclusiveor.obj
 0001:00007050       From_I_Imp                 0000000180008050 f   pmc_from.obj
 0001:000070b0       From_L_Imp                 00000001800080b0 f   pmc_from.obj
 0001:00007100       Initialize_From            0000000180008100 f   pmc_from.obj
 0001:00007110       PMC_From_B                 0000000180008110 f   pmc_from.obj
 0001:000071f0       PMC_From_I                 00000001800081f0 f   pmc_from.obj
 0001:00007270       PMC_From_L                 0000000180008270 f   pmc_from.obj
 0001:000073e0       Initialize_GreatestCommonDivisor 00000001800083e0 f   pmc_greatestcommondivisor.obj
 0001:000073f0       PMC_GreatestCommonDivisor_I_X 00000001800083f0 f   pmc_greatestcommondivisor.obj
 0001:00007450       PMC_GreatestCommonDivisor_L_X 0000000180008450 f   pmc_greatestcommondivisor.obj
 0001:000074b0       PMC_GreatestCommonDivisor_X_I 00000001800084b0 f   pmc_greatestcommondivisor.obj
 0001:00007790       PMC_GreatestCommonDivisor_X_L 0000000180008790 f   pmc_greatestcommondivisor.obj
 0001:00007a50       PMC_GreatestCommonDivisor_X_X 0000000180008a50 f   pmc_greatestcommondivisor.obj
 0001:00007ce0       PMC_Initialize             0000000180008ce0 f   pmc_initialize.obj
 0001:000081e0       Initialize_Multiply        00000001800091e0 f   pmc_multiply.obj
 0001:00009b50       Multiply_X_X_Imp           000000018000ab50 f   pmc_multiply.obj
 0001:00009c80       PMC_Multiply_I_X           000000018000ac80 f   pmc_multiply.obj
 0001:00009ce0       PMC_Multiply_L_X           000000018000ace0 f   pmc_multiply.obj
 0001:00009d40       PMC_Multiply_X_I           000000018000ad40 f   pmc_multiply.obj
 0001:00009ea0       PMC_Multiply_X_L           000000018000aea0 f   pmc_multiply.obj
 0001:0000a000       PMC_Multiply_X_X           000000018000b000 f   pmc_multiply.obj
 0001:0000a5b0       Initialize_Parse           000000018000b5b0 f   pmc_parse.obj
 0001:0000b970       PMC_TryParse               000000018000c970 f   pmc_parse.obj
 0001:0000c9c0       Initialize_Pow             000000018000d9c0 f   pmc_pow.obj
 0001:0000c9d0       PMC_Pow_X_I                000000018000d9d0 f   pmc_pow.obj
 0001:0000cce0       Initialize_Shift           000000018000dce0 f   pmc_shift.obj
 0001:0000ccf0       LeftShift_Imp              000000018000dcf0 f   pmc_shift.obj
 0001:0000d4d0       LeftShift_Imp_DIV          000000018000e4d0 f   pmc_shift.obj
 0001:0000db00       PMC_LeftShift_X_I          000000018000eb00 f   pmc_shift.obj
 0001:0000dc20       PMC_LeftShift_X_L          000000018000ec20 f   pmc_shift.obj
 0001:0000dd40       PMC_RightShift_X_I         000000018000ed40 f   pmc_shift.obj
 0001:0000de60       PMC_RightShift_X_L         000000018000ee60 f   pmc_shift.obj
 0001:0000df80       RightShift_Imp             000000018000ef80 f   pmc_shift.obj
 0001:0000e760       RightShift_Imp_DIV         000000018000f760 f   pmc_shift.obj
 0001:0000eda0       PMC_GetStatisticsInfo      000000018000fda0 f   pmc_statistics.obj
 0001:0000edd0       Initialize_Subtruct        000000018000fdd0 f   pmc_subtruct.obj
 0001:0000ede0       PMC_Subtruct_I_X           000000018000fde0 f   pmc_subtruct.obj
 0001:0000eec0       PMC_Subtruct_L_X           000000018000fec0 f   pmc_subtruct.obj
 0001:0000ef70       PMC_Subtruct_X_I           000000018000ff70 f   pmc_subtruct.obj
 0001:0000f100       PMC_Subtruct_X_L           0000000180010100 f   pmc_subtruct.obj
 0001:0000f280       PMC_Subtruct_X_X           0000000180010280 f   pmc_subtruct.obj
 0001:0000f400       Subtruct_Imp               0000000180010400 f   pmc_subtruct.obj
 0001:0000f930       Initialize_To              0000000180010930 f   pmc_to.obj
 0001:0000f940       PMC_To_X_B                 0000000180010940 f   pmc_to.obj
 0001:0000f9e0       PMC_To_X_I                 00000001800109e0 f   pmc_to.obj
 0001:0000fa40       PMC_To_X_L                 0000000180010a40 f   pmc_to.obj
 0001:0000fab0       Initialize_ToString        0000000180010ab0 f   pmc_tostring.obj
 0001:0000fc00       PMC_ToString               0000000180010c00 f   pmc_tostring.obj
 0001:00010e1e       HeapCreate                 0000000180011e1e f   kernel32:KERNEL32.dll
 0001:00010e24       HeapDestroy                0000000180011e24 f   kernel32:KERNEL32.dll
 0001:00010e2a       HeapAlloc                  0000000180011e2a f   kernel32:KERNEL32.dll
 0001:00010e30       HeapFree                   0000000180011e30 f   kernel32:KERNEL32.dll
 0001:00010e36       lstrcpyA                   0000000180011e36 f   kernel32:KERNEL32.dll
 0001:00010e3c       lstrcpyW                   0000000180011e3c f   kernel32:KERNEL32.dll
 0001:00010e42       lstrlenW                   0000000180011e42 f   kernel32:KERNEL32.dll
 0001:00010e48       __GSHandlerCheck           0000000180011e48 f   MSVCRT:gshandler.obj
 0001:00010e68       __GSHandlerCheckCommon     0000000180011e68 f   MSVCRT:gshandler.obj
 0001:00010ee0       __security_check_cookie    0000000180011ee0 f   MSVCRT:amdsecgs.obj
 0001:00011250       _CRT_INIT                  0000000180012250 f   MSVCRT:dll_dllmain.obj
 0001:00011258       _DllMainCRTStartup         0000000180012258 f   MSVCRT:dll_dllmain.obj
 0001:00011298       __raise_securityfailure    0000000180012298 f   MSVCRT:gs_report.obj
 0001:000112cc       __report_gsfailure         00000001800122cc f   MSVCRT:gs_report.obj
 0001:000113a0       __report_rangecheckfailure 00000001800123a0 f   MSVCRT:gs_report.obj
 0001:000113b4       __report_securityfailure   00000001800123b4 f   MSVCRT:gs_report.obj
 0001:00011450       __report_securityfailureEx 0000000180012450 f   MSVCRT:gs_report.obj
 0001:000116b0       __security_init_cookie     00000001800126b0 f   MSVCRT:gs_support.obj
 0001:0001175c       ?__scrt_initialize_type_info@@YAXXZ 000000018001275c f   MSVCRT:tncleanup.obj
 0001:0001176c       ?__scrt_uninitialize_type_info@@YAXXZ 000000018001276c f   MSVCRT:tncleanup.obj
 0001:00011778       __local_stdio_printf_options 0000000180012778 f i MSVCRT:default_local_stdio_options.obj
 0001:00011780       __local_stdio_scanf_options 0000000180012780 f i MSVCRT:default_local_stdio_options.obj
 0001:00011788       __scrt_initialize_default_local_stdio_options 0000000180012788 f   MSVCRT:default_local_stdio_options.obj
 0001:000117a4       ??$__crt_fast_decode_pointer@PEAP6AXXZ@@YAPEAP6AXXZQEAP6AXXZ@Z 00000001800127a4 f i MSVCRT:utility.obj
 0001:000117bc       ??$__crt_fast_encode_pointer@PEAP6AXXZ@@YAPEAP6AXXZQEAP6AXXZ@Z 00000001800127bc f i MSVCRT:utility.obj
 0001:000117dc       ?__crt_rotate_pointer_value@@YA_K_KH@Z 00000001800127dc f i MSVCRT:utility.obj
 0001:000117e8       ?configure_argv@__scrt_narrow_argv_policy@@SAHXZ 00000001800127e8 f i MSVCRT:utility.obj
 0001:00011848       ?initialize_environment@__scrt_narrow_environment_policy@@SAHXZ 0000000180012848 f i MSVCRT:utility.obj
 0001:00011880       NtCurrentTeb               0000000180012880 f i MSVCRT:utility.obj
 0001:0001188c       __scrt_acquire_startup_lock 000000018001288c f   MSVCRT:utility.obj
 0001:000118c8       __scrt_dllmain_after_initialize_c 00000001800128c8 f   MSVCRT:utility.obj
 0001:000118fc       __scrt_dllmain_before_initialize_c 00000001800128fc f   MSVCRT:utility.obj
 0001:00011914       __scrt_dllmain_crt_thread_attach 0000000180012914 f   MSVCRT:utility.obj
 0001:0001193c       __scrt_dllmain_crt_thread_detach 000000018001293c f   MSVCRT:utility.obj
 0001:00011954       __scrt_dllmain_exception_filter 0000000180012954 f   MSVCRT:utility.obj
 0001:000119b4       __scrt_dllmain_uninitialize_c 00000001800129b4 f   MSVCRT:utility.obj
 0001:000119e4       __scrt_dllmain_uninitialize_critical 00000001800129e4 f   MSVCRT:utility.obj
 0001:000119f8       __scrt_initialize_crt      00000001800129f8 f   MSVCRT:utility.obj
 0001:00011a44       __scrt_initialize_onexit_tables 0000000180012a44 f   MSVCRT:utility.obj
 0001:00011b1c       __scrt_is_nonwritable_in_current_image 0000000180012b1c f   MSVCRT:utility.obj
 0001:00011bb8       __scrt_release_startup_lock 0000000180012bb8 f   MSVCRT:utility.obj
 0001:00011bdc       __scrt_uninitialize_crt    0000000180012bdc f   MSVCRT:utility.obj
 0001:00011c08       _onexit                    0000000180012c08 f   MSVCRT:utility.obj
 0001:00011c58       at_quick_exit              0000000180012c58 f   MSVCRT:utility.obj
 0001:00011c90       atexit                     0000000180012c90 f   MSVCRT:utility.obj
 0001:00011ca8       __scrt_get_dyn_tls_init_callback 0000000180012ca8 f   MSVCRT:dyn_tls_init.obj
 0001:00011cb0       __crt_debugger_hook        0000000180012cb0 f   MSVCRT:utility_desktop.obj
 0001:00011cb8       __scrt_fastfail            0000000180012cb8 f   MSVCRT:utility_desktop.obj
 0001:00011e04       __scrt_get_show_window_mode 0000000180012e04 f   MSVCRT:utility_desktop.obj
 0001:00011e40       __scrt_initialize_mta      0000000180012e40 f   MSVCRT:utility_desktop.obj
 0001:00011e48       __scrt_initialize_winrt    0000000180012e48 f   MSVCRT:utility_desktop.obj
 0001:00011e4c       __scrt_is_managed_app      0000000180012e4c f   MSVCRT:utility_desktop.obj
 0001:00011ea0       __scrt_set_unhandled_exception_filter 0000000180012ea0 f   MSVCRT:utility_desktop.obj
 0001:00011eb0       __scrt_stub_for_initialize_mta 0000000180012eb0 f   MSVCRT:utility_desktop.obj
 0001:00011eb0       __scrt_exe_initialize_mta  0000000180012eb0 f   MSVCRT:utility_desktop.obj
 0001:00011eb4       __scrt_unhandled_exception_filter 0000000180012eb4 f   MSVCRT:utility_desktop.obj
 0001:00011eec       _RTC_Initialize            0000000180012eec f   MSVCRT:initsect.obj
 0001:00011f28       _RTC_Terminate             0000000180012f28 f   MSVCRT:initsect.obj
 0001:00011f64       _guard_check_icall_nop     0000000180012f64 f i MSVCRT:guard_support.obj
 0001:00011f68       ReadNoFence64              0000000180012f68 f i MSVCRT:guard_support.obj
 0001:00011f6c       ReadPointerNoFence         0000000180012f6c f i MSVCRT:guard_support.obj
 0001:00011f70       _guard_icall_checks_enforced 0000000180012f70 f i MSVCRT:guard_support.obj
 0001:00011f88       _guard_rf_checks_enforced  0000000180012f88 f i MSVCRT:guard_support.obj
 0001:00011f8c       __isa_available_init       0000000180012f8c f   MSVCRT:cpu_disp.obj
 0001:00012148       _get_startup_argv_mode     0000000180013148 f   MSVCRT:argv_mode.obj
 0001:00012150       __scrt_is_ucrt_dll_in_use  0000000180013150 f   MSVCRT:ucrt_detection.obj
 0001:00012160       __C_specific_handler       0000000180013160 f   vcruntime:VCRUNTIME140.dll
 0001:00012166       __std_type_info_destroy_list 0000000180013166 f   vcruntime:VCRUNTIME140.dll
 0001:0001216c       memset                     000000018001316c f   vcruntime:VCRUNTIME140.dll
 0001:00012172       _initterm                  0000000180013172 f   ucrt:api-ms-win-crt-runtime-l1-1-0.dll
 0001:00012178       _initterm_e                0000000180013178 f   ucrt:api-ms-win-crt-runtime-l1-1-0.dll
 0001:0001217e       _seh_filter_dll            000000018001317e f   ucrt:api-ms-win-crt-runtime-l1-1-0.dll
 0001:00012184       _configure_narrow_argv     0000000180013184 f   ucrt:api-ms-win-crt-runtime-l1-1-0.dll
 0001:0001218a       _initialize_narrow_environment 000000018001318a f   ucrt:api-ms-win-crt-runtime-l1-1-0.dll
 0001:00012190       _initialize_onexit_table   0000000180013190 f   ucrt:api-ms-win-crt-runtime-l1-1-0.dll
 0001:00012196       _register_onexit_function  0000000180013196 f   ucrt:api-ms-win-crt-runtime-l1-1-0.dll
 0001:0001219c       _execute_onexit_table      000000018001319c f   ucrt:api-ms-win-crt-runtime-l1-1-0.dll
 0001:000121a2       _crt_atexit                00000001800131a2 f   ucrt:api-ms-win-crt-runtime-l1-1-0.dll
 0001:000121a8       _crt_at_quick_exit         00000001800131a8 f   ucrt:api-ms-win-crt-runtime-l1-1-0.dll
 0001:000121ae       _cexit                     00000001800131ae f   ucrt:api-ms-win-crt-runtime-l1-1-0.dll
 0001:000121b4       terminate                  00000001800131b4 f   ucrt:api-ms-win-crt-runtime-l1-1-0.dll
 0001:000121ba       RtlCaptureContext          00000001800131ba f   kernel32:KERNEL32.dll
 0001:000121c0       RtlLookupFunctionEntry     00000001800131c0 f   kernel32:KERNEL32.dll
 0001:000121c6       RtlVirtualUnwind           00000001800131c6 f   kernel32:KERNEL32.dll
 0001:000121cc       UnhandledExceptionFilter   00000001800131cc f   kernel32:KERNEL32.dll
 0001:000121d2       SetUnhandledExceptionFilter 00000001800131d2 f   kernel32:KERNEL32.dll
 0001:000121d8       GetCurrentProcess          00000001800131d8 f   kernel32:KERNEL32.dll
 0001:000121de       TerminateProcess           00000001800131de f   kernel32:KERNEL32.dll
 0001:000121e4       IsProcessorFeaturePresent  00000001800131e4 f   kernel32:KERNEL32.dll
 0001:000121ea       QueryPerformanceCounter    00000001800131ea f   kernel32:KERNEL32.dll
 0001:000121f0       GetCurrentProcessId        00000001800131f0 f   kernel32:KERNEL32.dll
 0001:000121f6       GetCurrentThreadId         00000001800131f6 f   kernel32:KERNEL32.dll
 0001:000121fc       GetSystemTimeAsFileTime    00000001800131fc f   kernel32:KERNEL32.dll
 0001:00012202       InitializeSListHead        0000000180013202 f   kernel32:KERNEL32.dll
 0001:00012208       IsDebuggerPresent          0000000180013208 f   kernel32:KERNEL32.dll
 0001:0001220e       GetStartupInfoW            000000018001320e f   kernel32:KERNEL32.dll
 0001:00012214       GetModuleHandleW           0000000180013214 f   kernel32:KERNEL32.dll
 0001:0001221c       __acrt_initialize          000000018001321c f   MSVCRT:ucrt_stubs.obj
 0001:0001221c       __scrt_stub_for_acrt_initialize 000000018001321c f   MSVCRT:ucrt_stubs.obj
 0001:0001221c       __vcrt_initialize          000000018001321c f   MSVCRT:ucrt_stubs.obj
 0001:00012220       __acrt_thread_attach       0000000180013220 f   MSVCRT:ucrt_stubs.obj
 0001:00012220       __vcrt_thread_attach       0000000180013220 f   MSVCRT:ucrt_stubs.obj
 0001:00012220       __scrt_stub_for_acrt_thread_attach 0000000180013220 f   MSVCRT:ucrt_stubs.obj
 0001:00012224       __vcrt_thread_detach       0000000180013224 f   MSVCRT:ucrt_stubs.obj
 0001:00012224       __scrt_stub_for_acrt_thread_detach 0000000180013224 f   MSVCRT:ucrt_stubs.obj
 0001:00012224       __acrt_thread_detach       0000000180013224 f   MSVCRT:ucrt_stubs.obj
 0001:00012228       __vcrt_uninitialize        0000000180013228 f   MSVCRT:ucrt_stubs.obj
 0001:00012228       __scrt_stub_for_acrt_uninitialize 0000000180013228 f   MSVCRT:ucrt_stubs.obj
 0001:00012228       __acrt_uninitialize        0000000180013228 f   MSVCRT:ucrt_stubs.obj
 0001:0001222c       __scrt_stub_for_acrt_uninitialize_critical 000000018001322c f   MSVCRT:ucrt_stubs.obj
 0001:0001222c       __acrt_uninitialize_critical 000000018001322c f   MSVCRT:ucrt_stubs.obj
 0001:0001222c       __vcrt_uninitialize_critical 000000018001322c f   MSVCRT:ucrt_stubs.obj
 0001:00012230       __scrt_stub_for_is_c_termination_complete 0000000180013230 f   MSVCRT:ucrt_stubs.obj
 0001:00012230       _is_c_termination_complete 0000000180013230 f   MSVCRT:ucrt_stubs.obj
 0001:00012250       _guard_dispatch_icall_nop  0000000180013250 f   MSVCRT:guard_dispatch.obj
 0002:00000000       __imp_HeapCreate           0000000180014000     kernel32:KERNEL32.dll
 0002:00000008       __imp_HeapDestroy          0000000180014008     kernel32:KERNEL32.dll
 0002:00000010       __imp_HeapAlloc            0000000180014010     kernel32:KERNEL32.dll
 0002:00000018       __imp_HeapFree             0000000180014018     kernel32:KERNEL32.dll
 0002:00000020       __imp_lstrcpyA             0000000180014020     kernel32:KERNEL32.dll
 0002:00000028       __imp_lstrcpyW             0000000180014028     kernel32:KERNEL32.dll
 0002:00000030       __imp_lstrlenW             0000000180014030     kernel32:KERNEL32.dll
 0002:00000038       __imp_GetStartupInfoW      0000000180014038     kernel32:KERNEL32.dll
 0002:00000040       __imp_IsDebuggerPresent    0000000180014040     kernel32:KERNEL32.dll
 0002:00000048       __imp_InitializeSListHead  0000000180014048     kernel32:KERNEL32.dll
 0002:00000050       __imp_GetSystemTimeAsFileTime 0000000180014050     kernel32:KERNEL32.dll
 0002:00000058       __imp_GetCurrentThreadId   0000000180014058     kernel32:KERNEL32.dll
 0002:00000060       __imp_GetCurrentProcessId  0000000180014060     kernel32:KERNEL32.dll
 0002:00000068       __imp_QueryPerformanceCounter 0000000180014068     kernel32:KERNEL32.dll
 0002:00000070       __imp_IsProcessorFeaturePresent 0000000180014070     kernel32:KERNEL32.dll
 0002:00000078       __imp_TerminateProcess     0000000180014078     kernel32:KERNEL32.dll
 0002:00000080       __imp_GetCurrentProcess    0000000180014080     kernel32:KERNEL32.dll
 0002:00000088       __imp_SetUnhandledExceptionFilter 0000000180014088     kernel32:KERNEL32.dll
 0002:00000090       __imp_UnhandledExceptionFilter 0000000180014090     kernel32:KERNEL32.dll
 0002:00000098       __imp_RtlVirtualUnwind     0000000180014098     kernel32:KERNEL32.dll
 0002:000000a0       __imp_GetModuleHandleW     00000001800140a0     kernel32:KERNEL32.dll
 0002:000000a8       __imp_RtlLookupFunctionEntry 00000001800140a8     kernel32:KERNEL32.dll
 0002:000000b0       __imp_RtlCaptureContext    00000001800140b0     kernel32:KERNEL32.dll
 0002:000000b8       \177KERNEL32_NULL_THUNK_DATA 00000001800140b8     kernel32:KERNEL32.dll
 0002:000000c0       __imp___C_specific_handler 00000001800140c0     vcruntime:VCRUNTIME140.dll
 0002:000000c8       __imp_memset               00000001800140c8     vcruntime:VCRUNTIME140.dll
 0002:000000d0       __imp___std_type_info_destroy_list 00000001800140d0     vcruntime:VCRUNTIME140.dll
 0002:000000d8       \177VCRUNTIME140_NULL_THUNK_DATA 00000001800140d8     vcruntime:VCRUNTIME140.dll
 0002:000000e0       __imp__register_onexit_function 00000001800140e0     ucrt:api-ms-win-crt-runtime-l1-1-0.dll
 0002:000000e8       __imp__initialize_onexit_table 00000001800140e8     ucrt:api-ms-win-crt-runtime-l1-1-0.dll
 0002:000000f0       __imp__crt_at_quick_exit   00000001800140f0     ucrt:api-ms-win-crt-runtime-l1-1-0.dll
 0002:000000f8       __imp__configure_narrow_argv 00000001800140f8     ucrt:api-ms-win-crt-runtime-l1-1-0.dll
 0002:00000100       __imp__seh_filter_dll      0000000180014100     ucrt:api-ms-win-crt-runtime-l1-1-0.dll
 0002:00000108       __imp__initterm_e          0000000180014108     ucrt:api-ms-win-crt-runtime-l1-1-0.dll
 0002:00000110       __imp__initterm            0000000180014110     ucrt:api-ms-win-crt-runtime-l1-1-0.dll
 0002:00000118       __imp__execute_onexit_table 0000000180014118     ucrt:api-ms-win-crt-runtime-l1-1-0.dll
 0002:00000120       __imp__cexit               0000000180014120     ucrt:api-ms-win-crt-runtime-l1-1-0.dll
 0002:00000128       __imp__initialize_narrow_environment 0000000180014128     ucrt:api-ms-win-crt-runtime-l1-1-0.dll
 0002:00000130       __imp_terminate            0000000180014130     ucrt:api-ms-win-crt-runtime-l1-1-0.dll
 0002:00000138       __imp__crt_atexit          0000000180014138     ucrt:api-ms-win-crt-runtime-l1-1-0.dll
 0002:00000140       \177api-ms-win-crt-runtime-l1-1-0_NULL_THUNK_DATA 0000000180014140     ucrt:api-ms-win-crt-runtime-l1-1-0.dll
 0002:00000148       __guard_check_icall_fptr   0000000180014148     MSVCRT:guard_support.obj
 0002:00000150       __guard_dispatch_icall_fptr 0000000180014150     MSVCRT:guard_support.obj
 0002:00000158       __xc_a                     0000000180014158     MSVCRT:initializers.obj
 0002:00000160       __xc_z                     0000000180014160     MSVCRT:initializers.obj
 0002:00000168       __xi_a                     0000000180014168     MSVCRT:initializers.obj
 0002:00000170       __xi_z                     0000000180014170     MSVCRT:initializers.obj
 0002:00000178       __xp_a                     0000000180014178     MSVCRT:initializers.obj
 0002:00000180       __xp_z                     0000000180014180     MSVCRT:initializers.obj
 0002:00000188       __xt_a                     0000000180014188     MSVCRT:initializers.obj
 0002:00000190       __xt_z                     0000000180014190     MSVCRT:initializers.obj
 0002:000001a0       ??_C@_13DEFPDAGF@?$AA?0@   00000001800141a0     pmc_parse.obj
 0002:000001a4       ??_C@_13JOFGPIOO@?$AA?4@   00000001800141a4     pmc_parse.obj
 0002:000001a8       ??_C@_01EKENIIDA@3@        00000001800141a8     pmc_parse.obj
 0002:000001ac       ??_C@_13KJIIAINM@?$AA?$CL@ 00000001800141ac     pmc_parse.obj
 0002:000001b0       ??_C@_13IMODFHAA@?$AA?9@   00000001800141b0     pmc_parse.obj
 0002:000001b8       _pRawDllMain               00000001800141b8     MSVCRT:dll_dllmain.obj
 0002:000001b8       _pDefaultRawDllMain        00000001800141b8     MSVCRT:dll_dllmain.obj
 0002:00000230       _load_config_used          0000000180014230     MSVCRT:loadcfg.obj
 0002:00000618       __rtc_iaa                  0000000180014618     MSVCRT:initsect.obj
 0002:00000620       __rtc_izz                  0000000180014620     MSVCRT:initsect.obj
 0002:00000628       __rtc_taa                  0000000180014628     MSVCRT:initsect.obj
 0002:00000630       __rtc_tzz                  0000000180014630     MSVCRT:initsect.obj
 0002:000014f8       __IMPORT_DESCRIPTOR_KERNEL32 00000001800154f8     kernel32:KERNEL32.dll
 0002:0000150c       __IMPORT_DESCRIPTOR_VCRUNTIME140 000000018001550c     vcruntime:VCRUNTIME140.dll
 0002:00001520       __IMPORT_DESCRIPTOR_api-ms-win-crt-runtime-l1-1-0 0000000180015520     ucrt:api-ms-win-crt-runtime-l1-1-0.dll
 0002:00001534       __NULL_IMPORT_DESCRIPTOR   0000000180015534     kernel32:KERNEL32.dll
 0003:00000070       __security_cookie_complement 0000000180016070     MSVCRT:gs_cookie.obj
 0003:00000078       __security_cookie          0000000180016078     MSVCRT:gs_cookie.obj
 0003:00000080       __scrt_native_dllmain_reason 0000000180016080     MSVCRT:utility.obj
 0003:00000088       __isa_available            0000000180016088     MSVCRT:cpu_disp.obj
 0003:0000008c       __isa_enabled              000000018001608c     MSVCRT:cpu_disp.obj
 0003:00000090       __memcpy_nt_iters          0000000180016090     MSVCRT:cpu_disp.obj
 0003:000000a0       __scrt_ucrt_dll_is_in_use  00000001800160a0     MSVCRT:ucrt_stubs.obj
 0003:000008d0       ?__type_info_root_node@@3U__type_info_node@@A 00000001800168d0     MSVCRT:tncleanup.obj
 0003:000008e0       ?_OptionsStorage@?1??__local_stdio_printf_options@@9@4_KA 00000001800168e0     MSVCRT:default_local_stdio_options.obj
 0003:000008e8       ?_OptionsStorage@?1??__local_stdio_scanf_options@@9@4_KA 00000001800168e8     MSVCRT:default_local_stdio_options.obj
 0003:000008f0       __scrt_current_native_startup_state 00000001800168f0     MSVCRT:utility.obj
 0003:000008f8       __scrt_native_startup_lock 00000001800168f8     MSVCRT:utility.obj
 0003:00000938       __scrt_debugger_hook_flag  0000000180016938     MSVCRT:utility_desktop.obj
 0003:0000093c       __favor                    000000018001693c     MSVCRT:cpu_disp.obj
 0003:00000940       statistics_info            0000000180016940     <common>
 0003:00000950       configuration_info         0000000180016950     <common>
 0003:00000958       hLocalHeap                 0000000180016958     <common>
 0003:00000960       number_zero                0000000180016960     <common>
 0003:00000998       __dyn_tls_init_callback    0000000180016998     <common>

 entry point at        0001:00011258

 Static symbols

 0002:fffec000       __guard_fids__guard_icall_checks_enforced 0000000180000000     MSVCRT:guard_support.obj
 0000:fffe6000       .debug$S                   0000000180000000     kernel32:KERNEL32.dll
 0000:fffe6000       .debug$S                   0000000180000000     kernel32:KERNEL32.dll
 0000:fffe6000       .debug$S                   0000000180000000     kernel32:KERNEL32.dll
 0000:fffe6000       .debug$S                   0000000180000000     kernel32:KERNEL32.dll
 0000:fffe6000       .debug$S                   0000000180000000     kernel32:KERNEL32.dll
 0000:fffe6000       .debug$S                   0000000180000000     kernel32:KERNEL32.dll
 0000:fffe6000       .debug$S                   0000000180000000     Palmtree.Math.Core.Implements.exp
 0002:fffec000       __guard_fids___scrt_set_unhandled_exception_filter 0000000180000000     MSVCRT:utility_desktop.obj
 0000:fffe6000       .debug$S                   0000000180000000     kernel32:KERNEL32.dll
 0000:fffe6000       .debug$S                   0000000180000000     kernel32:KERNEL32.dll
 0000:fffe6000       .debug$S                   0000000180000000     kernel32:KERNEL32.dll
 0000:fffe6000       .debug$S                   0000000180000000     kernel32:KERNEL32.dll
 0000:fffe6000       .debug$S                   0000000180000000     kernel32:KERNEL32.dll
 0000:fffe6000       .debug$S                   0000000180000000     kernel32:KERNEL32.dll
 0000:fffe6000       .debug$S                   0000000180000000     kernel32:KERNEL32.dll
 0000:fffe6000       .debug$S                   0000000180000000     kernel32:KERNEL32.dll
 0000:fffe6000       .debug$S                   0000000180000000     kernel32:KERNEL32.dll
 0000:fffe6000       .debug$S                   0000000180000000     kernel32:KERNEL32.dll
 0000:fffe6000       .debug$S                   0000000180000000     kernel32:KERNEL32.dll
 0000:fffe6000       .debug$S                   0000000180000000     kernel32:KERNEL32.dll
 0000:fffe6000       .debug$S                   0000000180000000     kernel32:KERNEL32.dll
 0000:fffe6000       .debug$S                   0000000180000000     kernel32:KERNEL32.dll
 0000:fffe6000       .debug$S                   0000000180000000     kernel32:KERNEL32.dll
 0000:fffe6000       .debug$S                   0000000180000000     kernel32:KERNEL32.dll
 0002:fffec000       __guard_fids__             0000000180000000     MSVCRT:guard_support.obj
 0000:fffe6000       .debug$S                   0000000180000000     ucrt:api-ms-win-crt-runtime-l1-1-0.dll
 0000:fffe6000       .debug$S                   0000000180000000     ucrt:api-ms-win-crt-runtime-l1-1-0.dll
 0000:fffe6000       .debug$S                   0000000180000000     ucrt:api-ms-win-crt-runtime-l1-1-0.dll
 0000:fffe6000       .debug$S                   0000000180000000     ucrt:api-ms-win-crt-runtime-l1-1-0.dll
 0000:fffe6000       .debug$S                   0000000180000000     ucrt:api-ms-win-crt-runtime-l1-1-0.dll
 0000:fffe6000       .debug$S                   0000000180000000     ucrt:api-ms-win-crt-runtime-l1-1-0.dll
 0000:fffe6000       .debug$S                   0000000180000000     ucrt:api-ms-win-crt-runtime-l1-1-0.dll
 0000:fffe6000       .debug$S                   0000000180000000     ucrt:api-ms-win-crt-runtime-l1-1-0.dll
 0000:fffe6000       .debug$S                   0000000180000000     ucrt:api-ms-win-crt-runtime-l1-1-0.dll
 0000:fffe6000       .debug$S                   0000000180000000     ucrt:api-ms-win-crt-runtime-l1-1-0.dll
 0000:fffe6000       .debug$S                   0000000180000000     ucrt:api-ms-win-crt-runtime-l1-1-0.dll
 0000:fffe6000       .debug$S                   0000000180000000     ucrt:api-ms-win-crt-runtime-l1-1-0.dll
 0000:fffe6000       .debug$S                   0000000180000000     kernel32:KERNEL32.dll
 0000:fffe6000       .debug$S                   0000000180000000     vcruntime:VCRUNTIME140.dll
 0000:fffe6000       .debug$S                   0000000180000000     vcruntime:VCRUNTIME140.dll
 0000:fffe6000       .debug$S                   0000000180000000     vcruntime:VCRUNTIME140.dll
 0002:fffec000       __guard_fids_?dllmain_dispatch@@YAHQEAUHINSTANCE__@@KQEAX@Z 0000000180000000     MSVCRT:dll_dllmain.obj
 0001:00000240       CalculateCheckCode         0000000180001240 f   memory.obj
 0001:000004f0       CleanUpNumber              00000001800014f0 f   memory.obj
 0001:00000870       InitializeNumber           0000000180001870 f   memory.obj
 0001:000009f0       Add_Imp_using_ADC          00000001800019f0 f   pmc_add.obj
 0001:00000de0       Add_Imp_using_ADCX         0000000180001de0 f   pmc_add.obj
 0001:00000fc0       DoCarry                    0000000180001fc0 f   pmc_add.obj
 0001:00001170       PMC_Add_X_I_Imp            0000000180002170 f   pmc_add.obj
 0001:00001310       PMC_Add_X_L_Imp            0000000180002310 f   pmc_add.obj
 0001:000015e0       _ADD_16WORDS_ADC           00000001800025e0 f   pmc_add.obj
 0001:000016b0       _ADD_16WORDS_ADCX          00000001800026b0 f   pmc_add.obj
 0001:000017b0       _ADD_32WORDS_ADCX          00000001800027b0 f   pmc_add.obj
 0001:00001a30       BitwiseAnd_X_X             0000000180002a30 f   pmc_bitwiseand.obj
 0001:00002070       BitwiseOr_X_X              0000000180003070 f   pmc_bitwiseor.obj
 0001:000024e0       PMC_BitwiseOr_X_I_Imp      00000001800034e0 f   pmc_bitwiseor.obj
 0001:00002630       PMC_BitwiseOr_X_L_Imp      0000000180003630 f   pmc_bitwiseor.obj
 0001:00002cc0       AddOneLine                 0000000180003cc0 f   pmc_divrem.obj
 0001:00003020       AddOneLineX                0000000180004020 f   pmc_divrem.obj
 0001:000039e0       DivRem_X_X_using_ADC_MUL   00000001800049e0 f   pmc_divrem.obj
 0001:00003cc0       DivRem_X_X_using_ADX_MULX  0000000180004cc0 f   pmc_divrem.obj
 0001:00004a00       SubtructOneLine            0000000180005a00 f   pmc_divrem.obj
 0001:00005680       SubtructOneLineX           0000000180006680 f   pmc_divrem.obj
 0001:000063c0       _ADD_16WORDS_ADCX_DIV      00000001800073c0 f   pmc_divrem.obj
 0001:00006610       PMC_Equals_X_I_Imp         0000000180007610 f   pmc_equals.obj
 0001:000066d0       PMC_Equals_X_L_Imp         00000001800076d0 f   pmc_equals.obj
 0001:00006800       ExclusiveOr_X_X            0000000180007800 f   pmc_exclusiveor.obj
 0001:00006c70       PMC_ExclusiveOr_X_I_Imp    0000000180007c70 f   pmc_exclusiveor.obj
 0001:00006de0       PMC_ExclusiveOr_X_L_Imp    0000000180007de0 f   pmc_exclusiveor.obj
 0001:000072e0       GreatestCommonDivisor_Imp  00000001800082e0 f   pmc_greatestcommondivisor.obj
 0001:00007510       PMC_GreatestCommonDivisor_X_I_Imp 0000000180008510 f   pmc_greatestcommondivisor.obj
 0001:000077f0       PMC_GreatestCommonDivisor_X_L_Imp 00000001800087f0 f   pmc_greatestcommondivisor.obj
 0001:00008240       Multiply_WORD_using_MULX_ADCX 0000000180009240 f   pmc_multiply.obj
 0001:00008ec0       Multiply_WORD_using_MUL_ADC 0000000180009ec0 f   pmc_multiply.obj
 0001:00009a70       Multiply_X_1W_using_MULX_ADCX 000000018000aa70 f   pmc_multiply.obj
 0001:00009a80       Multiply_X_1W_using_MUL_ADC 000000018000aa80 f   pmc_multiply.obj
 0001:00009a90       Multiply_X_2W_using_MULX_ADCX 000000018000aa90 f   pmc_multiply.obj
 0001:00009af0       Multiply_X_2W_using_MUL_ADC 000000018000aaf0 f   pmc_multiply.obj
 0001:00009b60       Multiply_X_X_using_MULX_ADCX 000000018000ab60 f   pmc_multiply.obj
 0001:00009bf0       Multiply_X_X_using_MUL_ADC 000000018000abf0 f   pmc_multiply.obj
 0001:00009da0       PMC_Multiply_X_I_Imp       000000018000ada0 f   pmc_multiply.obj
 0001:00009f00       PMC_Multiply_X_L_Imp       000000018000af00 f   pmc_multiply.obj
 0001:0000a180       Build1WordFromDecimalString 000000018000b180 f   pmc_parse.obj
 0001:0000a2f0       Build1WordFromHexString    000000018000b2f0 f   pmc_parse.obj
 0001:0000a4c0       InitializeParserState      000000018000b4c0 f   pmc_parse.obj
 0001:0000a650       MultiplyAndAdd_using_ADCX_MULX 000000018000b650 f   pmc_parse.obj
 0001:0000b000       MultiplyAndAdd_using_ADC_MUL 000000018000c000 f   pmc_parse.obj
 0001:0000b9e0       Parse1DigitFromHexChar     000000018000c9e0 f   pmc_parse.obj
 0001:0000ba20       $LN10                      000000018000ca20     pmc_parse.obj
 0001:0000ba30       $LN9                       000000018000ca30     pmc_parse.obj
 0001:0000ba70       ParseAsDecimalNumberString 000000018000ca70 f   pmc_parse.obj
 0001:0000c1c0       ParseAsIntegerPartNumberSequence 000000018000d1c0 f   pmc_parse.obj
 0001:0000c280       TryParseDN                 000000018000d280 f   pmc_parse.obj
 0001:0000c6b0       TryParseX                  000000018000d6b0 f   pmc_parse.obj
 0001:0000c970       $LN73                      000000018000d970     pmc_parse.obj
 0001:0000c980       $LN72                      000000018000d980     pmc_parse.obj
 0001:0000ca30       PMC_Pow_X_I_Imp            000000018000da30 f   pmc_pow.obj
 0001:0000f7e0       Subtruct_X_1W              00000001800107e0 f   pmc_subtruct.obj
 0001:0000f860       _SUBTRUCT_16WORDS_SBB      0000000180010860 f   pmc_subtruct.obj
 0001:0000fb30       OutputOneChar              0000000180010b30 f   pmc_tostring.obj
 0001:0000fd48       $LN17                      0000000180010d48     pmc_tostring.obj
 0001:0000fd5c       $LN16                      0000000180010d5c     pmc_tostring.obj
 0001:0000fda0       PrintDecimal               0000000180010da0 f   pmc_tostring.obj
 0001:000106e0       ToStringDN                 00000001800116e0 f   pmc_tostring.obj
 0001:00010a30       ToStringX                  0000000180011a30 f   pmc_tostring.obj
 0001:00010b60       ToStringX_1WORD            0000000180011b60 f   pmc_tostring.obj
 0001:00010ed0       $$000000                   0000000180011ed0     MSVCRT:amdsecgs.obj
 0001:00010f04       ?dllmain_crt_dispatch@@YAHQEAUHINSTANCE__@@KQEAX@Z 0000000180011f04 f   MSVCRT:dll_dllmain.obj
 0001:00010f54       ?dllmain_crt_process_attach@@YAHQEAUHINSTANCE__@@QEAX@Z 0000000180011f54 f   MSVCRT:dll_dllmain.obj
 0001:00011070       ?dllmain_crt_process_detach@@YAH_N@Z 0000000180012070 f   MSVCRT:dll_dllmain.obj
 0001:00011100       ?dllmain_dispatch@@YAHQEAUHINSTANCE__@@KQEAX@Z 0000000180012100 f   MSVCRT:dll_dllmain.obj
 0001:00011234       ?dllmain_raw@@YAHQEAUHINSTANCE__@@KQEAX@Z 0000000180012234 f   MSVCRT:dll_dllmain.obj
 0001:00011560       capture_current_context    0000000180012560 f   MSVCRT:gs_report.obj
 0001:000115d0       capture_previous_context   00000001800125d0 f   MSVCRT:gs_report.obj
 0001:00011644       __get_entropy              0000000180012644 f   MSVCRT:gs_support.obj
 0001:000117fc       ?find_pe_section@@YAPEAU_IMAGE_SECTION_HEADER@@QEAE_K@Z 00000001800127fc f   MSVCRT:utility.obj
 0001:00011850       ?is_potentially_valid_image_base@@YA_NQEAX@Z 0000000180012850 f   MSVCRT:utility.obj
 0001:00012240       $$000000                   0000000180013240     MSVCRT:guard_dispatch.obj
 0001:00012252       ?fin$0@?0??dllmain_crt_process_attach@@YAHQEAUHINSTANCE__@@QEAX@Z@4HA 0000000180013252 f   MSVCRT:dll_dllmain.obj
 0001:00012269       ?fin$0@?0??dllmain_crt_process_detach@@YAH_N@Z@4HA 0000000180013269 f   MSVCRT:dll_dllmain.obj
 0001:00012285       ?filt$0@?0??dllmain_dispatch@@YAHQEAUHINSTANCE__@@KQEAX@Z@4HA 0000000180013285 f   MSVCRT:dll_dllmain.obj
 0001:000122bb       __scrt_is_nonwritable_in_current_image$filt$0 00000001800132bb f   MSVCRT:utility.obj
 0002:000001c0       GS_ExceptionPointers       00000001800141c0     MSVCRT:gs_report.obj
 0002:00000638       $unwind$GetCPUInfo         0000000180014638     cpuid.obj
 0002:00000644       $unwind$DllMain            0000000180014644     dllmain.obj
 0002:0000064c       $unwind$AllocateHeapArea   000000018001464c     memory.obj
 0002:00000654       $unwind$DeallocateHeapArea 0000000180014654     memory.obj
 0002:0000065c       $unwind$AllocateBlock      000000018001465c     memory.obj
 0002:0000066c       $unwind$DeallocateBlock    000000018001466c     memory.obj
 0002:00000674       $chain$0$DeallocateBlock   0000000180014674     memory.obj
 0002:00000688       $chain$1$DeallocateBlock   0000000180014688     memory.obj
 0002:00000698       $unwind$AttatchNumber      0000000180014698     memory.obj
 0002:000006a0       $unwind$AllocateNumber     00000001800146a0     memory.obj
 0002:000006b4       $unwind$DeallocateNumber   00000001800146b4     memory.obj
 0002:000006bc       $unwind$CommitNumber       00000001800146bc     memory.obj
 0002:000006c4       $unwind$DuplicateNumber    00000001800146c4     memory.obj
 0002:000006d8       $unwind$Initialize_Memory  00000001800146d8     memory.obj
 0002:000006e0       $unwind$PMC_Dispose        00000001800146e0     memory.obj
 0002:000006e8       $unwind$InitializeNumber   00000001800146e8     memory.obj
 0002:00000700       $unwind$CleanUpNumber      0000000180014700     memory.obj
 0002:00000708       $chain$0$CleanUpNumber     0000000180014708     memory.obj
 0002:0000071c       $chain$1$CleanUpNumber     000000018001471c     memory.obj
 0002:0000072c       $unwind$PMC_Add_I_X        000000018001472c     pmc_add.obj
 0002:0000073c       $unwind$PMC_Add_L_X        000000018001473c     pmc_add.obj
 0002:0000074c       $unwind$PMC_Add_X_I        000000018001474c     pmc_add.obj
 0002:0000075c       $unwind$PMC_Add_X_L        000000018001475c     pmc_add.obj
 0002:0000076c       $unwind$PMC_Add_X_X        000000018001476c     pmc_add.obj
 0002:0000077c       $unwind$Add_Imp_using_ADC  000000018001477c     pmc_add.obj
 0002:00000788       $unwind$Add_Imp_using_ADCX 0000000180014788     pmc_add.obj
 0002:00000794       $unwind$PMC_Add_X_I_Imp    0000000180014794     pmc_add.obj
 0002:000007a4       $unwind$PMC_Add_X_L_Imp    00000001800147a4     pmc_add.obj
 0002:000007b4       $unwind$PMC_BitwiseAnd_I_X 00000001800147b4     pmc_bitwiseand.obj
 0002:000007c4       $unwind$PMC_BitwiseAnd_L_X 00000001800147c4     pmc_bitwiseand.obj
 0002:000007d4       $unwind$PMC_BitwiseAnd_X_I 00000001800147d4     pmc_bitwiseand.obj
 0002:000007e4       $unwind$PMC_BitwiseAnd_X_L 00000001800147e4     pmc_bitwiseand.obj
 0002:000007f4       $unwind$PMC_BitwiseAnd_X_X 00000001800147f4     pmc_bitwiseand.obj
 0002:00000800       $chain$0$PMC_BitwiseAnd_X_X 0000000180014800     pmc_bitwiseand.obj
 0002:00000814       $chain$1$PMC_BitwiseAnd_X_X 0000000180014814     pmc_bitwiseand.obj
 0002:00000824       $unwind$BitwiseAnd_X_X     0000000180014824     pmc_bitwiseand.obj
 0002:0000082c       $chain$2$BitwiseAnd_X_X    000000018001482c     pmc_bitwiseand.obj
 0002:00000848       $chain$3$BitwiseAnd_X_X    0000000180014848     pmc_bitwiseand.obj
 0002:0000085c       $chain$4$BitwiseAnd_X_X    000000018001485c     pmc_bitwiseand.obj
 0002:0000086c       $unwind$PMC_BitwiseOr_I_X  000000018001486c     pmc_bitwiseor.obj
 0002:0000087c       $unwind$PMC_BitwiseOr_L_X  000000018001487c     pmc_bitwiseor.obj
 0002:0000088c       $unwind$PMC_BitwiseOr_X_I  000000018001488c     pmc_bitwiseor.obj
 0002:0000089c       $unwind$PMC_BitwiseOr_X_L  000000018001489c     pmc_bitwiseor.obj
 0002:000008ac       $unwind$PMC_BitwiseOr_X_X  00000001800148ac     pmc_bitwiseor.obj
 0002:000008b8       $chain$0$PMC_BitwiseOr_X_X 00000001800148b8     pmc_bitwiseor.obj
 0002:000008cc       $chain$1$PMC_BitwiseOr_X_X 00000001800148cc     pmc_bitwiseor.obj
 0002:000008dc       $chain$2$PMC_BitwiseOr_X_X 00000001800148dc     pmc_bitwiseor.obj
 0002:000008f0       $chain$3$PMC_BitwiseOr_X_X 00000001800148f0     pmc_bitwiseor.obj
 0002:00000900       $unwind$BitwiseOr_X_X      0000000180014900     pmc_bitwiseor.obj
 0002:00000914       $unwind$PMC_BitwiseOr_X_I_Imp 0000000180014914     pmc_bitwiseor.obj
 0002:00000928       $unwind$PMC_BitwiseOr_X_L_Imp 0000000180014928     pmc_bitwiseor.obj
 0002:00000938       $unwind$PMC_Compare_I_X    0000000180014938     pmc_compare.obj
 0002:00000948       $unwind$PMC_Compare_L_X    0000000180014948     pmc_compare.obj
 0002:00000958       $unwind$PMC_Compare_X_I    0000000180014958     pmc_compare.obj
 0002:00000968       $unwind$PMC_Compare_X_L    0000000180014968     pmc_compare.obj
 0002:00000978       $unwind$PMC_Compare_X_X    0000000180014978     pmc_compare.obj
 0002:00000988       $unwind$PMC_DivRem_I_X     0000000180014988     pmc_divrem.obj
 0002:0000099c       $unwind$PMC_DivRem_L_X     000000018001499c     pmc_divrem.obj
 0002:000009b4       $unwind$PMC_DivRem_X_I     00000001800149b4     pmc_divrem.obj
 0002:000009c8       $unwind$PMC_DivRem_X_L     00000001800149c8     pmc_divrem.obj
 0002:000009d8       $chain$1$PMC_DivRem_X_L    00000001800149d8     pmc_divrem.obj
 0002:000009f0       $chain$2$PMC_DivRem_X_L    00000001800149f0     pmc_divrem.obj
 0002:00000a00       $chain$3$PMC_DivRem_X_L    0000000180014a00     pmc_divrem.obj
 0002:00000a18       $chain$4$PMC_DivRem_X_L    0000000180014a18     pmc_divrem.obj
 0002:00000a28       $unwind$PMC_DivRem_X_X     0000000180014a28     pmc_divrem.obj
 0002:00000a3c       $chain$0$PMC_DivRem_X_X    0000000180014a3c     pmc_divrem.obj
 0002:00000a50       $chain$1$PMC_DivRem_X_X    0000000180014a50     pmc_divrem.obj
 0002:00000a60       $chain$2$PMC_DivRem_X_X    0000000180014a60     pmc_divrem.obj
 0002:00000a74       $chain$3$PMC_DivRem_X_X    0000000180014a74     pmc_divrem.obj
 0002:00000a84       $unwind$SubtructOneLine    0000000180014a84     pmc_divrem.obj
 0002:00000a9c       $unwind$SubtructOneLineX   0000000180014a9c     pmc_divrem.obj
 0002:00000ab4       $unwind$AddOneLine         0000000180014ab4     pmc_divrem.obj
 0002:00000abc       $unwind$AddOneLineX        0000000180014abc     pmc_divrem.obj
 0002:00000ac8       $unwind$DivRem_X_X_using_ADC_MUL 0000000180014ac8     pmc_divrem.obj
 0002:00000ae0       $unwind$DivRem_X_X_using_ADX_MULX 0000000180014ae0     pmc_divrem.obj
 0002:00000af8       $unwind$PMC_Equals_I_X     0000000180014af8     pmc_equals.obj
 0002:00000b08       $unwind$PMC_Equals_L_X     0000000180014b08     pmc_equals.obj
 0002:00000b18       $unwind$PMC_Equals_X_I     0000000180014b18     pmc_equals.obj
 0002:00000b28       $unwind$PMC_Equals_X_L     0000000180014b28     pmc_equals.obj
 0002:00000b38       $unwind$PMC_Equals_X_X     0000000180014b38     pmc_equals.obj
 0002:00000b48       $unwind$PMC_ExclusiveOr_I_X 0000000180014b48     pmc_exclusiveor.obj
 0002:00000b58       $unwind$PMC_ExclusiveOr_L_X 0000000180014b58     pmc_exclusiveor.obj
 0002:00000b68       $unwind$PMC_ExclusiveOr_X_I 0000000180014b68     pmc_exclusiveor.obj
 0002:00000b78       $unwind$PMC_ExclusiveOr_X_L 0000000180014b78     pmc_exclusiveor.obj
 0002:00000b88       $unwind$PMC_ExclusiveOr_X_X 0000000180014b88     pmc_exclusiveor.obj
 0002:00000b94       $chain$0$PMC_ExclusiveOr_X_X 0000000180014b94     pmc_exclusiveor.obj
 0002:00000ba8       $chain$1$PMC_ExclusiveOr_X_X 0000000180014ba8     pmc_exclusiveor.obj
 0002:00000bb8       $chain$2$PMC_ExclusiveOr_X_X 0000000180014bb8     pmc_exclusiveor.obj
 0002:00000bcc       $chain$4$PMC_ExclusiveOr_X_X 0000000180014bcc     pmc_exclusiveor.obj
 0002:00000be0       $chain$5$PMC_ExclusiveOr_X_X 0000000180014be0     pmc_exclusiveor.obj
 0002:00000bf0       $unwind$ExclusiveOr_X_X    0000000180014bf0     pmc_exclusiveor.obj
 0002:00000c04       $unwind$PMC_ExclusiveOr_X_I_Imp 0000000180014c04     pmc_exclusiveor.obj
 0002:00000c18       $unwind$PMC_ExclusiveOr_X_L_Imp 0000000180014c18     pmc_exclusiveor.obj
 0002:00000c28       $unwind$From_I_Imp         0000000180014c28     pmc_from.obj
 0002:00000c34       $unwind$From_L_Imp         0000000180014c34     pmc_from.obj
 0002:00000c40       $unwind$PMC_From_I         0000000180014c40     pmc_from.obj
 0002:00000c4c       $unwind$PMC_From_L         0000000180014c4c     pmc_from.obj
 0002:00000c58       $unwind$PMC_From_B         0000000180014c58     pmc_from.obj
 0002:00000c64       $chain$0$PMC_From_B        0000000180014c64     pmc_from.obj
 0002:00000c78       $chain$2$PMC_From_B        0000000180014c78     pmc_from.obj
 0002:00000c8c       $chain$3$PMC_From_B        0000000180014c8c     pmc_from.obj
 0002:00000c9c       $unwind$PMC_GreatestCommonDivisor_I_X 0000000180014c9c     pmc_greatestcommondivisor.obj
 0002:00000cac       $unwind$PMC_GreatestCommonDivisor_L_X 0000000180014cac     pmc_greatestcommondivisor.obj
 0002:00000cbc       $unwind$PMC_GreatestCommonDivisor_X_I 0000000180014cbc     pmc_greatestcommondivisor.obj
 0002:00000ccc       $unwind$PMC_GreatestCommonDivisor_X_L 0000000180014ccc     pmc_greatestcommondivisor.obj
 0002:00000cdc       $unwind$PMC_GreatestCommonDivisor_X_X 0000000180014cdc     pmc_greatestcommondivisor.obj
 0002:00000cf4       $unwind$GreatestCommonDivisor_Imp 0000000180014cf4     pmc_greatestcommondivisor.obj
 0002:00000d0c       $unwind$PMC_GreatestCommonDivisor_X_I_Imp 0000000180014d0c     pmc_greatestcommondivisor.obj
 0002:00000d20       $chain$0$PMC_GreatestCommonDivisor_X_I_Imp 0000000180014d20     pmc_greatestcommondivisor.obj
 0002:00000d34       $chain$1$PMC_GreatestCommonDivisor_X_I_Imp 0000000180014d34     pmc_greatestcommondivisor.obj
 0002:00000d44       $unwind$PMC_GreatestCommonDivisor_X_L_Imp 0000000180014d44     pmc_greatestcommondivisor.obj
 0002:00000d58       $chain$0$PMC_GreatestCommonDivisor_X_L_Imp 0000000180014d58     pmc_greatestcommondivisor.obj
 0002:00000d6c       $chain$1$PMC_GreatestCommonDivisor_X_L_Imp 0000000180014d6c     pmc_greatestcommondivisor.obj
 0002:00000d7c       $unwind$PMC_Initialize     0000000180014d7c     pmc_initialize.obj
 0002:00000d84       $unwind$PMC_Multiply_I_X   0000000180014d84     pmc_multiply.obj
 0002:00000d94       $unwind$PMC_Multiply_L_X   0000000180014d94     pmc_multiply.obj
 0002:00000da4       $unwind$PMC_Multiply_X_I   0000000180014da4     pmc_multiply.obj
 0002:00000db4       $unwind$PMC_Multiply_X_L   0000000180014db4     pmc_multiply.obj
 0002:00000dc4       $unwind$PMC_Multiply_X_X   0000000180014dc4     pmc_multiply.obj
 0002:00000dd4       $unwind$Multiply_WORD_using_MUL_ADC 0000000180014dd4     pmc_multiply.obj
 0002:00000dec       $unwind$Multiply_WORD_using_MULX_ADCX 0000000180014dec     pmc_multiply.obj
 0002:00000e04       $unwind$Multiply_X_2W_using_MUL_ADC 0000000180014e04     pmc_multiply.obj
 0002:00000e18       $unwind$Multiply_X_2W_using_MULX_ADCX 0000000180014e18     pmc_multiply.obj
 0002:00000e2c       $unwind$Multiply_X_X_using_MUL_ADC 0000000180014e2c     pmc_multiply.obj
 0002:00000e44       $unwind$Multiply_X_X_using_MULX_ADCX 0000000180014e44     pmc_multiply.obj
 0002:00000e5c       $unwind$PMC_Multiply_X_I_Imp 0000000180014e5c     pmc_multiply.obj
 0002:00000e6c       $unwind$PMC_Multiply_X_L_Imp 0000000180014e6c     pmc_multiply.obj
 0002:00000e7c       $unwind$Initialize_Parse   0000000180014e7c     pmc_parse.obj
 0002:00000e84       $unwind$PMC_TryParse       0000000180014e84     pmc_parse.obj
 0002:00000e8c       $unwind$InitializeParserState 0000000180014e8c     pmc_parse.obj
 0002:00000ea0       $unwind$ParseAsDecimalNumberString 0000000180014ea0     pmc_parse.obj
 0002:00000ebc       $unwind$Build1WordFromDecimalString 0000000180014ebc     pmc_parse.obj
 0002:00000ed0       $unwind$MultiplyAndAdd_using_ADC_MUL 0000000180014ed0     pmc_parse.obj
 0002:00000edc       $unwind$MultiplyAndAdd_using_ADCX_MULX 0000000180014edc     pmc_parse.obj
 0002:00000eec       $unwind$TryParseDN         0000000180014eec     pmc_parse.obj
 0002:00000f04       $chain$0$TryParseDN        0000000180014f04     pmc_parse.obj
 0002:00000f18       $chain$1$TryParseDN        0000000180014f18     pmc_parse.obj
 0002:00000f28       $unwind$Build1WordFromHexString 0000000180014f28     pmc_parse.obj
 0002:00000f40       $unwind$TryParseX          0000000180014f40     pmc_parse.obj
 0002:00000f5c       $chain$0$TryParseX         0000000180014f5c     pmc_parse.obj
 0002:00000f70       $chain$1$TryParseX         0000000180014f70     pmc_parse.obj
 0002:00000f84       $chain$2$TryParseX         0000000180014f84     pmc_parse.obj
 0002:00000f94       $chain$3$TryParseX         0000000180014f94     pmc_parse.obj
 0002:00000fa4       $unwind$PMC_Pow_X_I        0000000180014fa4     pmc_pow.obj
 0002:00000fb4       $unwind$PMC_Pow_X_I_Imp    0000000180014fb4     pmc_pow.obj
 0002:00000fc8       $chain$1$PMC_Pow_X_I_Imp   0000000180014fc8     pmc_pow.obj
 0002:00000fe0       $chain$2$PMC_Pow_X_I_Imp   0000000180014fe0     pmc_pow.obj
 0002:00000ff0       $unwind$RightShift_Imp_DIV 0000000180014ff0     pmc_shift.obj
 0002:00001000       $chain$0$RightShift_Imp_DIV 0000000180015000     pmc_shift.obj
 0002:00001014       $chain$1$RightShift_Imp_DIV 0000000180015014     pmc_shift.obj
 0002:00001028       $chain$2$RightShift_Imp_DIV 0000000180015028     pmc_shift.obj
 0002:00001038       $chain$3$RightShift_Imp_DIV 0000000180015038     pmc_shift.obj
 0002:00001048       $unwind$RightShift_Imp     0000000180015048     pmc_shift.obj
 0002:0000105c       $chain$0$RightShift_Imp    000000018001505c     pmc_shift.obj
 0002:00001070       $chain$1$RightShift_Imp    0000000180015070     pmc_shift.obj
 0002:00001080       $unwind$LeftShift_Imp_DIV  0000000180015080     pmc_shift.obj
 0002:00001094       $chain$0$LeftShift_Imp_DIV 0000000180015094     pmc_shift.obj
 0002:000010a8       $chain$1$LeftShift_Imp_DIV 00000001800150a8     pmc_shift.obj
 0002:000010b8       $unwind$LeftShift_Imp      00000001800150b8     pmc_shift.obj
 0002:000010cc       $chain$0$LeftShift_Imp     00000001800150cc     pmc_shift.obj
 0002:000010e0       $chain$1$LeftShift_Imp     00000001800150e0     pmc_shift.obj
 0002:000010f0       $unwind$PMC_RightShift_X_I 00000001800150f0     pmc_shift.obj
 0002:00001100       $unwind$PMC_RightShift_X_L 0000000180015100     pmc_shift.obj
 0002:00001110       $unwind$PMC_LeftShift_X_I  0000000180015110     pmc_shift.obj
 0002:00001120       $unwind$PMC_LeftShift_X_L  0000000180015120     pmc_shift.obj
 0002:00001130       $unwind$Subtruct_Imp       0000000180015130     pmc_subtruct.obj
 0002:00001138       $unwind$PMC_Subtruct_I_X   0000000180015138     pmc_subtruct.obj
 0002:00001148       $unwind$PMC_Subtruct_L_X   0000000180015148     pmc_subtruct.obj
 0002:00001158       $unwind$PMC_Subtruct_X_I   0000000180015158     pmc_subtruct.obj
 0002:00001168       $unwind$PMC_Subtruct_X_L   0000000180015168     pmc_subtruct.obj
 0002:00001178       $unwind$PMC_Subtruct_X_X   0000000180015178     pmc_subtruct.obj
 0002:00001188       $unwind$PMC_To_X_I         0000000180015188     pmc_to.obj
 0002:00001194       $unwind$PMC_To_X_L         0000000180015194     pmc_to.obj
 0002:000011a0       $unwind$PMC_To_X_B         00000001800151a0     pmc_to.obj
 0002:000011b4       $unwind$Initialize_ToString 00000001800151b4     pmc_tostring.obj
 0002:000011bc       $unwind$PMC_ToString       00000001800151bc     pmc_tostring.obj
 0002:000011d4       $unwind$OutputOneChar      00000001800151d4     pmc_tostring.obj
 0002:000011e0       $unwind$PrintDecimal       00000001800151e0     pmc_tostring.obj
 0002:00001204       $unwind$ToStringDN         0000000180015204     pmc_tostring.obj
 0002:00001220       $unwind$ToStringX          0000000180015220     pmc_tostring.obj
 0002:00001234       $unwind$__GSHandlerCheckCommon 0000000180015234     MSVCRT:gshandler.obj
 0002:0000123c       $unwind$__GSHandlerCheck   000000018001523c     MSVCRT:gshandler.obj
 0002:00001248       $xdatasym                  0000000180015248     MSVCRT:amdsecgs.obj
 0002:0000124c       $unwind$?dllmain_crt_process_attach@@YAHQEAUHINSTANCE__@@QEAX@Z 000000018001524c     MSVCRT:dll_dllmain.obj
 0002:00001288       $unwind$?fin$0@?0??dllmain_crt_process_attach@@YAHQEAUHINSTANCE__@@QEAX@Z@4HA 0000000180015288     MSVCRT:dll_dllmain.obj
 0002:00001290       $unwind$?dllmain_crt_process_detach@@YAH_N@Z 0000000180015290     MSVCRT:dll_dllmain.obj
 0002:000012c8       $unwind$?fin$0@?0??dllmain_crt_process_detach@@YAH_N@Z@4HA 00000001800152c8     MSVCRT:dll_dllmain.obj
 0002:000012d0       $unwind$?dllmain_crt_dispatch@@YAHQEAUHINSTANCE__@@KQEAX@Z 00000001800152d0     MSVCRT:dll_dllmain.obj
 0002:000012d8       $unwind$?dllmain_dispatch@@YAHQEAUHINSTANCE__@@KQEAX@Z 00000001800152d8     MSVCRT:dll_dllmain.obj
 0002:00001300       $unwind$?filt$0@?0??dllmain_dispatch@@YAHQEAUHINSTANCE__@@KQEAX@Z@4HA 0000000180015300     MSVCRT:dll_dllmain.obj
 0002:00001308       $unwind$_DllMainCRTStartup 0000000180015308     MSVCRT:dll_dllmain.obj
 0002:00001318       $unwind$__report_securityfailure 0000000180015318     MSVCRT:gs_report.obj
 0002:00001320       $unwind$__report_securityfailureEx 0000000180015320     MSVCRT:gs_report.obj
 0002:00001328       $unwind$__report_rangecheckfailure 0000000180015328     MSVCRT:gs_report.obj
 0002:00001330       $unwind$__report_gsfailure 0000000180015330     MSVCRT:gs_report.obj
 0002:00001338       $unwind$capture_current_context 0000000180015338     MSVCRT:gs_report.obj
 0002:00001344       $unwind$capture_previous_context 0000000180015344     MSVCRT:gs_report.obj
 0002:00001350       $unwind$__raise_securityfailure 0000000180015350     MSVCRT:gs_report.obj
 0002:00001358       $unwind$__security_init_cookie 0000000180015358     MSVCRT:gs_support.obj
 0002:00001364       $unwind$__get_entropy      0000000180015364     MSVCRT:gs_support.obj
 0002:0000136c       $unwind$__scrt_initialize_default_local_stdio_options 000000018001536c     MSVCRT:default_local_stdio_options.obj
 0002:00001374       $unwind$atexit             0000000180015374     MSVCRT:utility.obj
 0002:0000137c       $unwind$_onexit            000000018001537c     MSVCRT:utility.obj
 0002:00001384       $unwind$__scrt_is_nonwritable_in_current_image 0000000180015384     MSVCRT:utility.obj
 0002:000013a4       $unwind$__scrt_is_nonwritable_in_current_image$filt$0 00000001800153a4     MSVCRT:utility.obj
 0002:000013ac       $unwind$__scrt_acquire_startup_lock 00000001800153ac     MSVCRT:utility.obj
 0002:000013b4       $unwind$__scrt_release_startup_lock 00000001800153b4     MSVCRT:utility.obj
 0002:000013bc       $unwind$__scrt_initialize_crt 00000001800153bc     MSVCRT:utility.obj
 0002:000013c4       $unwind$__scrt_uninitialize_crt 00000001800153c4     MSVCRT:utility.obj
 0002:000013cc       $unwind$__scrt_initialize_onexit_tables 00000001800153cc     MSVCRT:utility.obj
 0002:000013d4       $unwind$__scrt_dllmain_exception_filter 00000001800153d4     MSVCRT:utility.obj
 0002:000013e8       $unwind$__scrt_dllmain_before_initialize_c 00000001800153e8     MSVCRT:utility.obj
 0002:000013f0       $unwind$__scrt_dllmain_after_initialize_c 00000001800153f0     MSVCRT:utility.obj
 0002:000013f8       $unwind$__scrt_dllmain_uninitialize_c 00000001800153f8     MSVCRT:utility.obj
 0002:00001400       $unwind$__scrt_dllmain_uninitialize_critical 0000000180015400     MSVCRT:utility.obj
 0002:00001408       $unwind$__scrt_dllmain_crt_thread_attach 0000000180015408     MSVCRT:utility.obj
 0002:00001410       $unwind$__scrt_dllmain_crt_thread_detach 0000000180015410     MSVCRT:utility.obj
 0002:00001418       $unwind$?configure_argv@__scrt_narrow_argv_policy@@SAHXZ 0000000180015418     MSVCRT:utility.obj
 0002:00001420       $unwind$__scrt_get_show_window_mode 0000000180015420     MSVCRT:utility_desktop.obj
 0002:00001428       $unwind$__scrt_is_managed_app 0000000180015428     MSVCRT:utility_desktop.obj
 0002:00001430       $unwind$__scrt_fastfail    0000000180015430     MSVCRT:utility_desktop.obj
 0002:00001440       $unwind$__scrt_unhandled_exception_filter 0000000180015440     MSVCRT:utility_desktop.obj
 0002:00001448       $unwind$_RTC_Initialize    0000000180015448     MSVCRT:initsect.obj
 0002:00001454       $unwind$_RTC_Terminate     0000000180015454     MSVCRT:initsect.obj
 0002:00001460       $unwind$__isa_available_init 0000000180015460     MSVCRT:cpu_disp.obj
 0002:00001478       $xdatasym                  0000000180015478     MSVCRT:guard_dispatch.obj
 0002:00001480       .edata                     0000000180015480     Palmtree.Math.Core.Implements.exp
 0002:000014a8       rgpv                       00000001800154a8     Palmtree.Math.Core.Implements.exp
 0002:000014b0       rgszName                   00000001800154b0     Palmtree.Math.Core.Implements.exp
 0002:000014b8       rgwOrd                     00000001800154b8     Palmtree.Math.Core.Implements.exp
 0002:000014bc       szName                     00000001800154bc     Palmtree.Math.Core.Implements.exp
 0002:000014de       $N00001                    00000001800154de     Palmtree.Math.Core.Implements.exp
 0002:000014e6       $N00002                    00000001800154e6     Palmtree.Math.Core.Implements.exp
 0002:000016e8       .idata$6                   00000001800156e8     kernel32:KERNEL32.dll
 0002:00001738       .idata$6                   0000000180015738     vcruntime:VCRUNTIME140.dll
 0002:0000183c       .idata$6                   000000018001583c     ucrt:api-ms-win-crt-runtime-l1-1-0.dll
 0003:00000000       decimal_digits             0000000180016000     pmc_tostring.obj
 0003:00000018       hexadecimal_lower_digits   0000000180016018     pmc_tostring.obj
 0003:00000040       hexadecimal_upper_digits   0000000180016040     pmc_tostring.obj
 0003:000000c0       fp_Add_Imp                 00000001800160c0     pmc_add.obj
 0003:000000c8       fp_DivRem_X_X              00000001800160c8     pmc_divrem.obj
 0003:000000d0       entry_points               00000001800160d0     pmc_initialize.obj
 0003:000002e0       fp_Multiply_X_1W           00000001800162e0     pmc_multiply.obj
 0003:000002e8       fp_Multiply_X_2W           00000001800162e8     pmc_multiply.obj
 0003:000002f0       fp_Multiply_X_X            00000001800162f0     pmc_multiply.obj
 0003:000002f8       default_number_format_option 00000001800162f8     pmc_parse.obj
 0003:00000320       fp_MultiplyAndAdd          0000000180016320     pmc_parse.obj
 0003:00000328       default_number_format_option 0000000180016328     pmc_tostring.obj
 0003:00000350       ?__proc_attached@@3HA      0000000180016350     MSVCRT:dll_dllmain.obj
 0003:00000360       GS_ExceptionRecord         0000000180016360     MSVCRT:gs_report.obj
 0003:00000400       GS_ContextRecord           0000000180016400     MSVCRT:gs_report.obj
 0003:00000900       ?is_initialized_as_dll@@3_NA 0000000180016900     MSVCRT:utility.obj
 0003:00000901       ?module_local_atexit_table_initialized@@3_NA 0000000180016901     MSVCRT:utility.obj
 0003:00000908       ?module_local_atexit_table@@3U_onexit_table_t@@A 0000000180016908     MSVCRT:utility.obj
 0003:00000920       ?module_local_at_quick_exit_table@@3U_onexit_table_t@@A 0000000180016920     MSVCRT:utility.obj
 0004:00000000       $pdata$GetCPUInfo          0000000180017000     cpuid.obj
 0004:0000000c       $pdata$DllMain             000000018001700c     dllmain.obj
 0004:00000018       $pdata$AllocateHeapArea    0000000180017018     memory.obj
 0004:00000024       $pdata$DeallocateHeapArea  0000000180017024     memory.obj
 0004:00000030       $pdata$AllocateBlock       0000000180017030     memory.obj
 0004:0000003c       $pdata$DeallocateBlock     000000018001703c     memory.obj
 0004:00000048       $pdata$0$DeallocateBlock   0000000180017048     memory.obj
 0004:00000054       $pdata$1$DeallocateBlock   0000000180017054     memory.obj
 0004:00000060       $pdata$AttatchNumber       0000000180017060     memory.obj
 0004:0000006c       $pdata$AllocateNumber      000000018001706c     memory.obj
 0004:00000078       $pdata$DeallocateNumber    0000000180017078     memory.obj
 0004:00000084       $pdata$CommitNumber        0000000180017084     memory.obj
 0004:00000090       $pdata$DuplicateNumber     0000000180017090     memory.obj
 0004:0000009c       $pdata$Initialize_Memory   000000018001709c     memory.obj
 0004:000000a8       $pdata$PMC_Dispose         00000001800170a8     memory.obj
 0004:000000b4       $pdata$InitializeNumber    00000001800170b4     memory.obj
 0004:000000c0       $pdata$CleanUpNumber       00000001800170c0     memory.obj
 0004:000000cc       $pdata$0$CleanUpNumber     00000001800170cc     memory.obj
 0004:000000d8       $pdata$1$CleanUpNumber     00000001800170d8     memory.obj
 0004:000000e4       $pdata$PMC_Add_I_X         00000001800170e4     pmc_add.obj
 0004:000000f0       $pdata$PMC_Add_L_X         00000001800170f0     pmc_add.obj
 0004:000000fc       $pdata$PMC_Add_X_I         00000001800170fc     pmc_add.obj
 0004:00000108       $pdata$PMC_Add_X_L         0000000180017108     pmc_add.obj
 0004:00000114       $pdata$PMC_Add_X_X         0000000180017114     pmc_add.obj
 0004:00000120       $pdata$Add_Imp_using_ADC   0000000180017120     pmc_add.obj
 0004:0000012c       $pdata$Add_Imp_using_ADCX  000000018001712c     pmc_add.obj
 0004:00000138       $pdata$PMC_Add_X_I_Imp     0000000180017138     pmc_add.obj
 0004:00000144       $pdata$PMC_Add_X_L_Imp     0000000180017144     pmc_add.obj
 0004:00000150       $pdata$PMC_BitwiseAnd_I_X  0000000180017150     pmc_bitwiseand.obj
 0004:0000015c       $pdata$PMC_BitwiseAnd_L_X  000000018001715c     pmc_bitwiseand.obj
 0004:00000168       $pdata$PMC_BitwiseAnd_X_I  0000000180017168     pmc_bitwiseand.obj
 0004:00000174       $pdata$PMC_BitwiseAnd_X_L  0000000180017174     pmc_bitwiseand.obj
 0004:00000180       $pdata$PMC_BitwiseAnd_X_X  0000000180017180     pmc_bitwiseand.obj
 0004:0000018c       $pdata$0$PMC_BitwiseAnd_X_X 000000018001718c     pmc_bitwiseand.obj
 0004:00000198       $pdata$1$PMC_BitwiseAnd_X_X 0000000180017198     pmc_bitwiseand.obj
 0004:000001a4       $pdata$BitwiseAnd_X_X      00000001800171a4     pmc_bitwiseand.obj
 0004:000001b0       $pdata$2$BitwiseAnd_X_X    00000001800171b0     pmc_bitwiseand.obj
 0004:000001bc       $pdata$3$BitwiseAnd_X_X    00000001800171bc     pmc_bitwiseand.obj
 0004:000001c8       $pdata$4$BitwiseAnd_X_X    00000001800171c8     pmc_bitwiseand.obj
 0004:000001d4       $pdata$PMC_BitwiseOr_I_X   00000001800171d4     pmc_bitwiseor.obj
 0004:000001e0       $pdata$PMC_BitwiseOr_L_X   00000001800171e0     pmc_bitwiseor.obj
 0004:000001ec       $pdata$PMC_BitwiseOr_X_I   00000001800171ec     pmc_bitwiseor.obj
 0004:000001f8       $pdata$PMC_BitwiseOr_X_L   00000001800171f8     pmc_bitwiseor.obj
 0004:00000204       $pdata$PMC_BitwiseOr_X_X   0000000180017204     pmc_bitwiseor.obj
 0004:00000210       $pdata$0$PMC_BitwiseOr_X_X 0000000180017210     pmc_bitwiseor.obj
 0004:0000021c       $pdata$1$PMC_BitwiseOr_X_X 000000018001721c     pmc_bitwiseor.obj
 0004:00000228       $pdata$2$PMC_BitwiseOr_X_X 0000000180017228     pmc_bitwiseor.obj
 0004:00000234       $pdata$3$PMC_BitwiseOr_X_X 0000000180017234     pmc_bitwiseor.obj
 0004:00000240       $pdata$BitwiseOr_X_X       0000000180017240     pmc_bitwiseor.obj
 0004:0000024c       $pdata$PMC_BitwiseOr_X_I_Imp 000000018001724c     pmc_bitwiseor.obj
 0004:00000258       $pdata$PMC_BitwiseOr_X_L_Imp 0000000180017258     pmc_bitwiseor.obj
 0004:00000264       $pdata$PMC_Compare_I_X     0000000180017264     pmc_compare.obj
 0004:00000270       $pdata$PMC_Compare_L_X     0000000180017270     pmc_compare.obj
 0004:0000027c       $pdata$PMC_Compare_X_I     000000018001727c     pmc_compare.obj
 0004:00000288       $pdata$PMC_Compare_X_L     0000000180017288     pmc_compare.obj
 0004:00000294       $pdata$PMC_Compare_X_X     0000000180017294     pmc_compare.obj
 0004:000002a0       $pdata$PMC_DivRem_I_X      00000001800172a0     pmc_divrem.obj
 0004:000002ac       $pdata$PMC_DivRem_L_X      00000001800172ac     pmc_divrem.obj
 0004:000002b8       $pdata$PMC_DivRem_X_I      00000001800172b8     pmc_divrem.obj
 0004:000002c4       $pdata$PMC_DivRem_X_L      00000001800172c4     pmc_divrem.obj
 0004:000002d0       $pdata$1$PMC_DivRem_X_L    00000001800172d0     pmc_divrem.obj
 0004:000002dc       $pdata$2$PMC_DivRem_X_L    00000001800172dc     pmc_divrem.obj
 0004:000002e8       $pdata$3$PMC_DivRem_X_L    00000001800172e8     pmc_divrem.obj
 0004:000002f4       $pdata$4$PMC_DivRem_X_L    00000001800172f4     pmc_divrem.obj
 0004:00000300       $pdata$PMC_DivRem_X_X      0000000180017300     pmc_divrem.obj
 0004:0000030c       $pdata$0$PMC_DivRem_X_X    000000018001730c     pmc_divrem.obj
 0004:00000318       $pdata$1$PMC_DivRem_X_X    0000000180017318     pmc_divrem.obj
 0004:00000324       $pdata$2$PMC_DivRem_X_X    0000000180017324     pmc_divrem.obj
 0004:00000330       $pdata$3$PMC_DivRem_X_X    0000000180017330     pmc_divrem.obj
 0004:0000033c       $pdata$SubtructOneLine     000000018001733c     pmc_divrem.obj
 0004:00000348       $pdata$SubtructOneLineX    0000000180017348     pmc_divrem.obj
 0004:00000354       $pdata$AddOneLine          0000000180017354     pmc_divrem.obj
 0004:00000360       $pdata$AddOneLineX         0000000180017360     pmc_divrem.obj
 0004:0000036c       $pdata$DivRem_X_X_using_ADC_MUL 000000018001736c     pmc_divrem.obj
 0004:00000378       $pdata$DivRem_X_X_using_ADX_MULX 0000000180017378     pmc_divrem.obj
 0004:00000384       $pdata$PMC_Equals_I_X      0000000180017384     pmc_equals.obj
 0004:00000390       $pdata$PMC_Equals_L_X      0000000180017390     pmc_equals.obj
 0004:0000039c       $pdata$PMC_Equals_X_I      000000018001739c     pmc_equals.obj
 0004:000003a8       $pdata$PMC_Equals_X_L      00000001800173a8     pmc_equals.obj
 0004:000003b4       $pdata$PMC_Equals_X_X      00000001800173b4     pmc_equals.obj
 0004:000003c0       $pdata$PMC_ExclusiveOr_I_X 00000001800173c0     pmc_exclusiveor.obj
 0004:000003cc       $pdata$PMC_ExclusiveOr_L_X 00000001800173cc     pmc_exclusiveor.obj
 0004:000003d8       $pdata$PMC_ExclusiveOr_X_I 00000001800173d8     pmc_exclusiveor.obj
 0004:000003e4       $pdata$PMC_ExclusiveOr_X_L 00000001800173e4     pmc_exclusiveor.obj
 0004:000003f0       $pdata$PMC_ExclusiveOr_X_X 00000001800173f0     pmc_exclusiveor.obj
 0004:000003fc       $pdata$0$PMC_ExclusiveOr_X_X 00000001800173fc     pmc_exclusiveor.obj
 0004:00000408       $pdata$1$PMC_ExclusiveOr_X_X 0000000180017408     pmc_exclusiveor.obj
 0004:00000414       $pdata$2$PMC_ExclusiveOr_X_X 0000000180017414     pmc_exclusiveor.obj
 0004:00000420       $pdata$4$PMC_ExclusiveOr_X_X 0000000180017420     pmc_exclusiveor.obj
 0004:0000042c       $pdata$5$PMC_ExclusiveOr_X_X 000000018001742c     pmc_exclusiveor.obj
 0004:00000438       $pdata$ExclusiveOr_X_X     0000000180017438     pmc_exclusiveor.obj
 0004:00000444       $pdata$PMC_ExclusiveOr_X_I_Imp 0000000180017444     pmc_exclusiveor.obj
 0004:00000450       $pdata$PMC_ExclusiveOr_X_L_Imp 0000000180017450     pmc_exclusiveor.obj
 0004:0000045c       $pdata$From_I_Imp          000000018001745c     pmc_from.obj
 0004:00000468       $pdata$From_L_Imp          0000000180017468     pmc_from.obj
 0004:00000474       $pdata$PMC_From_I          0000000180017474     pmc_from.obj
 0004:00000480       $pdata$PMC_From_L          0000000180017480     pmc_from.obj
 0004:0000048c       $pdata$PMC_From_B          000000018001748c     pmc_from.obj
 0004:00000498       $pdata$0$PMC_From_B        0000000180017498     pmc_from.obj
 0004:000004a4       $pdata$2$PMC_From_B        00000001800174a4     pmc_from.obj
 0004:000004b0       $pdata$3$PMC_From_B        00000001800174b0     pmc_from.obj
 0004:000004bc       $pdata$PMC_GreatestCommonDivisor_I_X 00000001800174bc     pmc_greatestcommondivisor.obj
 0004:000004c8       $pdata$PMC_GreatestCommonDivisor_L_X 00000001800174c8     pmc_greatestcommondivisor.obj
 0004:000004d4       $pdata$PMC_GreatestCommonDivisor_X_I 00000001800174d4     pmc_greatestcommondivisor.obj
 0004:000004e0       $pdata$PMC_GreatestCommonDivisor_X_L 00000001800174e0     pmc_greatestcommondivisor.obj
 0004:000004ec       $pdata$PMC_GreatestCommonDivisor_X_X 00000001800174ec     pmc_greatestcommondivisor.obj
 0004:000004f8       $pdata$GreatestCommonDivisor_Imp 00000001800174f8     pmc_greatestcommondivisor.obj
 0004:00000504       $pdata$PMC_GreatestCommonDivisor_X_I_Imp 0000000180017504     pmc_greatestcommondivisor.obj
 0004:00000510       $pdata$0$PMC_GreatestCommonDivisor_X_I_Imp 0000000180017510     pmc_greatestcommondivisor.obj
 0004:0000051c       $pdata$1$PMC_GreatestCommonDivisor_X_I_Imp 000000018001751c     pmc_greatestcommondivisor.obj
 0004:00000528       $pdata$PMC_GreatestCommonDivisor_X_L_Imp 0000000180017528     pmc_greatestcommondivisor.obj
 0004:00000534       $pdata$0$PMC_GreatestCommonDivisor_X_L_Imp 0000000180017534     pmc_greatestcommondivisor.obj
 0004:00000540       $pdata$1$PMC_GreatestCommonDivisor_X_L_Imp 0000000180017540     pmc_greatestcommondivisor.obj
 0004:0000054c       $pdata$PMC_Initialize      000000018001754c     pmc_initialize.obj
 0004:00000558       $pdata$PMC_Multiply_I_X    0000000180017558     pmc_multiply.obj
 0004:00000564       $pdata$PMC_Multiply_L_X    0000000180017564     pmc_multiply.obj
 0004:00000570       $pdata$PMC_Multiply_X_I    0000000180017570     pmc_multiply.obj
 0004:0000057c       $pdata$PMC_Multiply_X_L    000000018001757c     pmc_multiply.obj
 0004:00000588       $pdata$PMC_Multiply_X_X    0000000180017588     pmc_multiply.obj
 0004:00000594       $pdata$Multiply_WORD_using_MUL_ADC 0000000180017594     pmc_multiply.obj
 0004:000005a0       $pdata$Multiply_WORD_using_MULX_ADCX 00000001800175a0     pmc_multiply.obj
 0004:000005ac       $pdata$Multiply_X_2W_using_MUL_ADC 00000001800175ac     pmc_multiply.obj
 0004:000005b8       $pdata$Multiply_X_2W_using_MULX_ADCX 00000001800175b8     pmc_multiply.obj
 0004:000005c4       $pdata$Multiply_X_X_using_MUL_ADC 00000001800175c4     pmc_multiply.obj
 0004:000005d0       $pdata$Multiply_X_X_using_MULX_ADCX 00000001800175d0     pmc_multiply.obj
 0004:000005dc       $pdata$PMC_Multiply_X_I_Imp 00000001800175dc     pmc_multiply.obj
 0004:000005e8       $pdata$PMC_Multiply_X_L_Imp 00000001800175e8     pmc_multiply.obj
 0004:000005f4       $pdata$Initialize_Parse    00000001800175f4     pmc_parse.obj
 0004:00000600       $pdata$PMC_TryParse        0000000180017600     pmc_parse.obj
 0004:0000060c       $pdata$InitializeParserState 000000018001760c     pmc_parse.obj
 0004:00000618       $pdata$ParseAsDecimalNumberString 0000000180017618     pmc_parse.obj
 0004:00000624       $pdata$Build1WordFromDecimalString 0000000180017624     pmc_parse.obj
 0004:00000630       $pdata$MultiplyAndAdd_using_ADC_MUL 0000000180017630     pmc_parse.obj
 0004:0000063c       $pdata$MultiplyAndAdd_using_ADCX_MULX 000000018001763c     pmc_parse.obj
 0004:00000648       $pdata$TryParseDN          0000000180017648     pmc_parse.obj
 0004:00000654       $pdata$0$TryParseDN        0000000180017654     pmc_parse.obj
 0004:00000660       $pdata$1$TryParseDN        0000000180017660     pmc_parse.obj
 0004:0000066c       $pdata$Build1WordFromHexString 000000018001766c     pmc_parse.obj
 0004:00000678       $pdata$TryParseX           0000000180017678     pmc_parse.obj
 0004:00000684       $pdata$0$TryParseX         0000000180017684     pmc_parse.obj
 0004:00000690       $pdata$1$TryParseX         0000000180017690     pmc_parse.obj
 0004:0000069c       $pdata$2$TryParseX         000000018001769c     pmc_parse.obj
 0004:000006a8       $pdata$3$TryParseX         00000001800176a8     pmc_parse.obj
 0004:000006b4       $pdata$PMC_Pow_X_I         00000001800176b4     pmc_pow.obj
 0004:000006c0       $pdata$PMC_Pow_X_I_Imp     00000001800176c0     pmc_pow.obj
 0004:000006cc       $pdata$1$PMC_Pow_X_I_Imp   00000001800176cc     pmc_pow.obj
 0004:000006d8       $pdata$2$PMC_Pow_X_I_Imp   00000001800176d8     pmc_pow.obj
 0004:000006e4       $pdata$RightShift_Imp_DIV  00000001800176e4     pmc_shift.obj
 0004:000006f0       $pdata$0$RightShift_Imp_DIV 00000001800176f0     pmc_shift.obj
 0004:000006fc       $pdata$1$RightShift_Imp_DIV 00000001800176fc     pmc_shift.obj
 0004:00000708       $pdata$2$RightShift_Imp_DIV 0000000180017708     pmc_shift.obj
 0004:00000714       $pdata$3$RightShift_Imp_DIV 0000000180017714     pmc_shift.obj
 0004:00000720       $pdata$RightShift_Imp      0000000180017720     pmc_shift.obj
 0004:0000072c       $pdata$0$RightShift_Imp    000000018001772c     pmc_shift.obj
 0004:00000738       $pdata$1$RightShift_Imp    0000000180017738     pmc_shift.obj
 0004:00000744       $pdata$LeftShift_Imp_DIV   0000000180017744     pmc_shift.obj
 0004:00000750       $pdata$0$LeftShift_Imp_DIV 0000000180017750     pmc_shift.obj
 0004:0000075c       $pdata$1$LeftShift_Imp_DIV 000000018001775c     pmc_shift.obj
 0004:00000768       $pdata$LeftShift_Imp       0000000180017768     pmc_shift.obj
 0004:00000774       $pdata$0$LeftShift_Imp     0000000180017774     pmc_shift.obj
 0004:00000780       $pdata$1$LeftShift_Imp     0000000180017780     pmc_shift.obj
 0004:0000078c       $pdata$PMC_RightShift_X_I  000000018001778c     pmc_shift.obj
 0004:00000798       $pdata$PMC_RightShift_X_L  0000000180017798     pmc_shift.obj
 0004:000007a4       $pdata$PMC_LeftShift_X_I   00000001800177a4     pmc_shift.obj
 0004:000007b0       $pdata$PMC_LeftShift_X_L   00000001800177b0     pmc_shift.obj
 0004:000007bc       $pdata$Subtruct_Imp        00000001800177bc     pmc_subtruct.obj
 0004:000007c8       $pdata$PMC_Subtruct_I_X    00000001800177c8     pmc_subtruct.obj
 0004:000007d4       $pdata$PMC_Subtruct_L_X    00000001800177d4     pmc_subtruct.obj
 0004:000007e0       $pdata$PMC_Subtruct_X_I    00000001800177e0     pmc_subtruct.obj
 0004:000007ec       $pdata$PMC_Subtruct_X_L    00000001800177ec     pmc_subtruct.obj
 0004:000007f8       $pdata$PMC_Subtruct_X_X    00000001800177f8     pmc_subtruct.obj
 0004:00000804       $pdata$PMC_To_X_I          0000000180017804     pmc_to.obj
 0004:00000810       $pdata$PMC_To_X_L          0000000180017810     pmc_to.obj
 0004:0000081c       $pdata$PMC_To_X_B          000000018001781c     pmc_to.obj
 0004:00000828       $pdata$Initialize_ToString 0000000180017828     pmc_tostring.obj
 0004:00000834       $pdata$PMC_ToString        0000000180017834     pmc_tostring.obj
 0004:00000840       $pdata$OutputOneChar       0000000180017840     pmc_tostring.obj
 0004:0000084c       $pdata$PrintDecimal        000000018001784c     pmc_tostring.obj
 0004:00000858       $pdata$ToStringDN          0000000180017858     pmc_tostring.obj
 0004:00000864       $pdata$ToStringX           0000000180017864     pmc_tostring.obj
 0004:00000870       $pdata$__GSHandlerCheckCommon 0000000180017870     MSVCRT:gshandler.obj
 0004:0000087c       $pdata$__GSHandlerCheck    000000018001787c     MSVCRT:gshandler.obj
 0004:00000894       $pdata$?dllmain_crt_process_attach@@YAHQEAUHINSTANCE__@@QEAX@Z 0000000180017894     MSVCRT:dll_dllmain.obj
 0004:000008a0       $pdata$?fin$0@?0??dllmain_crt_process_attach@@YAHQEAUHINSTANCE__@@QEAX@Z@4HA 00000001800178a0     MSVCRT:dll_dllmain.obj
 0004:000008ac       $pdata$?dllmain_crt_process_detach@@YAH_N@Z 00000001800178ac     MSVCRT:dll_dllmain.obj
 0004:000008b8       $pdata$?fin$0@?0??dllmain_crt_process_detach@@YAH_N@Z@4HA 00000001800178b8     MSVCRT:dll_dllmain.obj
 0004:000008c4       $pdata$?dllmain_crt_dispatch@@YAHQEAUHINSTANCE__@@KQEAX@Z 00000001800178c4     MSVCRT:dll_dllmain.obj
 0004:000008d0       $pdata$?dllmain_dispatch@@YAHQEAUHINSTANCE__@@KQEAX@Z 00000001800178d0     MSVCRT:dll_dllmain.obj
 0004:000008dc       $pdata$?filt$0@?0??dllmain_dispatch@@YAHQEAUHINSTANCE__@@KQEAX@Z@4HA 00000001800178dc     MSVCRT:dll_dllmain.obj
 0004:000008e8       $pdata$_DllMainCRTStartup  00000001800178e8     MSVCRT:dll_dllmain.obj
 0004:000008f4       $pdata$__report_securityfailure 00000001800178f4     MSVCRT:gs_report.obj
 0004:00000900       $pdata$__report_securityfailureEx 0000000180017900     MSVCRT:gs_report.obj
 0004:0000090c       $pdata$__report_rangecheckfailure 000000018001790c     MSVCRT:gs_report.obj
 0004:00000918       $pdata$__report_gsfailure  0000000180017918     MSVCRT:gs_report.obj
 0004:00000924       $pdata$capture_current_context 0000000180017924     MSVCRT:gs_report.obj
 0004:00000930       $pdata$capture_previous_context 0000000180017930     MSVCRT:gs_report.obj
 0004:0000093c       $pdata$__raise_securityfailure 000000018001793c     MSVCRT:gs_report.obj
 0004:00000948       $pdata$__security_init_cookie 0000000180017948     MSVCRT:gs_support.obj
 0004:00000954       $pdata$__get_entropy       0000000180017954     MSVCRT:gs_support.obj
 0004:00000960       $pdata$__scrt_initialize_default_local_stdio_options 0000000180017960     MSVCRT:default_local_stdio_options.obj
 0004:0000096c       $pdata$atexit              000000018001796c     MSVCRT:utility.obj
 0004:00000978       $pdata$_onexit             0000000180017978     MSVCRT:utility.obj
 0004:00000984       $pdata$__scrt_is_nonwritable_in_current_image 0000000180017984     MSVCRT:utility.obj
 0004:00000990       $pdata$__scrt_is_nonwritable_in_current_image$filt$0 0000000180017990     MSVCRT:utility.obj
 0004:0000099c       $pdata$__scrt_acquire_startup_lock 000000018001799c     MSVCRT:utility.obj
 0004:000009a8       $pdata$__scrt_release_startup_lock 00000001800179a8     MSVCRT:utility.obj
 0004:000009b4       $pdata$__scrt_initialize_crt 00000001800179b4     MSVCRT:utility.obj
 0004:000009c0       $pdata$__scrt_uninitialize_crt 00000001800179c0     MSVCRT:utility.obj
 0004:000009cc       $pdata$__scrt_initialize_onexit_tables 00000001800179cc     MSVCRT:utility.obj
 0004:000009d8       $pdata$__scrt_dllmain_exception_filter 00000001800179d8     MSVCRT:utility.obj
 0004:000009e4       $pdata$__scrt_dllmain_before_initialize_c 00000001800179e4     MSVCRT:utility.obj
 0004:000009f0       $pdata$__scrt_dllmain_after_initialize_c 00000001800179f0     MSVCRT:utility.obj
 0004:000009fc       $pdata$__scrt_dllmain_uninitialize_c 00000001800179fc     MSVCRT:utility.obj
 0004:00000a08       $pdata$__scrt_dllmain_uninitialize_critical 0000000180017a08     MSVCRT:utility.obj
 0004:00000a14       $pdata$__scrt_dllmain_crt_thread_attach 0000000180017a14     MSVCRT:utility.obj
 0004:00000a20       $pdata$__scrt_dllmain_crt_thread_detach 0000000180017a20     MSVCRT:utility.obj
 0004:00000a2c       $pdata$?configure_argv@__scrt_narrow_argv_policy@@SAHXZ 0000000180017a2c     MSVCRT:utility.obj
 0004:00000a38       $pdata$__scrt_get_show_window_mode 0000000180017a38     MSVCRT:utility_desktop.obj
 0004:00000a44       $pdata$__scrt_is_managed_app 0000000180017a44     MSVCRT:utility_desktop.obj
 0004:00000a50       $pdata$__scrt_fastfail     0000000180017a50     MSVCRT:utility_desktop.obj
 0004:00000a5c       $pdata$__scrt_unhandled_exception_filter 0000000180017a5c     MSVCRT:utility_desktop.obj
 0004:00000a68       $pdata$_RTC_Initialize     0000000180017a68     MSVCRT:initsect.obj
 0004:00000a74       $pdata$_RTC_Terminate      0000000180017a74     MSVCRT:initsect.obj
 0004:00000a80       $pdata$__isa_available_init 0000000180017a80     MSVCRT:cpu_disp.obj
 0005:00000060       $R000000                   0000000180018060     * linker generated manifest res *
