 Palmtree.Math.Core.Implements

 Timestamp is 5c529b50 (Thu Jan 31 15:53:04 2019)

 Preferred load address is 0000000180000000

 Start         Length     Name                   Class
 0001:00000000 00012f50H .text$mn                CODE
 0001:00012f50 00000012H .text$mn$00             CODE
 0001:00012f62 00000081H .text$x                 CODE
 0002:00000000 00000148H .idata$5                DATA
 0002:00000148 00000010H .00cfg                  DATA
 0002:00000158 00000008H .CRT$XCA                DATA
 0002:00000160 00000008H .CRT$XCZ                DATA
 0002:00000168 00000008H .CRT$XIA                DATA
 0002:00000170 00000008H .CRT$XIZ                DATA
 0002:00000178 00000008H .CRT$XPA                DATA
 0002:00000180 00000008H .CRT$XPZ                DATA
 0002:00000188 00000008H .CRT$XTA                DATA
 0002:00000190 00000010H .CRT$XTZ                DATA
 0002:00000198 00000000H .gfids$y                DATA
 0002:000001a0 00000190H .rdata                  DATA
 0002:00000330 000002e8H .rdata$zzzdbg           DATA
 0002:00000618 00000008H .rtc$IAA                DATA
 0002:00000620 00000008H .rtc$IZZ                DATA
 0002:00000628 00000008H .rtc$TAA                DATA
 0002:00000630 00000008H .rtc$TZZ                DATA
 0002:00000638 00000ed8H .xdata                  DATA
 0002:00001510 00000078H .edata                  DATA
 0002:00001588 0000003cH .idata$2                DATA
 0002:000015c4 00000014H .idata$3                DATA
 0002:000015d8 00000148H .idata$4                DATA
 0002:00001720 0000033eH .idata$6                DATA
 0003:00000000 000000c0H .data                   DATA
 0003:000000c0 00000920H .bss                    DATA
 0004:00000000 00000ae0H .pdata                  DATA
 0005:00000000 00000060H .rsrc$01                DATA
 0005:00000060 00000180H .rsrc$02                DATA

  Address         Publics by Value              Rva+Base               Lib:Object

 0000:00000000       ___safe_se_handler_count   0000000000000000     <absolute>
 0000:00000000       __guard_iat_table          0000000000000000     <absolute>
 0000:00000000       __dynamic_value_reloc_table 0000000000000000     <absolute>
 0000:00000000       __enclave_config           0000000000000000     <absolute>
 0000:00000000       __guard_longjmp_table      0000000000000000     <absolute>
 0000:00000000       __hybrid_code_map          0000000000000000     <absolute>
 0000:00000000       ___safe_se_handler_table   0000000000000000     <absolute>
 0000:00000000       __volatile_metadata        0000000000000000     <absolute>
 0000:00000000       __hybrid_code_map_count    0000000000000000     <absolute>
 0000:00000000       __guard_longjmp_count      0000000000000000     <absolute>
 0000:00000000       __hybrid_auxiliary_iat     0000000000000000     <absolute>
 0000:00000000       __guard_fids_table         0000000000000000     <absolute>
 0000:00000000       __guard_fids_count         0000000000000000     <absolute>
 0000:00000000       __guard_iat_count          0000000000000000     <absolute>
 0000:00000100       __guard_flags              0000000000000100     <absolute>
 0000:00000000       __ImageBase                0000000180000000     <linker-defined>
 0001:00000000       GetCPUInfo                 0000000180001000 f   cpuid.obj
 0001:000000b0       DoDebug                    00000001800010b0 f   debug.obj
 0001:000000c0       DllMain                    00000001800010c0 f   dllmain.obj
 0001:00000100       AllocateBlock              0000000180001100 f   memory.obj
 0001:00000180       AllocateHeapArea           0000000180001180 f   memory.obj
 0001:000001b0       AllocateNumber             00000001800011b0 f   memory.obj
 0001:00000220       AttatchNumber              0000000180001220 f   memory.obj
 0001:000004d0       CheckBlockLight            00000001800014d0 f   memory.obj
 0001:000004e0       CheckNumber                00000001800014e0 f   memory.obj
 0001:00000550       CommitNumber               0000000180001550 f   memory.obj
 0001:000006b0       DeallocateBlock            00000001800016b0 f   memory.obj
 0001:00000700       DeallocateHeapArea         0000000180001700 f   memory.obj
 0001:00000730       DeallocateNumber           0000000180001730 f   memory.obj
 0001:00000790       DetatchNumber              0000000180001790 f   memory.obj
 0001:000007a0       DuplicateNumber            00000001800017a0 f   memory.obj
 0001:00000930       Initialize_Memory          0000000180001930 f   memory.obj
 0001:00000a70       PMC_Dispose                0000000180001a70 f   memory.obj
 0001:00001110       Initialize_Add             0000000180002110 f   pmc_add.obj
 0001:00001130       PMC_Add_I_X                0000000180002130 f   pmc_add.obj
 0001:00001190       PMC_Add_L_X                0000000180002190 f   pmc_add.obj
 0001:000011f0       PMC_Add_X_I                00000001800021f0 f   pmc_add.obj
 0001:00001390       PMC_Add_X_L                0000000180002390 f   pmc_add.obj
 0001:00001530       PMC_Add_X_X                0000000180002530 f   pmc_add.obj
 0001:00001e40       Initialize_BitwiseAnd      0000000180002e40 f   pmc_bitwiseand.obj
 0001:00001e50       PMC_BitwiseAnd_I_X         0000000180002e50 f   pmc_bitwiseand.obj
 0001:00001ed0       PMC_BitwiseAnd_L_X         0000000180002ed0 f   pmc_bitwiseand.obj
 0001:00001f60       PMC_BitwiseAnd_X_I         0000000180002f60 f   pmc_bitwiseand.obj
 0001:00001fe0       PMC_BitwiseAnd_X_L         0000000180002fe0 f   pmc_bitwiseand.obj
 0001:00002060       PMC_BitwiseAnd_X_X         0000000180003060 f   pmc_bitwiseand.obj
 0001:000024a0       Initialize_BitwiseOr       00000001800034a0 f   pmc_bitwiseor.obj
 0001:000024b0       PMC_BitwiseOr_I_X          00000001800034b0 f   pmc_bitwiseor.obj
 0001:00002510       PMC_BitwiseOr_L_X          0000000180003510 f   pmc_bitwiseor.obj
 0001:00002570       PMC_BitwiseOr_X_I          0000000180003570 f   pmc_bitwiseor.obj
 0001:000026d0       PMC_BitwiseOr_X_L          00000001800036d0 f   pmc_bitwiseor.obj
 0001:00002830       PMC_BitwiseOr_X_X          0000000180003830 f   pmc_bitwiseor.obj
 0001:00002950       PMC_FromByteArray          0000000180003950 f   pmc_bytes.obj
 0001:00002a30       PMC_ToByteArray            0000000180003a30 f   pmc_bytes.obj
 0001:00002ad0       Compare_Imp                0000000180003ad0 f   pmc_compare.obj
 0001:00002b20       Initialize_Compare         0000000180003b20 f   pmc_compare.obj
 0001:00002b30       PMC_Compare_I_X            0000000180003b30 f   pmc_compare.obj
 0001:00002c20       PMC_Compare_L_X            0000000180003c20 f   pmc_compare.obj
 0001:00002d10       PMC_Compare_X_I            0000000180003d10 f   pmc_compare.obj
 0001:00002db0       PMC_Compare_X_L            0000000180003db0 f   pmc_compare.obj
 0001:00002e50       PMC_Compare_X_X            0000000180003e50 f   pmc_compare.obj
 0001:00003650       DivRem_X_1W                0000000180004650 f   pmc_divrem.obj
 0001:00003c70       DivRem_X_X                 0000000180004c70 f   pmc_divrem.obj
 0001:00004320       Initialize_DivRem          0000000180005320 f   pmc_divrem.obj
 0001:00004350       PMC_DivRem_I_X             0000000180005350 f   pmc_divrem.obj
 0001:00004420       PMC_DivRem_L_X             0000000180005420 f   pmc_divrem.obj
 0001:00004630       PMC_DivRem_X_I             0000000180005630 f   pmc_divrem.obj
 0001:000047c0       PMC_DivRem_X_L             00000001800057c0 f   pmc_divrem.obj
 0001:00004a80       PMC_DivRem_X_X             0000000180005a80 f   pmc_divrem.obj
 0001:00006850       Equals_X_X                 0000000180007850 f   pmc_equals.obj
 0001:00006880       Initialize_Equals          0000000180007880 f   pmc_equals.obj
 0001:00006890       PMC_Equals_I_X             0000000180007890 f   pmc_equals.obj
 0001:000068f0       PMC_Equals_L_X             00000001800078f0 f   pmc_equals.obj
 0001:00006950       PMC_Equals_X_I             0000000180007950 f   pmc_equals.obj
 0001:00006a10       PMC_Equals_X_L             0000000180007a10 f   pmc_equals.obj
 0001:00006ad0       PMC_Equals_X_X             0000000180007ad0 f   pmc_equals.obj
 0001:00006ef0       Initialize_ExclusiveOr     0000000180007ef0 f   pmc_exclusiveor.obj
 0001:00006f00       PMC_ExclusiveOr_I_X        0000000180007f00 f   pmc_exclusiveor.obj
 0001:00006f60       PMC_ExclusiveOr_L_X        0000000180007f60 f   pmc_exclusiveor.obj
 0001:00006fc0       PMC_ExclusiveOr_X_I        0000000180007fc0 f   pmc_exclusiveor.obj
 0001:00007130       PMC_ExclusiveOr_X_L        0000000180008130 f   pmc_exclusiveor.obj
 0001:000072b0       PMC_ExclusiveOr_X_X        00000001800082b0 f   pmc_exclusiveor.obj
 0001:00007400       From_I_Imp                 0000000180008400 f   pmc_from.obj
 0001:00007460       From_L_Imp                 0000000180008460 f   pmc_from.obj
 0001:000074c0       Initialize_From            00000001800084c0 f   pmc_from.obj
 0001:000074d0       PMC_From_I                 00000001800084d0 f   pmc_from.obj
 0001:00007550       PMC_From_L                 0000000180008550 f   pmc_from.obj
 0001:000076d0       Initialize_GreatestCommonDivisor 00000001800086d0 f   pmc_greatestcommondivisor.obj
 0001:000076e0       PMC_GreatestCommonDivisor_I_X 00000001800086e0 f   pmc_greatestcommondivisor.obj
 0001:00007740       PMC_GreatestCommonDivisor_L_X 0000000180008740 f   pmc_greatestcommondivisor.obj
 0001:000077a0       PMC_GreatestCommonDivisor_X_I 00000001800087a0 f   pmc_greatestcommondivisor.obj
 0001:00007a80       PMC_GreatestCommonDivisor_X_L 0000000180008a80 f   pmc_greatestcommondivisor.obj
 0001:00007d50       PMC_GreatestCommonDivisor_X_X 0000000180008d50 f   pmc_greatestcommondivisor.obj
 0001:00007fe0       PMC_Initialize             0000000180008fe0 f   pmc_initialize.obj
 0001:00008500       Initialize_ModPow          0000000180009500 f   pmc_modpow.obj
 0001:00008c90       PMC_ModPow_X_X_X           0000000180009c90 f   pmc_modpow.obj
 0001:00008f40       Initialize_Multiply        0000000180009f40 f   pmc_multiply.obj
 0001:0000a8b0       Multiply_X_X_Imp           000000018000b8b0 f   pmc_multiply.obj
 0001:0000a9e0       PMC_Multiply_I_X           000000018000b9e0 f   pmc_multiply.obj
 0001:0000aa40       PMC_Multiply_L_X           000000018000ba40 f   pmc_multiply.obj
 0001:0000aaa0       PMC_Multiply_X_I           000000018000baa0 f   pmc_multiply.obj
 0001:0000ac00       PMC_Multiply_X_L           000000018000bc00 f   pmc_multiply.obj
 0001:0000ad60       PMC_Multiply_X_X           000000018000bd60 f   pmc_multiply.obj
 0001:0000b310       Initialize_Parse           000000018000c310 f   pmc_parse.obj
 0001:0000c6d0       PMC_TryParse               000000018000d6d0 f   pmc_parse.obj
 0001:0000d720       Initialize_Pow             000000018000e720 f   pmc_pow.obj
 0001:0000d730       PMC_Pow_X_I                000000018000e730 f   pmc_pow.obj
 0001:0000da60       Initialize_Shift           000000018000ea60 f   pmc_shift.obj
 0001:0000da70       LeftShift_Imp              000000018000ea70 f   pmc_shift.obj
 0001:0000e250       LeftShift_Imp_DIV          000000018000f250 f   pmc_shift.obj
 0001:0000e880       PMC_LeftShift_X_I          000000018000f880 f   pmc_shift.obj
 0001:0000e9a0       PMC_LeftShift_X_L          000000018000f9a0 f   pmc_shift.obj
 0001:0000eac0       PMC_RightShift_X_I         000000018000fac0 f   pmc_shift.obj
 0001:0000ebe0       PMC_RightShift_X_L         000000018000fbe0 f   pmc_shift.obj
 0001:0000ed00       RightShift_Imp             000000018000fd00 f   pmc_shift.obj
 0001:0000f4e0       RightShift_Imp_DIV         00000001800104e0 f   pmc_shift.obj
 0001:0000fb20       PMC_GetStatisticsInfo      0000000180010b20 f   pmc_statistics.obj
 0001:0000fb50       Initialize_Subtruct        0000000180010b50 f   pmc_subtruct.obj
 0001:0000fb60       PMC_Subtruct_I_X           0000000180010b60 f   pmc_subtruct.obj
 0001:0000fc40       PMC_Subtruct_L_X           0000000180010c40 f   pmc_subtruct.obj
 0001:0000fd10       PMC_Subtruct_X_I           0000000180010d10 f   pmc_subtruct.obj
 0001:0000fea0       PMC_Subtruct_X_L           0000000180010ea0 f   pmc_subtruct.obj
 0001:00010030       PMC_Subtruct_X_X           0000000180011030 f   pmc_subtruct.obj
 0001:000101b0       Subtruct_Imp               00000001800111b0 f   pmc_subtruct.obj
 0001:000106e0       Initialize_To              00000001800116e0 f   pmc_to.obj
 0001:000106f0       PMC_To_X_I                 00000001800116f0 f   pmc_to.obj
 0001:00010750       PMC_To_X_L                 0000000180011750 f   pmc_to.obj
 0001:000107c0       Initialize_ToString        00000001800117c0 f   pmc_tostring.obj
 0001:00010910       PMC_ToString               0000000180011910 f   pmc_tostring.obj
 0001:00011b2e       HeapCreate                 0000000180012b2e f   kernel32:KERNEL32.dll
 0001:00011b34       HeapDestroy                0000000180012b34 f   kernel32:KERNEL32.dll
 0001:00011b3a       HeapAlloc                  0000000180012b3a f   kernel32:KERNEL32.dll
 0001:00011b40       HeapFree                   0000000180012b40 f   kernel32:KERNEL32.dll
 0001:00011b46       lstrcpyA                   0000000180012b46 f   kernel32:KERNEL32.dll
 0001:00011b4c       lstrcpyW                   0000000180012b4c f   kernel32:KERNEL32.dll
 0001:00011b52       lstrlenW                   0000000180012b52 f   kernel32:KERNEL32.dll
 0001:00011b58       __GSHandlerCheck           0000000180012b58 f   MSVCRT:gshandler.obj
 0001:00011b78       __GSHandlerCheckCommon     0000000180012b78 f   MSVCRT:gshandler.obj
 0001:00011bf0       __security_check_cookie    0000000180012bf0 f   MSVCRT:amdsecgs.obj
 0001:00011f60       _CRT_INIT                  0000000180012f60 f   MSVCRT:dll_dllmain.obj
 0001:00011f68       _DllMainCRTStartup         0000000180012f68 f   MSVCRT:dll_dllmain.obj
 0001:00011fa8       __raise_securityfailure    0000000180012fa8 f   MSVCRT:gs_report.obj
 0001:00011fdc       __report_gsfailure         0000000180012fdc f   MSVCRT:gs_report.obj
 0001:000120b0       __report_rangecheckfailure 00000001800130b0 f   MSVCRT:gs_report.obj
 0001:000120c4       __report_securityfailure   00000001800130c4 f   MSVCRT:gs_report.obj
 0001:00012160       __report_securityfailureEx 0000000180013160 f   MSVCRT:gs_report.obj
 0001:000123c0       __security_init_cookie     00000001800133c0 f   MSVCRT:gs_support.obj
 0001:0001246c       ?__scrt_initialize_type_info@@YAXXZ 000000018001346c f   MSVCRT:tncleanup.obj
 0001:0001247c       ?__scrt_uninitialize_type_info@@YAXXZ 000000018001347c f   MSVCRT:tncleanup.obj
 0001:00012488       __local_stdio_printf_options 0000000180013488 f i MSVCRT:default_local_stdio_options.obj
 0001:00012490       __local_stdio_scanf_options 0000000180013490 f i MSVCRT:default_local_stdio_options.obj
 0001:00012498       __scrt_initialize_default_local_stdio_options 0000000180013498 f   MSVCRT:default_local_stdio_options.obj
 0001:000124b4       ??$__crt_fast_decode_pointer@PEAP6AXXZ@@YAPEAP6AXXZQEAP6AXXZ@Z 00000001800134b4 f i MSVCRT:utility.obj
 0001:000124cc       ??$__crt_fast_encode_pointer@PEAP6AXXZ@@YAPEAP6AXXZQEAP6AXXZ@Z 00000001800134cc f i MSVCRT:utility.obj
 0001:000124ec       ?__crt_rotate_pointer_value@@YA_K_KH@Z 00000001800134ec f i MSVCRT:utility.obj
 0001:000124f8       ?configure_argv@__scrt_narrow_argv_policy@@SAHXZ 00000001800134f8 f i MSVCRT:utility.obj
 0001:00012558       ?initialize_environment@__scrt_narrow_environment_policy@@SAHXZ 0000000180013558 f i MSVCRT:utility.obj
 0001:00012590       NtCurrentTeb               0000000180013590 f i MSVCRT:utility.obj
 0001:0001259c       __scrt_acquire_startup_lock 000000018001359c f   MSVCRT:utility.obj
 0001:000125d8       __scrt_dllmain_after_initialize_c 00000001800135d8 f   MSVCRT:utility.obj
 0001:0001260c       __scrt_dllmain_before_initialize_c 000000018001360c f   MSVCRT:utility.obj
 0001:00012624       __scrt_dllmain_crt_thread_attach 0000000180013624 f   MSVCRT:utility.obj
 0001:0001264c       __scrt_dllmain_crt_thread_detach 000000018001364c f   MSVCRT:utility.obj
 0001:00012664       __scrt_dllmain_exception_filter 0000000180013664 f   MSVCRT:utility.obj
 0001:000126c4       __scrt_dllmain_uninitialize_c 00000001800136c4 f   MSVCRT:utility.obj
 0001:000126f4       __scrt_dllmain_uninitialize_critical 00000001800136f4 f   MSVCRT:utility.obj
 0001:00012708       __scrt_initialize_crt      0000000180013708 f   MSVCRT:utility.obj
 0001:00012754       __scrt_initialize_onexit_tables 0000000180013754 f   MSVCRT:utility.obj
 0001:0001282c       __scrt_is_nonwritable_in_current_image 000000018001382c f   MSVCRT:utility.obj
 0001:000128c8       __scrt_release_startup_lock 00000001800138c8 f   MSVCRT:utility.obj
 0001:000128ec       __scrt_uninitialize_crt    00000001800138ec f   MSVCRT:utility.obj
 0001:00012918       _onexit                    0000000180013918 f   MSVCRT:utility.obj
 0001:00012968       at_quick_exit              0000000180013968 f   MSVCRT:utility.obj
 0001:000129a0       atexit                     00000001800139a0 f   MSVCRT:utility.obj
 0001:000129b8       __scrt_get_dyn_tls_init_callback 00000001800139b8 f   MSVCRT:dyn_tls_init.obj
 0001:000129c0       __crt_debugger_hook        00000001800139c0 f   MSVCRT:utility_desktop.obj
 0001:000129c8       __scrt_fastfail            00000001800139c8 f   MSVCRT:utility_desktop.obj
 0001:00012b14       __scrt_get_show_window_mode 0000000180013b14 f   MSVCRT:utility_desktop.obj
 0001:00012b50       __scrt_initialize_mta      0000000180013b50 f   MSVCRT:utility_desktop.obj
 0001:00012b58       __scrt_initialize_winrt    0000000180013b58 f   MSVCRT:utility_desktop.obj
 0001:00012b5c       __scrt_is_managed_app      0000000180013b5c f   MSVCRT:utility_desktop.obj
 0001:00012bb0       __scrt_set_unhandled_exception_filter 0000000180013bb0 f   MSVCRT:utility_desktop.obj
 0001:00012bc0       __scrt_exe_initialize_mta  0000000180013bc0 f   MSVCRT:utility_desktop.obj
 0001:00012bc0       __scrt_stub_for_initialize_mta 0000000180013bc0 f   MSVCRT:utility_desktop.obj
 0001:00012bc4       __scrt_unhandled_exception_filter 0000000180013bc4 f   MSVCRT:utility_desktop.obj
 0001:00012bfc       _RTC_Initialize            0000000180013bfc f   MSVCRT:initsect.obj
 0001:00012c38       _RTC_Terminate             0000000180013c38 f   MSVCRT:initsect.obj
 0001:00012c74       _guard_check_icall_nop     0000000180013c74 f i MSVCRT:guard_support.obj
 0001:00012c78       ReadNoFence64              0000000180013c78 f i MSVCRT:guard_support.obj
 0001:00012c7c       ReadPointerNoFence         0000000180013c7c f i MSVCRT:guard_support.obj
 0001:00012c80       _guard_icall_checks_enforced 0000000180013c80 f i MSVCRT:guard_support.obj
 0001:00012c98       _guard_rf_checks_enforced  0000000180013c98 f i MSVCRT:guard_support.obj
 0001:00012c9c       __isa_available_init       0000000180013c9c f   MSVCRT:cpu_disp.obj
 0001:00012e58       _get_startup_argv_mode     0000000180013e58 f   MSVCRT:argv_mode.obj
 0001:00012e60       __scrt_is_ucrt_dll_in_use  0000000180013e60 f   MSVCRT:ucrt_detection.obj
 0001:00012e70       __C_specific_handler       0000000180013e70 f   vcruntime:VCRUNTIME140.dll
 0001:00012e76       __std_type_info_destroy_list 0000000180013e76 f   vcruntime:VCRUNTIME140.dll
 0001:00012e7c       memset                     0000000180013e7c f   vcruntime:VCRUNTIME140.dll
 0001:00012e82       _initterm                  0000000180013e82 f   ucrt:api-ms-win-crt-runtime-l1-1-0.dll
 0001:00012e88       _initterm_e                0000000180013e88 f   ucrt:api-ms-win-crt-runtime-l1-1-0.dll
 0001:00012e8e       _seh_filter_dll            0000000180013e8e f   ucrt:api-ms-win-crt-runtime-l1-1-0.dll
 0001:00012e94       _configure_narrow_argv     0000000180013e94 f   ucrt:api-ms-win-crt-runtime-l1-1-0.dll
 0001:00012e9a       _initialize_narrow_environment 0000000180013e9a f   ucrt:api-ms-win-crt-runtime-l1-1-0.dll
 0001:00012ea0       _initialize_onexit_table   0000000180013ea0 f   ucrt:api-ms-win-crt-runtime-l1-1-0.dll
 0001:00012ea6       _register_onexit_function  0000000180013ea6 f   ucrt:api-ms-win-crt-runtime-l1-1-0.dll
 0001:00012eac       _execute_onexit_table      0000000180013eac f   ucrt:api-ms-win-crt-runtime-l1-1-0.dll
 0001:00012eb2       _crt_atexit                0000000180013eb2 f   ucrt:api-ms-win-crt-runtime-l1-1-0.dll
 0001:00012eb8       _crt_at_quick_exit         0000000180013eb8 f   ucrt:api-ms-win-crt-runtime-l1-1-0.dll
 0001:00012ebe       _cexit                     0000000180013ebe f   ucrt:api-ms-win-crt-runtime-l1-1-0.dll
 0001:00012ec4       terminate                  0000000180013ec4 f   ucrt:api-ms-win-crt-runtime-l1-1-0.dll
 0001:00012eca       RtlCaptureContext          0000000180013eca f   kernel32:KERNEL32.dll
 0001:00012ed0       RtlLookupFunctionEntry     0000000180013ed0 f   kernel32:KERNEL32.dll
 0001:00012ed6       RtlVirtualUnwind           0000000180013ed6 f   kernel32:KERNEL32.dll
 0001:00012edc       UnhandledExceptionFilter   0000000180013edc f   kernel32:KERNEL32.dll
 0001:00012ee2       SetUnhandledExceptionFilter 0000000180013ee2 f   kernel32:KERNEL32.dll
 0001:00012ee8       GetCurrentProcess          0000000180013ee8 f   kernel32:KERNEL32.dll
 0001:00012eee       TerminateProcess           0000000180013eee f   kernel32:KERNEL32.dll
 0001:00012ef4       IsProcessorFeaturePresent  0000000180013ef4 f   kernel32:KERNEL32.dll
 0001:00012efa       QueryPerformanceCounter    0000000180013efa f   kernel32:KERNEL32.dll
 0001:00012f00       GetCurrentProcessId        0000000180013f00 f   kernel32:KERNEL32.dll
 0001:00012f06       GetCurrentThreadId         0000000180013f06 f   kernel32:KERNEL32.dll
 0001:00012f0c       GetSystemTimeAsFileTime    0000000180013f0c f   kernel32:KERNEL32.dll
 0001:00012f12       InitializeSListHead        0000000180013f12 f   kernel32:KERNEL32.dll
 0001:00012f18       IsDebuggerPresent          0000000180013f18 f   kernel32:KERNEL32.dll
 0001:00012f1e       GetStartupInfoW            0000000180013f1e f   kernel32:KERNEL32.dll
 0001:00012f24       GetModuleHandleW           0000000180013f24 f   kernel32:KERNEL32.dll
 0001:00012f2c       __acrt_initialize          0000000180013f2c f   MSVCRT:ucrt_stubs.obj
 0001:00012f2c       __vcrt_initialize          0000000180013f2c f   MSVCRT:ucrt_stubs.obj
 0001:00012f2c       __scrt_stub_for_acrt_initialize 0000000180013f2c f   MSVCRT:ucrt_stubs.obj
 0001:00012f30       __scrt_stub_for_acrt_thread_attach 0000000180013f30 f   MSVCRT:ucrt_stubs.obj
 0001:00012f30       __vcrt_thread_attach       0000000180013f30 f   MSVCRT:ucrt_stubs.obj
 0001:00012f30       __acrt_thread_attach       0000000180013f30 f   MSVCRT:ucrt_stubs.obj
 0001:00012f34       __acrt_thread_detach       0000000180013f34 f   MSVCRT:ucrt_stubs.obj
 0001:00012f34       __vcrt_thread_detach       0000000180013f34 f   MSVCRT:ucrt_stubs.obj
 0001:00012f34       __scrt_stub_for_acrt_thread_detach 0000000180013f34 f   MSVCRT:ucrt_stubs.obj
 0001:00012f38       __scrt_stub_for_acrt_uninitialize 0000000180013f38 f   MSVCRT:ucrt_stubs.obj
 0001:00012f38       __vcrt_uninitialize        0000000180013f38 f   MSVCRT:ucrt_stubs.obj
 0001:00012f38       __acrt_uninitialize        0000000180013f38 f   MSVCRT:ucrt_stubs.obj
 0001:00012f3c       __scrt_stub_for_acrt_uninitialize_critical 0000000180013f3c f   MSVCRT:ucrt_stubs.obj
 0001:00012f3c       __acrt_uninitialize_critical 0000000180013f3c f   MSVCRT:ucrt_stubs.obj
 0001:00012f3c       __vcrt_uninitialize_critical 0000000180013f3c f   MSVCRT:ucrt_stubs.obj
 0001:00012f40       _is_c_termination_complete 0000000180013f40 f   MSVCRT:ucrt_stubs.obj
 0001:00012f40       __scrt_stub_for_is_c_termination_complete 0000000180013f40 f   MSVCRT:ucrt_stubs.obj
 0001:00012f60       _guard_dispatch_icall_nop  0000000180013f60 f   MSVCRT:guard_dispatch.obj
 0002:00000000       __imp_HeapCreate           0000000180014000     kernel32:KERNEL32.dll
 0002:00000008       __imp_HeapDestroy          0000000180014008     kernel32:KERNEL32.dll
 0002:00000010       __imp_HeapAlloc            0000000180014010     kernel32:KERNEL32.dll
 0002:00000018       __imp_HeapFree             0000000180014018     kernel32:KERNEL32.dll
 0002:00000020       __imp_lstrcpyA             0000000180014020     kernel32:KERNEL32.dll
 0002:00000028       __imp_lstrcpyW             0000000180014028     kernel32:KERNEL32.dll
 0002:00000030       __imp_lstrlenW             0000000180014030     kernel32:KERNEL32.dll
 0002:00000038       __imp_GetStartupInfoW      0000000180014038     kernel32:KERNEL32.dll
 0002:00000040       __imp_IsDebuggerPresent    0000000180014040     kernel32:KERNEL32.dll
 0002:00000048       __imp_InitializeSListHead  0000000180014048     kernel32:KERNEL32.dll
 0002:00000050       __imp_GetSystemTimeAsFileTime 0000000180014050     kernel32:KERNEL32.dll
 0002:00000058       __imp_GetCurrentThreadId   0000000180014058     kernel32:KERNEL32.dll
 0002:00000060       __imp_GetCurrentProcessId  0000000180014060     kernel32:KERNEL32.dll
 0002:00000068       __imp_QueryPerformanceCounter 0000000180014068     kernel32:KERNEL32.dll
 0002:00000070       __imp_IsProcessorFeaturePresent 0000000180014070     kernel32:KERNEL32.dll
 0002:00000078       __imp_TerminateProcess     0000000180014078     kernel32:KERNEL32.dll
 0002:00000080       __imp_GetCurrentProcess    0000000180014080     kernel32:KERNEL32.dll
 0002:00000088       __imp_SetUnhandledExceptionFilter 0000000180014088     kernel32:KERNEL32.dll
 0002:00000090       __imp_UnhandledExceptionFilter 0000000180014090     kernel32:KERNEL32.dll
 0002:00000098       __imp_RtlVirtualUnwind     0000000180014098     kernel32:KERNEL32.dll
 0002:000000a0       __imp_GetModuleHandleW     00000001800140a0     kernel32:KERNEL32.dll
 0002:000000a8       __imp_RtlLookupFunctionEntry 00000001800140a8     kernel32:KERNEL32.dll
 0002:000000b0       __imp_RtlCaptureContext    00000001800140b0     kernel32:KERNEL32.dll
 0002:000000b8       \177KERNEL32_NULL_THUNK_DATA 00000001800140b8     kernel32:KERNEL32.dll
 0002:000000c0       __imp___C_specific_handler 00000001800140c0     vcruntime:VCRUNTIME140.dll
 0002:000000c8       __imp_memset               00000001800140c8     vcruntime:VCRUNTIME140.dll
 0002:000000d0       __imp___std_type_info_destroy_list 00000001800140d0     vcruntime:VCRUNTIME140.dll
 0002:000000d8       \177VCRUNTIME140_NULL_THUNK_DATA 00000001800140d8     vcruntime:VCRUNTIME140.dll
 0002:000000e0       __imp__register_onexit_function 00000001800140e0     ucrt:api-ms-win-crt-runtime-l1-1-0.dll
 0002:000000e8       __imp__initialize_onexit_table 00000001800140e8     ucrt:api-ms-win-crt-runtime-l1-1-0.dll
 0002:000000f0       __imp__crt_at_quick_exit   00000001800140f0     ucrt:api-ms-win-crt-runtime-l1-1-0.dll
 0002:000000f8       __imp__configure_narrow_argv 00000001800140f8     ucrt:api-ms-win-crt-runtime-l1-1-0.dll
 0002:00000100       __imp__seh_filter_dll      0000000180014100     ucrt:api-ms-win-crt-runtime-l1-1-0.dll
 0002:00000108       __imp__initterm_e          0000000180014108     ucrt:api-ms-win-crt-runtime-l1-1-0.dll
 0002:00000110       __imp__initterm            0000000180014110     ucrt:api-ms-win-crt-runtime-l1-1-0.dll
 0002:00000118       __imp__execute_onexit_table 0000000180014118     ucrt:api-ms-win-crt-runtime-l1-1-0.dll
 0002:00000120       __imp__cexit               0000000180014120     ucrt:api-ms-win-crt-runtime-l1-1-0.dll
 0002:00000128       __imp__initialize_narrow_environment 0000000180014128     ucrt:api-ms-win-crt-runtime-l1-1-0.dll
 0002:00000130       __imp_terminate            0000000180014130     ucrt:api-ms-win-crt-runtime-l1-1-0.dll
 0002:00000138       __imp__crt_atexit          0000000180014138     ucrt:api-ms-win-crt-runtime-l1-1-0.dll
 0002:00000140       \177api-ms-win-crt-runtime-l1-1-0_NULL_THUNK_DATA 0000000180014140     ucrt:api-ms-win-crt-runtime-l1-1-0.dll
 0002:00000148       __guard_check_icall_fptr   0000000180014148     MSVCRT:guard_support.obj
 0002:00000150       __guard_dispatch_icall_fptr 0000000180014150     MSVCRT:guard_support.obj
 0002:00000158       __xc_a                     0000000180014158     MSVCRT:initializers.obj
 0002:00000160       __xc_z                     0000000180014160     MSVCRT:initializers.obj
 0002:00000168       __xi_a                     0000000180014168     MSVCRT:initializers.obj
 0002:00000170       __xi_z                     0000000180014170     MSVCRT:initializers.obj
 0002:00000178       __xp_a                     0000000180014178     MSVCRT:initializers.obj
 0002:00000180       __xp_z                     0000000180014180     MSVCRT:initializers.obj
 0002:00000188       __xt_a                     0000000180014188     MSVCRT:initializers.obj
 0002:00000190       __xt_z                     0000000180014190     MSVCRT:initializers.obj
 0002:000001a0       ??_C@_13DEFPDAGF@?$AA?0@   00000001800141a0     pmc_parse.obj
 0002:000001a4       ??_C@_13JOFGPIOO@?$AA?4@   00000001800141a4     pmc_parse.obj
 0002:000001a8       ??_C@_01EKENIIDA@3@        00000001800141a8     pmc_parse.obj
 0002:000001ac       ??_C@_13KJIIAINM@?$AA?$CL@ 00000001800141ac     pmc_parse.obj
 0002:000001b0       ??_C@_13IMODFHAA@?$AA?9@   00000001800141b0     pmc_parse.obj
 0002:000001b8       _pDefaultRawDllMain        00000001800141b8     MSVCRT:dll_dllmain.obj
 0002:000001b8       _pRawDllMain               00000001800141b8     MSVCRT:dll_dllmain.obj
 0002:00000230       _load_config_used          0000000180014230     MSVCRT:loadcfg.obj
 0002:00000618       __rtc_iaa                  0000000180014618     MSVCRT:initsect.obj
 0002:00000620       __rtc_izz                  0000000180014620     MSVCRT:initsect.obj
 0002:00000628       __rtc_taa                  0000000180014628     MSVCRT:initsect.obj
 0002:00000630       __rtc_tzz                  0000000180014630     MSVCRT:initsect.obj
 0002:00001588       __IMPORT_DESCRIPTOR_KERNEL32 0000000180015588     kernel32:KERNEL32.dll
 0002:0000159c       __IMPORT_DESCRIPTOR_VCRUNTIME140 000000018001559c     vcruntime:VCRUNTIME140.dll
 0002:000015b0       __IMPORT_DESCRIPTOR_api-ms-win-crt-runtime-l1-1-0 00000001800155b0     ucrt:api-ms-win-crt-runtime-l1-1-0.dll
 0002:000015c4       __NULL_IMPORT_DESCRIPTOR   00000001800155c4     kernel32:KERNEL32.dll
 0003:00000070       __security_cookie_complement 0000000180016070     MSVCRT:gs_cookie.obj
 0003:00000078       __security_cookie          0000000180016078     MSVCRT:gs_cookie.obj
 0003:00000080       __scrt_native_dllmain_reason 0000000180016080     MSVCRT:utility.obj
 0003:00000088       __isa_available            0000000180016088     MSVCRT:cpu_disp.obj
 0003:0000008c       __isa_enabled              000000018001608c     MSVCRT:cpu_disp.obj
 0003:00000090       __memcpy_nt_iters          0000000180016090     MSVCRT:cpu_disp.obj
 0003:000000a0       __scrt_ucrt_dll_is_in_use  00000001800160a0     MSVCRT:ucrt_stubs.obj
 0003:000008d0       ?__type_info_root_node@@3U__type_info_node@@A 00000001800168d0     MSVCRT:tncleanup.obj
 0003:000008e0       ?_OptionsStorage@?1??__local_stdio_printf_options@@9@4_KA 00000001800168e0     MSVCRT:default_local_stdio_options.obj
 0003:000008e8       ?_OptionsStorage@?1??__local_stdio_scanf_options@@9@4_KA 00000001800168e8     MSVCRT:default_local_stdio_options.obj
 0003:000008f0       __scrt_current_native_startup_state 00000001800168f0     MSVCRT:utility.obj
 0003:000008f8       __scrt_native_startup_lock 00000001800168f8     MSVCRT:utility.obj
 0003:00000938       __scrt_debugger_hook_flag  0000000180016938     MSVCRT:utility_desktop.obj
 0003:0000093c       __favor                    000000018001693c     MSVCRT:cpu_disp.obj
 0003:00000940       statistics_info            0000000180016940     <common>
 0003:00000950       configuration_info         0000000180016950     <common>
 0003:00000958       hLocalHeap                 0000000180016958     <common>
 0003:00000960       number_one                 0000000180016960     <common>
 0003:000009a0       number_zero                00000001800169a0     <common>
 0003:000009d8       __dyn_tls_init_callback    00000001800169d8     <common>

 entry point at        0001:00011f68

 Static symbols

 0000:fffe6000       .debug$S                   0000000180000000     vcruntime:VCRUNTIME140.dll
 0000:fffe6000       .debug$S                   0000000180000000     kernel32:KERNEL32.dll
 0000:fffe6000       .debug$S                   0000000180000000     kernel32:KERNEL32.dll
 0000:fffe6000       .debug$S                   0000000180000000     kernel32:KERNEL32.dll
 0000:fffe6000       .debug$S                   0000000180000000     kernel32:KERNEL32.dll
 0000:fffe6000       .debug$S                   0000000180000000     kernel32:KERNEL32.dll
 0002:fffec000       __guard_fids___scrt_set_unhandled_exception_filter 0000000180000000     MSVCRT:utility_desktop.obj
 0000:fffe6000       .debug$S                   0000000180000000     Palmtree.Math.Core.Implements.exp
 0000:fffe6000       .debug$S                   0000000180000000     kernel32:KERNEL32.dll
 0000:fffe6000       .debug$S                   0000000180000000     kernel32:KERNEL32.dll
 0000:fffe6000       .debug$S                   0000000180000000     kernel32:KERNEL32.dll
 0000:fffe6000       .debug$S                   0000000180000000     kernel32:KERNEL32.dll
 0000:fffe6000       .debug$S                   0000000180000000     kernel32:KERNEL32.dll
 0000:fffe6000       .debug$S                   0000000180000000     kernel32:KERNEL32.dll
 0000:fffe6000       .debug$S                   0000000180000000     kernel32:KERNEL32.dll
 0000:fffe6000       .debug$S                   0000000180000000     kernel32:KERNEL32.dll
 0000:fffe6000       .debug$S                   0000000180000000     kernel32:KERNEL32.dll
 0000:fffe6000       .debug$S                   0000000180000000     kernel32:KERNEL32.dll
 0000:fffe6000       .debug$S                   0000000180000000     kernel32:KERNEL32.dll
 0000:fffe6000       .debug$S                   0000000180000000     kernel32:KERNEL32.dll
 0000:fffe6000       .debug$S                   0000000180000000     kernel32:KERNEL32.dll
 0000:fffe6000       .debug$S                   0000000180000000     kernel32:KERNEL32.dll
 0000:fffe6000       .debug$S                   0000000180000000     kernel32:KERNEL32.dll
 0000:fffe6000       .debug$S                   0000000180000000     kernel32:KERNEL32.dll
 0000:fffe6000       .debug$S                   0000000180000000     kernel32:KERNEL32.dll
 0000:fffe6000       .debug$S                   0000000180000000     kernel32:KERNEL32.dll
 0000:fffe6000       .debug$S                   0000000180000000     ucrt:api-ms-win-crt-runtime-l1-1-0.dll
 0000:fffe6000       .debug$S                   0000000180000000     ucrt:api-ms-win-crt-runtime-l1-1-0.dll
 0000:fffe6000       .debug$S                   0000000180000000     ucrt:api-ms-win-crt-runtime-l1-1-0.dll
 0000:fffe6000       .debug$S                   0000000180000000     ucrt:api-ms-win-crt-runtime-l1-1-0.dll
 0000:fffe6000       .debug$S                   0000000180000000     ucrt:api-ms-win-crt-runtime-l1-1-0.dll
 0000:fffe6000       .debug$S                   0000000180000000     ucrt:api-ms-win-crt-runtime-l1-1-0.dll
 0000:fffe6000       .debug$S                   0000000180000000     ucrt:api-ms-win-crt-runtime-l1-1-0.dll
 0000:fffe6000       .debug$S                   0000000180000000     ucrt:api-ms-win-crt-runtime-l1-1-0.dll
 0000:fffe6000       .debug$S                   0000000180000000     ucrt:api-ms-win-crt-runtime-l1-1-0.dll
 0000:fffe6000       .debug$S                   0000000180000000     ucrt:api-ms-win-crt-runtime-l1-1-0.dll
 0000:fffe6000       .debug$S                   0000000180000000     ucrt:api-ms-win-crt-runtime-l1-1-0.dll
 0000:fffe6000       .debug$S                   0000000180000000     ucrt:api-ms-win-crt-runtime-l1-1-0.dll
 0002:fffec000       __guard_fids_?dllmain_dispatch@@YAHQEAUHINSTANCE__@@KQEAX@Z 0000000180000000     MSVCRT:dll_dllmain.obj
 0002:fffec000       __guard_fids__             0000000180000000     MSVCRT:guard_support.obj
 0000:fffe6000       .debug$S                   0000000180000000     vcruntime:VCRUNTIME140.dll
 0000:fffe6000       .debug$S                   0000000180000000     vcruntime:VCRUNTIME140.dll
 0002:fffec000       __guard_fids__guard_icall_checks_enforced 0000000180000000     MSVCRT:guard_support.obj
 0001:00000240       CalculateCheckCode         0000000180001240 f   memory.obj
 0001:000004f0       CleanUpNumber              00000001800014f0 f   memory.obj
 0001:00000870       InitializeNumber           0000000180001870 f   memory.obj
 0001:00000ad0       Add_Imp_using_ADC          0000000180001ad0 f   pmc_add.obj
 0001:00000ec0       Add_Imp_using_ADCX         0000000180001ec0 f   pmc_add.obj
 0001:000010a0       DoCarry                    00000001800020a0 f   pmc_add.obj
 0001:00001250       PMC_Add_X_I_Imp            0000000180002250 f   pmc_add.obj
 0001:000013f0       PMC_Add_X_L_Imp            00000001800023f0 f   pmc_add.obj
 0001:000016d0       _ADD_16WORDS_ADC           00000001800026d0 f   pmc_add.obj
 0001:000017a0       _ADD_16WORDS_ADCX          00000001800027a0 f   pmc_add.obj
 0001:000018a0       _ADD_32WORDS_ADCX          00000001800028a0 f   pmc_add.obj
 0001:00001b20       BitwiseAnd_X_X             0000000180002b20 f   pmc_bitwiseand.obj
 0001:00002160       BitwiseOr_X_X              0000000180003160 f   pmc_bitwiseor.obj
 0001:000025d0       PMC_BitwiseOr_X_I_Imp      00000001800035d0 f   pmc_bitwiseor.obj
 0001:00002730       PMC_BitwiseOr_X_L_Imp      0000000180003730 f   pmc_bitwiseor.obj
 0001:00002f50       AddOneLine                 0000000180003f50 f   pmc_divrem.obj
 0001:000032b0       AddOneLineX                00000001800042b0 f   pmc_divrem.obj
 0001:00003d60       DivRem_X_X_using_ADC_MUL   0000000180004d60 f   pmc_divrem.obj
 0001:00004040       DivRem_X_X_using_ADX_MULX  0000000180005040 f   pmc_divrem.obj
 0001:00004da0       SubtructOneLine            0000000180005da0 f   pmc_divrem.obj
 0001:00005a20       SubtructOneLineX           0000000180006a20 f   pmc_divrem.obj
 0001:00006760       _ADD_16WORDS_ADCX_DIV      0000000180007760 f   pmc_divrem.obj
 0001:000069b0       PMC_Equals_X_I_Imp         00000001800079b0 f   pmc_equals.obj
 0001:00006a70       PMC_Equals_X_L_Imp         0000000180007a70 f   pmc_equals.obj
 0001:00006bb0       ExclusiveOr_X_X            0000000180007bb0 f   pmc_exclusiveor.obj
 0001:00007020       PMC_ExclusiveOr_X_I_Imp    0000000180008020 f   pmc_exclusiveor.obj
 0001:00007190       PMC_ExclusiveOr_X_L_Imp    0000000180008190 f   pmc_exclusiveor.obj
 0001:000075d0       GreatestCommonDivisor_Imp  00000001800085d0 f   pmc_greatestcommondivisor.obj
 0001:00007800       PMC_GreatestCommonDivisor_X_I_Imp 0000000180008800 f   pmc_greatestcommondivisor.obj
 0001:00007ae0       PMC_GreatestCommonDivisor_X_L_Imp 0000000180008ae0 f   pmc_greatestcommondivisor.obj
 0001:00008510       ModulePower                0000000180009510 f   pmc_modpow.obj
 0001:00008d20       PMC_ModPow_X_X_X_Imp       0000000180009d20 f   pmc_modpow.obj
 0001:00008fa0       Multiply_WORD_using_MULX_ADCX 0000000180009fa0 f   pmc_multiply.obj
 0001:00009c20       Multiply_WORD_using_MUL_ADC 000000018000ac20 f   pmc_multiply.obj
 0001:0000a7d0       Multiply_X_1W_using_MULX_ADCX 000000018000b7d0 f   pmc_multiply.obj
 0001:0000a7e0       Multiply_X_1W_using_MUL_ADC 000000018000b7e0 f   pmc_multiply.obj
 0001:0000a7f0       Multiply_X_2W_using_MULX_ADCX 000000018000b7f0 f   pmc_multiply.obj
 0001:0000a850       Multiply_X_2W_using_MUL_ADC 000000018000b850 f   pmc_multiply.obj
 0001:0000a8c0       Multiply_X_X_using_MULX_ADCX 000000018000b8c0 f   pmc_multiply.obj
 0001:0000a950       Multiply_X_X_using_MUL_ADC 000000018000b950 f   pmc_multiply.obj
 0001:0000ab00       PMC_Multiply_X_I_Imp       000000018000bb00 f   pmc_multiply.obj
 0001:0000ac60       PMC_Multiply_X_L_Imp       000000018000bc60 f   pmc_multiply.obj
 0001:0000aee0       Build1WordFromDecimalString 000000018000bee0 f   pmc_parse.obj
 0001:0000b050       Build1WordFromHexString    000000018000c050 f   pmc_parse.obj
 0001:0000b220       InitializeParserState      000000018000c220 f   pmc_parse.obj
 0001:0000b3b0       MultiplyAndAdd_using_ADCX_MULX 000000018000c3b0 f   pmc_parse.obj
 0001:0000bd60       MultiplyAndAdd_using_ADC_MUL 000000018000cd60 f   pmc_parse.obj
 0001:0000c740       Parse1DigitFromHexChar     000000018000d740 f   pmc_parse.obj
 0001:0000c780       $LN10                      000000018000d780     pmc_parse.obj
 0001:0000c790       $LN9                       000000018000d790     pmc_parse.obj
 0001:0000c7d0       ParseAsDecimalNumberString 000000018000d7d0 f   pmc_parse.obj
 0001:0000cf20       ParseAsIntegerPartNumberSequence 000000018000df20 f   pmc_parse.obj
 0001:0000cfe0       TryParseDN                 000000018000dfe0 f   pmc_parse.obj
 0001:0000d410       TryParseX                  000000018000e410 f   pmc_parse.obj
 0001:0000d6d0       $LN73                      000000018000e6d0     pmc_parse.obj
 0001:0000d6e0       $LN72                      000000018000e6e0     pmc_parse.obj
 0001:0000d790       PMC_Pow_X_I_Imp            000000018000e790 f   pmc_pow.obj
 0001:00010590       Subtruct_X_1W              0000000180011590 f   pmc_subtruct.obj
 0001:00010610       _SUBTRUCT_16WORDS_SBB      0000000180011610 f   pmc_subtruct.obj
 0001:00010840       OutputOneChar              0000000180011840 f   pmc_tostring.obj
 0001:00010a58       $LN17                      0000000180011a58     pmc_tostring.obj
 0001:00010a6c       $LN16                      0000000180011a6c     pmc_tostring.obj
 0001:00010ab0       PrintDecimal               0000000180011ab0 f   pmc_tostring.obj
 0001:000113f0       ToStringDN                 00000001800123f0 f   pmc_tostring.obj
 0001:00011740       ToStringX                  0000000180012740 f   pmc_tostring.obj
 0001:00011870       ToStringX_1WORD            0000000180012870 f   pmc_tostring.obj
 0001:00011be0       $$000000                   0000000180012be0     MSVCRT:amdsecgs.obj
 0001:00011c14       ?dllmain_crt_dispatch@@YAHQEAUHINSTANCE__@@KQEAX@Z 0000000180012c14 f   MSVCRT:dll_dllmain.obj
 0001:00011c64       ?dllmain_crt_process_attach@@YAHQEAUHINSTANCE__@@QEAX@Z 0000000180012c64 f   MSVCRT:dll_dllmain.obj
 0001:00011d80       ?dllmain_crt_process_detach@@YAH_N@Z 0000000180012d80 f   MSVCRT:dll_dllmain.obj
 0001:00011e10       ?dllmain_dispatch@@YAHQEAUHINSTANCE__@@KQEAX@Z 0000000180012e10 f   MSVCRT:dll_dllmain.obj
 0001:00011f44       ?dllmain_raw@@YAHQEAUHINSTANCE__@@KQEAX@Z 0000000180012f44 f   MSVCRT:dll_dllmain.obj
 0001:00012270       capture_current_context    0000000180013270 f   MSVCRT:gs_report.obj
 0001:000122e0       capture_previous_context   00000001800132e0 f   MSVCRT:gs_report.obj
 0001:00012354       __get_entropy              0000000180013354 f   MSVCRT:gs_support.obj
 0001:0001250c       ?find_pe_section@@YAPEAU_IMAGE_SECTION_HEADER@@QEAE_K@Z 000000018001350c f   MSVCRT:utility.obj
 0001:00012560       ?is_potentially_valid_image_base@@YA_NQEAX@Z 0000000180013560 f   MSVCRT:utility.obj
 0001:00012f50       $$000000                   0000000180013f50     MSVCRT:guard_dispatch.obj
 0001:00012f62       ?fin$0@?0??dllmain_crt_process_attach@@YAHQEAUHINSTANCE__@@QEAX@Z@4HA 0000000180013f62 f   MSVCRT:dll_dllmain.obj
 0001:00012f79       ?fin$0@?0??dllmain_crt_process_detach@@YAH_N@Z@4HA 0000000180013f79 f   MSVCRT:dll_dllmain.obj
 0001:00012f95       ?filt$0@?0??dllmain_dispatch@@YAHQEAUHINSTANCE__@@KQEAX@Z@4HA 0000000180013f95 f   MSVCRT:dll_dllmain.obj
 0001:00012fcb       __scrt_is_nonwritable_in_current_image$filt$0 0000000180013fcb f   MSVCRT:utility.obj
 0002:000001c0       GS_ExceptionPointers       00000001800141c0     MSVCRT:gs_report.obj
 0002:00000638       $unwind$GetCPUInfo         0000000180014638     cpuid.obj
 0002:00000644       $unwind$DllMain            0000000180014644     dllmain.obj
 0002:0000064c       $unwind$AllocateHeapArea   000000018001464c     memory.obj
 0002:00000654       $unwind$DeallocateHeapArea 0000000180014654     memory.obj
 0002:0000065c       $unwind$AllocateBlock      000000018001465c     memory.obj
 0002:0000066c       $unwind$DeallocateBlock    000000018001466c     memory.obj
 0002:00000674       $chain$0$DeallocateBlock   0000000180014674     memory.obj
 0002:00000688       $chain$1$DeallocateBlock   0000000180014688     memory.obj
 0002:00000698       $unwind$AttatchNumber      0000000180014698     memory.obj
 0002:000006a0       $unwind$AllocateNumber     00000001800146a0     memory.obj
 0002:000006b4       $unwind$DeallocateNumber   00000001800146b4     memory.obj
 0002:000006bc       $unwind$CommitNumber       00000001800146bc     memory.obj
 0002:000006c4       $unwind$DuplicateNumber    00000001800146c4     memory.obj
 0002:000006d8       $unwind$Initialize_Memory  00000001800146d8     memory.obj
 0002:000006e4       $unwind$PMC_Dispose        00000001800146e4     memory.obj
 0002:000006ec       $unwind$InitializeNumber   00000001800146ec     memory.obj
 0002:00000704       $unwind$CleanUpNumber      0000000180014704     memory.obj
 0002:0000070c       $chain$0$CleanUpNumber     000000018001470c     memory.obj
 0002:00000720       $chain$1$CleanUpNumber     0000000180014720     memory.obj
 0002:00000730       $unwind$PMC_Add_I_X        0000000180014730     pmc_add.obj
 0002:00000740       $unwind$PMC_Add_L_X        0000000180014740     pmc_add.obj
 0002:00000750       $unwind$PMC_Add_X_I        0000000180014750     pmc_add.obj
 0002:00000760       $unwind$PMC_Add_X_L        0000000180014760     pmc_add.obj
 0002:00000770       $unwind$PMC_Add_X_X        0000000180014770     pmc_add.obj
 0002:00000780       $unwind$Add_Imp_using_ADC  0000000180014780     pmc_add.obj
 0002:0000078c       $unwind$Add_Imp_using_ADCX 000000018001478c     pmc_add.obj
 0002:00000798       $unwind$PMC_Add_X_I_Imp    0000000180014798     pmc_add.obj
 0002:000007a8       $unwind$PMC_Add_X_L_Imp    00000001800147a8     pmc_add.obj
 0002:000007b8       $unwind$PMC_BitwiseAnd_I_X 00000001800147b8     pmc_bitwiseand.obj
 0002:000007c8       $unwind$PMC_BitwiseAnd_L_X 00000001800147c8     pmc_bitwiseand.obj
 0002:000007d8       $unwind$PMC_BitwiseAnd_X_I 00000001800147d8     pmc_bitwiseand.obj
 0002:000007e8       $unwind$PMC_BitwiseAnd_X_L 00000001800147e8     pmc_bitwiseand.obj
 0002:000007f8       $unwind$PMC_BitwiseAnd_X_X 00000001800147f8     pmc_bitwiseand.obj
 0002:00000804       $chain$0$PMC_BitwiseAnd_X_X 0000000180014804     pmc_bitwiseand.obj
 0002:00000818       $chain$1$PMC_BitwiseAnd_X_X 0000000180014818     pmc_bitwiseand.obj
 0002:00000828       $unwind$BitwiseAnd_X_X     0000000180014828     pmc_bitwiseand.obj
 0002:00000830       $chain$2$BitwiseAnd_X_X    0000000180014830     pmc_bitwiseand.obj
 0002:0000084c       $chain$3$BitwiseAnd_X_X    000000018001484c     pmc_bitwiseand.obj
 0002:00000860       $chain$4$BitwiseAnd_X_X    0000000180014860     pmc_bitwiseand.obj
 0002:00000870       $unwind$PMC_BitwiseOr_I_X  0000000180014870     pmc_bitwiseor.obj
 0002:00000880       $unwind$PMC_BitwiseOr_L_X  0000000180014880     pmc_bitwiseor.obj
 0002:00000890       $unwind$PMC_BitwiseOr_X_I  0000000180014890     pmc_bitwiseor.obj
 0002:000008a0       $unwind$PMC_BitwiseOr_X_L  00000001800148a0     pmc_bitwiseor.obj
 0002:000008b0       $unwind$PMC_BitwiseOr_X_X  00000001800148b0     pmc_bitwiseor.obj
 0002:000008bc       $chain$0$PMC_BitwiseOr_X_X 00000001800148bc     pmc_bitwiseor.obj
 0002:000008d0       $chain$1$PMC_BitwiseOr_X_X 00000001800148d0     pmc_bitwiseor.obj
 0002:000008e0       $chain$2$PMC_BitwiseOr_X_X 00000001800148e0     pmc_bitwiseor.obj
 0002:000008f4       $chain$3$PMC_BitwiseOr_X_X 00000001800148f4     pmc_bitwiseor.obj
 0002:00000904       $unwind$BitwiseOr_X_X      0000000180014904     pmc_bitwiseor.obj
 0002:00000918       $unwind$PMC_BitwiseOr_X_I_Imp 0000000180014918     pmc_bitwiseor.obj
 0002:0000092c       $unwind$PMC_BitwiseOr_X_L_Imp 000000018001492c     pmc_bitwiseor.obj
 0002:00000940       $unwind$PMC_FromByteArray  0000000180014940     pmc_bytes.obj
 0002:0000094c       $chain$0$PMC_FromByteArray 000000018001494c     pmc_bytes.obj
 0002:00000960       $chain$2$PMC_FromByteArray 0000000180014960     pmc_bytes.obj
 0002:00000974       $chain$3$PMC_FromByteArray 0000000180014974     pmc_bytes.obj
 0002:00000984       $unwind$PMC_ToByteArray    0000000180014984     pmc_bytes.obj
 0002:00000998       $unwind$PMC_Compare_I_X    0000000180014998     pmc_compare.obj
 0002:000009a8       $unwind$PMC_Compare_L_X    00000001800149a8     pmc_compare.obj
 0002:000009b8       $unwind$PMC_Compare_X_I    00000001800149b8     pmc_compare.obj
 0002:000009c8       $unwind$PMC_Compare_X_L    00000001800149c8     pmc_compare.obj
 0002:000009d8       $unwind$PMC_Compare_X_X    00000001800149d8     pmc_compare.obj
 0002:000009e8       $unwind$DivRem_X_X         00000001800149e8     pmc_divrem.obj
 0002:000009f4       $unwind$PMC_DivRem_I_X     00000001800149f4     pmc_divrem.obj
 0002:00000a08       $unwind$PMC_DivRem_L_X     0000000180014a08     pmc_divrem.obj
 0002:00000a24       $unwind$PMC_DivRem_X_I     0000000180014a24     pmc_divrem.obj
 0002:00000a38       $unwind$PMC_DivRem_X_L     0000000180014a38     pmc_divrem.obj
 0002:00000a48       $chain$1$PMC_DivRem_X_L    0000000180014a48     pmc_divrem.obj
 0002:00000a60       $chain$2$PMC_DivRem_X_L    0000000180014a60     pmc_divrem.obj
 0002:00000a70       $chain$3$PMC_DivRem_X_L    0000000180014a70     pmc_divrem.obj
 0002:00000a88       $chain$4$PMC_DivRem_X_L    0000000180014a88     pmc_divrem.obj
 0002:00000a98       $unwind$PMC_DivRem_X_X     0000000180014a98     pmc_divrem.obj
 0002:00000aac       $chain$0$PMC_DivRem_X_X    0000000180014aac     pmc_divrem.obj
 0002:00000ac0       $chain$1$PMC_DivRem_X_X    0000000180014ac0     pmc_divrem.obj
 0002:00000ad0       $chain$2$PMC_DivRem_X_X    0000000180014ad0     pmc_divrem.obj
 0002:00000ae4       $chain$3$PMC_DivRem_X_X    0000000180014ae4     pmc_divrem.obj
 0002:00000af4       $unwind$SubtructOneLine    0000000180014af4     pmc_divrem.obj
 0002:00000b0c       $unwind$SubtructOneLineX   0000000180014b0c     pmc_divrem.obj
 0002:00000b24       $unwind$AddOneLine         0000000180014b24     pmc_divrem.obj
 0002:00000b2c       $unwind$AddOneLineX        0000000180014b2c     pmc_divrem.obj
 0002:00000b38       $unwind$DivRem_X_X_using_ADC_MUL 0000000180014b38     pmc_divrem.obj
 0002:00000b50       $unwind$DivRem_X_X_using_ADX_MULX 0000000180014b50     pmc_divrem.obj
 0002:00000b68       $unwind$PMC_Equals_I_X     0000000180014b68     pmc_equals.obj
 0002:00000b78       $unwind$PMC_Equals_L_X     0000000180014b78     pmc_equals.obj
 0002:00000b88       $unwind$PMC_Equals_X_I     0000000180014b88     pmc_equals.obj
 0002:00000b98       $unwind$PMC_Equals_X_L     0000000180014b98     pmc_equals.obj
 0002:00000ba8       $unwind$PMC_Equals_X_X     0000000180014ba8     pmc_equals.obj
 0002:00000bb8       $unwind$PMC_ExclusiveOr_I_X 0000000180014bb8     pmc_exclusiveor.obj
 0002:00000bc8       $unwind$PMC_ExclusiveOr_L_X 0000000180014bc8     pmc_exclusiveor.obj
 0002:00000bd8       $unwind$PMC_ExclusiveOr_X_I 0000000180014bd8     pmc_exclusiveor.obj
 0002:00000be8       $unwind$PMC_ExclusiveOr_X_L 0000000180014be8     pmc_exclusiveor.obj
 0002:00000bf8       $unwind$PMC_ExclusiveOr_X_X 0000000180014bf8     pmc_exclusiveor.obj
 0002:00000c04       $chain$0$PMC_ExclusiveOr_X_X 0000000180014c04     pmc_exclusiveor.obj
 0002:00000c18       $chain$1$PMC_ExclusiveOr_X_X 0000000180014c18     pmc_exclusiveor.obj
 0002:00000c28       $chain$2$PMC_ExclusiveOr_X_X 0000000180014c28     pmc_exclusiveor.obj
 0002:00000c3c       $chain$4$PMC_ExclusiveOr_X_X 0000000180014c3c     pmc_exclusiveor.obj
 0002:00000c50       $chain$5$PMC_ExclusiveOr_X_X 0000000180014c50     pmc_exclusiveor.obj
 0002:00000c60       $unwind$ExclusiveOr_X_X    0000000180014c60     pmc_exclusiveor.obj
 0002:00000c74       $unwind$PMC_ExclusiveOr_X_I_Imp 0000000180014c74     pmc_exclusiveor.obj
 0002:00000c88       $unwind$PMC_ExclusiveOr_X_L_Imp 0000000180014c88     pmc_exclusiveor.obj
 0002:00000c9c       $unwind$From_I_Imp         0000000180014c9c     pmc_from.obj
 0002:00000ca8       $unwind$From_L_Imp         0000000180014ca8     pmc_from.obj
 0002:00000cb4       $unwind$PMC_From_I         0000000180014cb4     pmc_from.obj
 0002:00000cc0       $unwind$PMC_From_L         0000000180014cc0     pmc_from.obj
 0002:00000ccc       $unwind$PMC_GreatestCommonDivisor_I_X 0000000180014ccc     pmc_greatestcommondivisor.obj
 0002:00000cdc       $unwind$PMC_GreatestCommonDivisor_L_X 0000000180014cdc     pmc_greatestcommondivisor.obj
 0002:00000cec       $unwind$PMC_GreatestCommonDivisor_X_I 0000000180014cec     pmc_greatestcommondivisor.obj
 0002:00000cfc       $unwind$PMC_GreatestCommonDivisor_X_L 0000000180014cfc     pmc_greatestcommondivisor.obj
 0002:00000d0c       $unwind$PMC_GreatestCommonDivisor_X_X 0000000180014d0c     pmc_greatestcommondivisor.obj
 0002:00000d24       $unwind$GreatestCommonDivisor_Imp 0000000180014d24     pmc_greatestcommondivisor.obj
 0002:00000d3c       $unwind$PMC_GreatestCommonDivisor_X_I_Imp 0000000180014d3c     pmc_greatestcommondivisor.obj
 0002:00000d50       $chain$0$PMC_GreatestCommonDivisor_X_I_Imp 0000000180014d50     pmc_greatestcommondivisor.obj
 0002:00000d64       $chain$1$PMC_GreatestCommonDivisor_X_I_Imp 0000000180014d64     pmc_greatestcommondivisor.obj
 0002:00000d74       $unwind$PMC_GreatestCommonDivisor_X_L_Imp 0000000180014d74     pmc_greatestcommondivisor.obj
 0002:00000d88       $chain$0$PMC_GreatestCommonDivisor_X_L_Imp 0000000180014d88     pmc_greatestcommondivisor.obj
 0002:00000d9c       $chain$1$PMC_GreatestCommonDivisor_X_L_Imp 0000000180014d9c     pmc_greatestcommondivisor.obj
 0002:00000dac       $unwind$PMC_Initialize     0000000180014dac     pmc_initialize.obj
 0002:00000db4       $unwind$PMC_ModPow_X_X_X   0000000180014db4     pmc_modpow.obj
 0002:00000dc8       $unwind$ModulePower        0000000180014dc8     pmc_modpow.obj
 0002:00000de4       $chain$2$ModulePower       0000000180014de4     pmc_modpow.obj
 0002:00000df8       $chain$3$ModulePower       0000000180014df8     pmc_modpow.obj
 0002:00000e08       $unwind$PMC_ModPow_X_X_X_Imp 0000000180014e08     pmc_modpow.obj
 0002:00000e20       $unwind$PMC_Multiply_I_X   0000000180014e20     pmc_multiply.obj
 0002:00000e30       $unwind$PMC_Multiply_L_X   0000000180014e30     pmc_multiply.obj
 0002:00000e40       $unwind$PMC_Multiply_X_I   0000000180014e40     pmc_multiply.obj
 0002:00000e50       $unwind$PMC_Multiply_X_L   0000000180014e50     pmc_multiply.obj
 0002:00000e60       $unwind$PMC_Multiply_X_X   0000000180014e60     pmc_multiply.obj
 0002:00000e70       $unwind$Multiply_WORD_using_MUL_ADC 0000000180014e70     pmc_multiply.obj
 0002:00000e88       $unwind$Multiply_WORD_using_MULX_ADCX 0000000180014e88     pmc_multiply.obj
 0002:00000ea0       $unwind$Multiply_X_2W_using_MUL_ADC 0000000180014ea0     pmc_multiply.obj
 0002:00000eb4       $unwind$Multiply_X_2W_using_MULX_ADCX 0000000180014eb4     pmc_multiply.obj
 0002:00000ec8       $unwind$Multiply_X_X_using_MUL_ADC 0000000180014ec8     pmc_multiply.obj
 0002:00000ee0       $unwind$Multiply_X_X_using_MULX_ADCX 0000000180014ee0     pmc_multiply.obj
 0002:00000ef8       $unwind$PMC_Multiply_X_I_Imp 0000000180014ef8     pmc_multiply.obj
 0002:00000f08       $unwind$PMC_Multiply_X_L_Imp 0000000180014f08     pmc_multiply.obj
 0002:00000f18       $unwind$Initialize_Parse   0000000180014f18     pmc_parse.obj
 0002:00000f20       $unwind$PMC_TryParse       0000000180014f20     pmc_parse.obj
 0002:00000f28       $unwind$InitializeParserState 0000000180014f28     pmc_parse.obj
 0002:00000f3c       $unwind$ParseAsDecimalNumberString 0000000180014f3c     pmc_parse.obj
 0002:00000f58       $unwind$Build1WordFromDecimalString 0000000180014f58     pmc_parse.obj
 0002:00000f6c       $unwind$MultiplyAndAdd_using_ADC_MUL 0000000180014f6c     pmc_parse.obj
 0002:00000f78       $unwind$MultiplyAndAdd_using_ADCX_MULX 0000000180014f78     pmc_parse.obj
 0002:00000f88       $unwind$TryParseDN         0000000180014f88     pmc_parse.obj
 0002:00000fa0       $chain$0$TryParseDN        0000000180014fa0     pmc_parse.obj
 0002:00000fb4       $chain$1$TryParseDN        0000000180014fb4     pmc_parse.obj
 0002:00000fc4       $unwind$Build1WordFromHexString 0000000180014fc4     pmc_parse.obj
 0002:00000fdc       $unwind$TryParseX          0000000180014fdc     pmc_parse.obj
 0002:00000ff8       $chain$0$TryParseX         0000000180014ff8     pmc_parse.obj
 0002:0000100c       $chain$1$TryParseX         000000018001500c     pmc_parse.obj
 0002:00001020       $chain$2$TryParseX         0000000180015020     pmc_parse.obj
 0002:00001030       $chain$3$TryParseX         0000000180015030     pmc_parse.obj
 0002:00001040       $unwind$PMC_Pow_X_I        0000000180015040     pmc_pow.obj
 0002:00001050       $unwind$PMC_Pow_X_I_Imp    0000000180015050     pmc_pow.obj
 0002:00001064       $chain$1$PMC_Pow_X_I_Imp   0000000180015064     pmc_pow.obj
 0002:0000107c       $chain$2$PMC_Pow_X_I_Imp   000000018001507c     pmc_pow.obj
 0002:0000108c       $unwind$RightShift_Imp_DIV 000000018001508c     pmc_shift.obj
 0002:0000109c       $chain$0$RightShift_Imp_DIV 000000018001509c     pmc_shift.obj
 0002:000010b0       $chain$1$RightShift_Imp_DIV 00000001800150b0     pmc_shift.obj
 0002:000010c4       $chain$2$RightShift_Imp_DIV 00000001800150c4     pmc_shift.obj
 0002:000010d4       $chain$3$RightShift_Imp_DIV 00000001800150d4     pmc_shift.obj
 0002:000010e4       $unwind$RightShift_Imp     00000001800150e4     pmc_shift.obj
 0002:000010f8       $chain$0$RightShift_Imp    00000001800150f8     pmc_shift.obj
 0002:0000110c       $chain$1$RightShift_Imp    000000018001510c     pmc_shift.obj
 0002:0000111c       $unwind$LeftShift_Imp_DIV  000000018001511c     pmc_shift.obj
 0002:00001130       $chain$0$LeftShift_Imp_DIV 0000000180015130     pmc_shift.obj
 0002:00001144       $chain$1$LeftShift_Imp_DIV 0000000180015144     pmc_shift.obj
 0002:00001154       $unwind$LeftShift_Imp      0000000180015154     pmc_shift.obj
 0002:00001168       $chain$0$LeftShift_Imp     0000000180015168     pmc_shift.obj
 0002:0000117c       $chain$1$LeftShift_Imp     000000018001517c     pmc_shift.obj
 0002:0000118c       $unwind$PMC_RightShift_X_I 000000018001518c     pmc_shift.obj
 0002:0000119c       $unwind$PMC_RightShift_X_L 000000018001519c     pmc_shift.obj
 0002:000011ac       $unwind$PMC_LeftShift_X_I  00000001800151ac     pmc_shift.obj
 0002:000011bc       $unwind$PMC_LeftShift_X_L  00000001800151bc     pmc_shift.obj
 0002:000011cc       $unwind$Subtruct_Imp       00000001800151cc     pmc_subtruct.obj
 0002:000011d4       $unwind$PMC_Subtruct_I_X   00000001800151d4     pmc_subtruct.obj
 0002:000011e4       $unwind$PMC_Subtruct_L_X   00000001800151e4     pmc_subtruct.obj
 0002:000011f4       $unwind$PMC_Subtruct_X_I   00000001800151f4     pmc_subtruct.obj
 0002:00001204       $unwind$PMC_Subtruct_X_L   0000000180015204     pmc_subtruct.obj
 0002:00001214       $unwind$PMC_Subtruct_X_X   0000000180015214     pmc_subtruct.obj
 0002:00001224       $unwind$PMC_To_X_I         0000000180015224     pmc_to.obj
 0002:00001230       $unwind$PMC_To_X_L         0000000180015230     pmc_to.obj
 0002:0000123c       $unwind$Initialize_ToString 000000018001523c     pmc_tostring.obj
 0002:00001244       $unwind$PMC_ToString       0000000180015244     pmc_tostring.obj
 0002:0000125c       $unwind$OutputOneChar      000000018001525c     pmc_tostring.obj
 0002:00001268       $unwind$PrintDecimal       0000000180015268     pmc_tostring.obj
 0002:0000128c       $unwind$ToStringDN         000000018001528c     pmc_tostring.obj
 0002:000012a8       $unwind$ToStringX          00000001800152a8     pmc_tostring.obj
 0002:000012bc       $unwind$__GSHandlerCheckCommon 00000001800152bc     MSVCRT:gshandler.obj
 0002:000012c4       $unwind$__GSHandlerCheck   00000001800152c4     MSVCRT:gshandler.obj
 0002:000012d0       $xdatasym                  00000001800152d0     MSVCRT:amdsecgs.obj
 0002:000012d4       $unwind$?dllmain_crt_process_attach@@YAHQEAUHINSTANCE__@@QEAX@Z 00000001800152d4     MSVCRT:dll_dllmain.obj
 0002:00001310       $unwind$?fin$0@?0??dllmain_crt_process_attach@@YAHQEAUHINSTANCE__@@QEAX@Z@4HA 0000000180015310     MSVCRT:dll_dllmain.obj
 0002:00001318       $unwind$?dllmain_crt_process_detach@@YAH_N@Z 0000000180015318     MSVCRT:dll_dllmain.obj
 0002:00001350       $unwind$?fin$0@?0??dllmain_crt_process_detach@@YAH_N@Z@4HA 0000000180015350     MSVCRT:dll_dllmain.obj
 0002:00001358       $unwind$?dllmain_crt_dispatch@@YAHQEAUHINSTANCE__@@KQEAX@Z 0000000180015358     MSVCRT:dll_dllmain.obj
 0002:00001360       $unwind$?dllmain_dispatch@@YAHQEAUHINSTANCE__@@KQEAX@Z 0000000180015360     MSVCRT:dll_dllmain.obj
 0002:00001388       $unwind$?filt$0@?0??dllmain_dispatch@@YAHQEAUHINSTANCE__@@KQEAX@Z@4HA 0000000180015388     MSVCRT:dll_dllmain.obj
 0002:00001390       $unwind$_DllMainCRTStartup 0000000180015390     MSVCRT:dll_dllmain.obj
 0002:000013a0       $unwind$__report_securityfailure 00000001800153a0     MSVCRT:gs_report.obj
 0002:000013a8       $unwind$__report_securityfailureEx 00000001800153a8     MSVCRT:gs_report.obj
 0002:000013b0       $unwind$__report_rangecheckfailure 00000001800153b0     MSVCRT:gs_report.obj
 0002:000013b8       $unwind$__report_gsfailure 00000001800153b8     MSVCRT:gs_report.obj
 0002:000013c0       $unwind$capture_current_context 00000001800153c0     MSVCRT:gs_report.obj
 0002:000013cc       $unwind$capture_previous_context 00000001800153cc     MSVCRT:gs_report.obj
 0002:000013d8       $unwind$__raise_securityfailure 00000001800153d8     MSVCRT:gs_report.obj
 0002:000013e0       $unwind$__security_init_cookie 00000001800153e0     MSVCRT:gs_support.obj
 0002:000013ec       $unwind$__get_entropy      00000001800153ec     MSVCRT:gs_support.obj
 0002:000013f4       $unwind$__scrt_initialize_default_local_stdio_options 00000001800153f4     MSVCRT:default_local_stdio_options.obj
 0002:000013fc       $unwind$atexit             00000001800153fc     MSVCRT:utility.obj
 0002:00001404       $unwind$_onexit            0000000180015404     MSVCRT:utility.obj
 0002:0000140c       $unwind$__scrt_is_nonwritable_in_current_image 000000018001540c     MSVCRT:utility.obj
 0002:0000142c       $unwind$__scrt_is_nonwritable_in_current_image$filt$0 000000018001542c     MSVCRT:utility.obj
 0002:00001434       $unwind$__scrt_acquire_startup_lock 0000000180015434     MSVCRT:utility.obj
 0002:0000143c       $unwind$__scrt_release_startup_lock 000000018001543c     MSVCRT:utility.obj
 0002:00001444       $unwind$__scrt_initialize_crt 0000000180015444     MSVCRT:utility.obj
 0002:0000144c       $unwind$__scrt_uninitialize_crt 000000018001544c     MSVCRT:utility.obj
 0002:00001454       $unwind$__scrt_initialize_onexit_tables 0000000180015454     MSVCRT:utility.obj
 0002:0000145c       $unwind$__scrt_dllmain_exception_filter 000000018001545c     MSVCRT:utility.obj
 0002:00001470       $unwind$__scrt_dllmain_before_initialize_c 0000000180015470     MSVCRT:utility.obj
 0002:00001478       $unwind$__scrt_dllmain_after_initialize_c 0000000180015478     MSVCRT:utility.obj
 0002:00001480       $unwind$__scrt_dllmain_uninitialize_c 0000000180015480     MSVCRT:utility.obj
 0002:00001488       $unwind$__scrt_dllmain_uninitialize_critical 0000000180015488     MSVCRT:utility.obj
 0002:00001490       $unwind$__scrt_dllmain_crt_thread_attach 0000000180015490     MSVCRT:utility.obj
 0002:00001498       $unwind$__scrt_dllmain_crt_thread_detach 0000000180015498     MSVCRT:utility.obj
 0002:000014a0       $unwind$?configure_argv@__scrt_narrow_argv_policy@@SAHXZ 00000001800154a0     MSVCRT:utility.obj
 0002:000014a8       $unwind$__scrt_get_show_window_mode 00000001800154a8     MSVCRT:utility_desktop.obj
 0002:000014b0       $unwind$__scrt_is_managed_app 00000001800154b0     MSVCRT:utility_desktop.obj
 0002:000014b8       $unwind$__scrt_fastfail    00000001800154b8     MSVCRT:utility_desktop.obj
 0002:000014c8       $unwind$__scrt_unhandled_exception_filter 00000001800154c8     MSVCRT:utility_desktop.obj
 0002:000014d0       $unwind$_RTC_Initialize    00000001800154d0     MSVCRT:initsect.obj
 0002:000014dc       $unwind$_RTC_Terminate     00000001800154dc     MSVCRT:initsect.obj
 0002:000014e8       $unwind$__isa_available_init 00000001800154e8     MSVCRT:cpu_disp.obj
 0002:00001500       $xdatasym                  0000000180015500     MSVCRT:guard_dispatch.obj
 0002:00001510       .edata                     0000000180015510     Palmtree.Math.Core.Implements.exp
 0002:00001538       rgpv                       0000000180015538     Palmtree.Math.Core.Implements.exp
 0002:00001540       rgszName                   0000000180015540     Palmtree.Math.Core.Implements.exp
 0002:00001548       rgwOrd                     0000000180015548     Palmtree.Math.Core.Implements.exp
 0002:0000154c       szName                     000000018001554c     Palmtree.Math.Core.Implements.exp
 0002:0000156e       $N00001                    000000018001556e     Palmtree.Math.Core.Implements.exp
 0002:00001576       $N00002                    0000000180015576     Palmtree.Math.Core.Implements.exp
 0002:00001778       .idata$6                   0000000180015778     kernel32:KERNEL32.dll
 0002:000017c8       .idata$6                   00000001800157c8     vcruntime:VCRUNTIME140.dll
 0002:000018cc       .idata$6                   00000001800158cc     ucrt:api-ms-win-crt-runtime-l1-1-0.dll
 0003:00000000       decimal_digits             0000000180016000     pmc_tostring.obj
 0003:00000018       hexadecimal_lower_digits   0000000180016018     pmc_tostring.obj
 0003:00000040       hexadecimal_upper_digits   0000000180016040     pmc_tostring.obj
 0003:000000c0       fp_Add_Imp                 00000001800160c0     pmc_add.obj
 0003:000000c8       fp_DivRem_X_X              00000001800160c8     pmc_divrem.obj
 0003:000000d0       entry_points               00000001800160d0     pmc_initialize.obj
 0003:000002e8       fp_Multiply_X_1W           00000001800162e8     pmc_multiply.obj
 0003:000002f0       fp_Multiply_X_2W           00000001800162f0     pmc_multiply.obj
 0003:000002f8       fp_Multiply_X_X            00000001800162f8     pmc_multiply.obj
 0003:00000300       default_number_format_option 0000000180016300     pmc_parse.obj
 0003:00000328       fp_MultiplyAndAdd          0000000180016328     pmc_parse.obj
 0003:00000330       default_number_format_option 0000000180016330     pmc_tostring.obj
 0003:00000358       ?__proc_attached@@3HA      0000000180016358     MSVCRT:dll_dllmain.obj
 0003:00000360       GS_ExceptionRecord         0000000180016360     MSVCRT:gs_report.obj
 0003:00000400       GS_ContextRecord           0000000180016400     MSVCRT:gs_report.obj
 0003:00000900       ?is_initialized_as_dll@@3_NA 0000000180016900     MSVCRT:utility.obj
 0003:00000901       ?module_local_atexit_table_initialized@@3_NA 0000000180016901     MSVCRT:utility.obj
 0003:00000908       ?module_local_atexit_table@@3U_onexit_table_t@@A 0000000180016908     MSVCRT:utility.obj
 0003:00000920       ?module_local_at_quick_exit_table@@3U_onexit_table_t@@A 0000000180016920     MSVCRT:utility.obj
 0004:00000000       $pdata$GetCPUInfo          0000000180017000     cpuid.obj
 0004:0000000c       $pdata$DllMain             000000018001700c     dllmain.obj
 0004:00000018       $pdata$AllocateHeapArea    0000000180017018     memory.obj
 0004:00000024       $pdata$DeallocateHeapArea  0000000180017024     memory.obj
 0004:00000030       $pdata$AllocateBlock       0000000180017030     memory.obj
 0004:0000003c       $pdata$DeallocateBlock     000000018001703c     memory.obj
 0004:00000048       $pdata$0$DeallocateBlock   0000000180017048     memory.obj
 0004:00000054       $pdata$1$DeallocateBlock   0000000180017054     memory.obj
 0004:00000060       $pdata$AttatchNumber       0000000180017060     memory.obj
 0004:0000006c       $pdata$AllocateNumber      000000018001706c     memory.obj
 0004:00000078       $pdata$DeallocateNumber    0000000180017078     memory.obj
 0004:00000084       $pdata$CommitNumber        0000000180017084     memory.obj
 0004:00000090       $pdata$DuplicateNumber     0000000180017090     memory.obj
 0004:0000009c       $pdata$Initialize_Memory   000000018001709c     memory.obj
 0004:000000a8       $pdata$PMC_Dispose         00000001800170a8     memory.obj
 0004:000000b4       $pdata$InitializeNumber    00000001800170b4     memory.obj
 0004:000000c0       $pdata$CleanUpNumber       00000001800170c0     memory.obj
 0004:000000cc       $pdata$0$CleanUpNumber     00000001800170cc     memory.obj
 0004:000000d8       $pdata$1$CleanUpNumber     00000001800170d8     memory.obj
 0004:000000e4       $pdata$PMC_Add_I_X         00000001800170e4     pmc_add.obj
 0004:000000f0       $pdata$PMC_Add_L_X         00000001800170f0     pmc_add.obj
 0004:000000fc       $pdata$PMC_Add_X_I         00000001800170fc     pmc_add.obj
 0004:00000108       $pdata$PMC_Add_X_L         0000000180017108     pmc_add.obj
 0004:00000114       $pdata$PMC_Add_X_X         0000000180017114     pmc_add.obj
 0004:00000120       $pdata$Add_Imp_using_ADC   0000000180017120     pmc_add.obj
 0004:0000012c       $pdata$Add_Imp_using_ADCX  000000018001712c     pmc_add.obj
 0004:00000138       $pdata$PMC_Add_X_I_Imp     0000000180017138     pmc_add.obj
 0004:00000144       $pdata$PMC_Add_X_L_Imp     0000000180017144     pmc_add.obj
 0004:00000150       $pdata$PMC_BitwiseAnd_I_X  0000000180017150     pmc_bitwiseand.obj
 0004:0000015c       $pdata$PMC_BitwiseAnd_L_X  000000018001715c     pmc_bitwiseand.obj
 0004:00000168       $pdata$PMC_BitwiseAnd_X_I  0000000180017168     pmc_bitwiseand.obj
 0004:00000174       $pdata$PMC_BitwiseAnd_X_L  0000000180017174     pmc_bitwiseand.obj
 0004:00000180       $pdata$PMC_BitwiseAnd_X_X  0000000180017180     pmc_bitwiseand.obj
 0004:0000018c       $pdata$0$PMC_BitwiseAnd_X_X 000000018001718c     pmc_bitwiseand.obj
 0004:00000198       $pdata$1$PMC_BitwiseAnd_X_X 0000000180017198     pmc_bitwiseand.obj
 0004:000001a4       $pdata$BitwiseAnd_X_X      00000001800171a4     pmc_bitwiseand.obj
 0004:000001b0       $pdata$2$BitwiseAnd_X_X    00000001800171b0     pmc_bitwiseand.obj
 0004:000001bc       $pdata$3$BitwiseAnd_X_X    00000001800171bc     pmc_bitwiseand.obj
 0004:000001c8       $pdata$4$BitwiseAnd_X_X    00000001800171c8     pmc_bitwiseand.obj
 0004:000001d4       $pdata$PMC_BitwiseOr_I_X   00000001800171d4     pmc_bitwiseor.obj
 0004:000001e0       $pdata$PMC_BitwiseOr_L_X   00000001800171e0     pmc_bitwiseor.obj
 0004:000001ec       $pdata$PMC_BitwiseOr_X_I   00000001800171ec     pmc_bitwiseor.obj
 0004:000001f8       $pdata$PMC_BitwiseOr_X_L   00000001800171f8     pmc_bitwiseor.obj
 0004:00000204       $pdata$PMC_BitwiseOr_X_X   0000000180017204     pmc_bitwiseor.obj
 0004:00000210       $pdata$0$PMC_BitwiseOr_X_X 0000000180017210     pmc_bitwiseor.obj
 0004:0000021c       $pdata$1$PMC_BitwiseOr_X_X 000000018001721c     pmc_bitwiseor.obj
 0004:00000228       $pdata$2$PMC_BitwiseOr_X_X 0000000180017228     pmc_bitwiseor.obj
 0004:00000234       $pdata$3$PMC_BitwiseOr_X_X 0000000180017234     pmc_bitwiseor.obj
 0004:00000240       $pdata$BitwiseOr_X_X       0000000180017240     pmc_bitwiseor.obj
 0004:0000024c       $pdata$PMC_BitwiseOr_X_I_Imp 000000018001724c     pmc_bitwiseor.obj
 0004:00000258       $pdata$PMC_BitwiseOr_X_L_Imp 0000000180017258     pmc_bitwiseor.obj
 0004:00000264       $pdata$PMC_FromByteArray   0000000180017264     pmc_bytes.obj
 0004:00000270       $pdata$0$PMC_FromByteArray 0000000180017270     pmc_bytes.obj
 0004:0000027c       $pdata$2$PMC_FromByteArray 000000018001727c     pmc_bytes.obj
 0004:00000288       $pdata$3$PMC_FromByteArray 0000000180017288     pmc_bytes.obj
 0004:00000294       $pdata$PMC_ToByteArray     0000000180017294     pmc_bytes.obj
 0004:000002a0       $pdata$PMC_Compare_I_X     00000001800172a0     pmc_compare.obj
 0004:000002ac       $pdata$PMC_Compare_L_X     00000001800172ac     pmc_compare.obj
 0004:000002b8       $pdata$PMC_Compare_X_I     00000001800172b8     pmc_compare.obj
 0004:000002c4       $pdata$PMC_Compare_X_L     00000001800172c4     pmc_compare.obj
 0004:000002d0       $pdata$PMC_Compare_X_X     00000001800172d0     pmc_compare.obj
 0004:000002dc       $pdata$DivRem_X_X          00000001800172dc     pmc_divrem.obj
 0004:000002e8       $pdata$PMC_DivRem_I_X      00000001800172e8     pmc_divrem.obj
 0004:000002f4       $pdata$PMC_DivRem_L_X      00000001800172f4     pmc_divrem.obj
 0004:00000300       $pdata$PMC_DivRem_X_I      0000000180017300     pmc_divrem.obj
 0004:0000030c       $pdata$PMC_DivRem_X_L      000000018001730c     pmc_divrem.obj
 0004:00000318       $pdata$1$PMC_DivRem_X_L    0000000180017318     pmc_divrem.obj
 0004:00000324       $pdata$2$PMC_DivRem_X_L    0000000180017324     pmc_divrem.obj
 0004:00000330       $pdata$3$PMC_DivRem_X_L    0000000180017330     pmc_divrem.obj
 0004:0000033c       $pdata$4$PMC_DivRem_X_L    000000018001733c     pmc_divrem.obj
 0004:00000348       $pdata$PMC_DivRem_X_X      0000000180017348     pmc_divrem.obj
 0004:00000354       $pdata$0$PMC_DivRem_X_X    0000000180017354     pmc_divrem.obj
 0004:00000360       $pdata$1$PMC_DivRem_X_X    0000000180017360     pmc_divrem.obj
 0004:0000036c       $pdata$2$PMC_DivRem_X_X    000000018001736c     pmc_divrem.obj
 0004:00000378       $pdata$3$PMC_DivRem_X_X    0000000180017378     pmc_divrem.obj
 0004:00000384       $pdata$SubtructOneLine     0000000180017384     pmc_divrem.obj
 0004:00000390       $pdata$SubtructOneLineX    0000000180017390     pmc_divrem.obj
 0004:0000039c       $pdata$AddOneLine          000000018001739c     pmc_divrem.obj
 0004:000003a8       $pdata$AddOneLineX         00000001800173a8     pmc_divrem.obj
 0004:000003b4       $pdata$DivRem_X_X_using_ADC_MUL 00000001800173b4     pmc_divrem.obj
 0004:000003c0       $pdata$DivRem_X_X_using_ADX_MULX 00000001800173c0     pmc_divrem.obj
 0004:000003cc       $pdata$PMC_Equals_I_X      00000001800173cc     pmc_equals.obj
 0004:000003d8       $pdata$PMC_Equals_L_X      00000001800173d8     pmc_equals.obj
 0004:000003e4       $pdata$PMC_Equals_X_I      00000001800173e4     pmc_equals.obj
 0004:000003f0       $pdata$PMC_Equals_X_L      00000001800173f0     pmc_equals.obj
 0004:000003fc       $pdata$PMC_Equals_X_X      00000001800173fc     pmc_equals.obj
 0004:00000408       $pdata$PMC_ExclusiveOr_I_X 0000000180017408     pmc_exclusiveor.obj
 0004:00000414       $pdata$PMC_ExclusiveOr_L_X 0000000180017414     pmc_exclusiveor.obj
 0004:00000420       $pdata$PMC_ExclusiveOr_X_I 0000000180017420     pmc_exclusiveor.obj
 0004:0000042c       $pdata$PMC_ExclusiveOr_X_L 000000018001742c     pmc_exclusiveor.obj
 0004:00000438       $pdata$PMC_ExclusiveOr_X_X 0000000180017438     pmc_exclusiveor.obj
 0004:00000444       $pdata$0$PMC_ExclusiveOr_X_X 0000000180017444     pmc_exclusiveor.obj
 0004:00000450       $pdata$1$PMC_ExclusiveOr_X_X 0000000180017450     pmc_exclusiveor.obj
 0004:0000045c       $pdata$2$PMC_ExclusiveOr_X_X 000000018001745c     pmc_exclusiveor.obj
 0004:00000468       $pdata$4$PMC_ExclusiveOr_X_X 0000000180017468     pmc_exclusiveor.obj
 0004:00000474       $pdata$5$PMC_ExclusiveOr_X_X 0000000180017474     pmc_exclusiveor.obj
 0004:00000480       $pdata$ExclusiveOr_X_X     0000000180017480     pmc_exclusiveor.obj
 0004:0000048c       $pdata$PMC_ExclusiveOr_X_I_Imp 000000018001748c     pmc_exclusiveor.obj
 0004:00000498       $pdata$PMC_ExclusiveOr_X_L_Imp 0000000180017498     pmc_exclusiveor.obj
 0004:000004a4       $pdata$From_I_Imp          00000001800174a4     pmc_from.obj
 0004:000004b0       $pdata$From_L_Imp          00000001800174b0     pmc_from.obj
 0004:000004bc       $pdata$PMC_From_I          00000001800174bc     pmc_from.obj
 0004:000004c8       $pdata$PMC_From_L          00000001800174c8     pmc_from.obj
 0004:000004d4       $pdata$PMC_GreatestCommonDivisor_I_X 00000001800174d4     pmc_greatestcommondivisor.obj
 0004:000004e0       $pdata$PMC_GreatestCommonDivisor_L_X 00000001800174e0     pmc_greatestcommondivisor.obj
 0004:000004ec       $pdata$PMC_GreatestCommonDivisor_X_I 00000001800174ec     pmc_greatestcommondivisor.obj
 0004:000004f8       $pdata$PMC_GreatestCommonDivisor_X_L 00000001800174f8     pmc_greatestcommondivisor.obj
 0004:00000504       $pdata$PMC_GreatestCommonDivisor_X_X 0000000180017504     pmc_greatestcommondivisor.obj
 0004:00000510       $pdata$GreatestCommonDivisor_Imp 0000000180017510     pmc_greatestcommondivisor.obj
 0004:0000051c       $pdata$PMC_GreatestCommonDivisor_X_I_Imp 000000018001751c     pmc_greatestcommondivisor.obj
 0004:00000528       $pdata$0$PMC_GreatestCommonDivisor_X_I_Imp 0000000180017528     pmc_greatestcommondivisor.obj
 0004:00000534       $pdata$1$PMC_GreatestCommonDivisor_X_I_Imp 0000000180017534     pmc_greatestcommondivisor.obj
 0004:00000540       $pdata$PMC_GreatestCommonDivisor_X_L_Imp 0000000180017540     pmc_greatestcommondivisor.obj
 0004:0000054c       $pdata$0$PMC_GreatestCommonDivisor_X_L_Imp 000000018001754c     pmc_greatestcommondivisor.obj
 0004:00000558       $pdata$1$PMC_GreatestCommonDivisor_X_L_Imp 0000000180017558     pmc_greatestcommondivisor.obj
 0004:00000564       $pdata$PMC_Initialize      0000000180017564     pmc_initialize.obj
 0004:00000570       $pdata$PMC_ModPow_X_X_X    0000000180017570     pmc_modpow.obj
 0004:0000057c       $pdata$ModulePower         000000018001757c     pmc_modpow.obj
 0004:00000588       $pdata$2$ModulePower       0000000180017588     pmc_modpow.obj
 0004:00000594       $pdata$3$ModulePower       0000000180017594     pmc_modpow.obj
 0004:000005a0       $pdata$PMC_ModPow_X_X_X_Imp 00000001800175a0     pmc_modpow.obj
 0004:000005ac       $pdata$PMC_Multiply_I_X    00000001800175ac     pmc_multiply.obj
 0004:000005b8       $pdata$PMC_Multiply_L_X    00000001800175b8     pmc_multiply.obj
 0004:000005c4       $pdata$PMC_Multiply_X_I    00000001800175c4     pmc_multiply.obj
 0004:000005d0       $pdata$PMC_Multiply_X_L    00000001800175d0     pmc_multiply.obj
 0004:000005dc       $pdata$PMC_Multiply_X_X    00000001800175dc     pmc_multiply.obj
 0004:000005e8       $pdata$Multiply_WORD_using_MUL_ADC 00000001800175e8     pmc_multiply.obj
 0004:000005f4       $pdata$Multiply_WORD_using_MULX_ADCX 00000001800175f4     pmc_multiply.obj
 0004:00000600       $pdata$Multiply_X_2W_using_MUL_ADC 0000000180017600     pmc_multiply.obj
 0004:0000060c       $pdata$Multiply_X_2W_using_MULX_ADCX 000000018001760c     pmc_multiply.obj
 0004:00000618       $pdata$Multiply_X_X_using_MUL_ADC 0000000180017618     pmc_multiply.obj
 0004:00000624       $pdata$Multiply_X_X_using_MULX_ADCX 0000000180017624     pmc_multiply.obj
 0004:00000630       $pdata$PMC_Multiply_X_I_Imp 0000000180017630     pmc_multiply.obj
 0004:0000063c       $pdata$PMC_Multiply_X_L_Imp 000000018001763c     pmc_multiply.obj
 0004:00000648       $pdata$Initialize_Parse    0000000180017648     pmc_parse.obj
 0004:00000654       $pdata$PMC_TryParse        0000000180017654     pmc_parse.obj
 0004:00000660       $pdata$InitializeParserState 0000000180017660     pmc_parse.obj
 0004:0000066c       $pdata$ParseAsDecimalNumberString 000000018001766c     pmc_parse.obj
 0004:00000678       $pdata$Build1WordFromDecimalString 0000000180017678     pmc_parse.obj
 0004:00000684       $pdata$MultiplyAndAdd_using_ADC_MUL 0000000180017684     pmc_parse.obj
 0004:00000690       $pdata$MultiplyAndAdd_using_ADCX_MULX 0000000180017690     pmc_parse.obj
 0004:0000069c       $pdata$TryParseDN          000000018001769c     pmc_parse.obj
 0004:000006a8       $pdata$0$TryParseDN        00000001800176a8     pmc_parse.obj
 0004:000006b4       $pdata$1$TryParseDN        00000001800176b4     pmc_parse.obj
 0004:000006c0       $pdata$Build1WordFromHexString 00000001800176c0     pmc_parse.obj
 0004:000006cc       $pdata$TryParseX           00000001800176cc     pmc_parse.obj
 0004:000006d8       $pdata$0$TryParseX         00000001800176d8     pmc_parse.obj
 0004:000006e4       $pdata$1$TryParseX         00000001800176e4     pmc_parse.obj
 0004:000006f0       $pdata$2$TryParseX         00000001800176f0     pmc_parse.obj
 0004:000006fc       $pdata$3$TryParseX         00000001800176fc     pmc_parse.obj
 0004:00000708       $pdata$PMC_Pow_X_I         0000000180017708     pmc_pow.obj
 0004:00000714       $pdata$PMC_Pow_X_I_Imp     0000000180017714     pmc_pow.obj
 0004:00000720       $pdata$1$PMC_Pow_X_I_Imp   0000000180017720     pmc_pow.obj
 0004:0000072c       $pdata$2$PMC_Pow_X_I_Imp   000000018001772c     pmc_pow.obj
 0004:00000738       $pdata$RightShift_Imp_DIV  0000000180017738     pmc_shift.obj
 0004:00000744       $pdata$0$RightShift_Imp_DIV 0000000180017744     pmc_shift.obj
 0004:00000750       $pdata$1$RightShift_Imp_DIV 0000000180017750     pmc_shift.obj
 0004:0000075c       $pdata$2$RightShift_Imp_DIV 000000018001775c     pmc_shift.obj
 0004:00000768       $pdata$3$RightShift_Imp_DIV 0000000180017768     pmc_shift.obj
 0004:00000774       $pdata$RightShift_Imp      0000000180017774     pmc_shift.obj
 0004:00000780       $pdata$0$RightShift_Imp    0000000180017780     pmc_shift.obj
 0004:0000078c       $pdata$1$RightShift_Imp    000000018001778c     pmc_shift.obj
 0004:00000798       $pdata$LeftShift_Imp_DIV   0000000180017798     pmc_shift.obj
 0004:000007a4       $pdata$0$LeftShift_Imp_DIV 00000001800177a4     pmc_shift.obj
 0004:000007b0       $pdata$1$LeftShift_Imp_DIV 00000001800177b0     pmc_shift.obj
 0004:000007bc       $pdata$LeftShift_Imp       00000001800177bc     pmc_shift.obj
 0004:000007c8       $pdata$0$LeftShift_Imp     00000001800177c8     pmc_shift.obj
 0004:000007d4       $pdata$1$LeftShift_Imp     00000001800177d4     pmc_shift.obj
 0004:000007e0       $pdata$PMC_RightShift_X_I  00000001800177e0     pmc_shift.obj
 0004:000007ec       $pdata$PMC_RightShift_X_L  00000001800177ec     pmc_shift.obj
 0004:000007f8       $pdata$PMC_LeftShift_X_I   00000001800177f8     pmc_shift.obj
 0004:00000804       $pdata$PMC_LeftShift_X_L   0000000180017804     pmc_shift.obj
 0004:00000810       $pdata$Subtruct_Imp        0000000180017810     pmc_subtruct.obj
 0004:0000081c       $pdata$PMC_Subtruct_I_X    000000018001781c     pmc_subtruct.obj
 0004:00000828       $pdata$PMC_Subtruct_L_X    0000000180017828     pmc_subtruct.obj
 0004:00000834       $pdata$PMC_Subtruct_X_I    0000000180017834     pmc_subtruct.obj
 0004:00000840       $pdata$PMC_Subtruct_X_L    0000000180017840     pmc_subtruct.obj
 0004:0000084c       $pdata$PMC_Subtruct_X_X    000000018001784c     pmc_subtruct.obj
 0004:00000858       $pdata$PMC_To_X_I          0000000180017858     pmc_to.obj
 0004:00000864       $pdata$PMC_To_X_L          0000000180017864     pmc_to.obj
 0004:00000870       $pdata$Initialize_ToString 0000000180017870     pmc_tostring.obj
 0004:0000087c       $pdata$PMC_ToString        000000018001787c     pmc_tostring.obj
 0004:00000888       $pdata$OutputOneChar       0000000180017888     pmc_tostring.obj
 0004:00000894       $pdata$PrintDecimal        0000000180017894     pmc_tostring.obj
 0004:000008a0       $pdata$ToStringDN          00000001800178a0     pmc_tostring.obj
 0004:000008ac       $pdata$ToStringX           00000001800178ac     pmc_tostring.obj
 0004:000008b8       $pdata$__GSHandlerCheckCommon 00000001800178b8     MSVCRT:gshandler.obj
 0004:000008c4       $pdata$__GSHandlerCheck    00000001800178c4     MSVCRT:gshandler.obj
 0004:000008dc       $pdata$?dllmain_crt_process_attach@@YAHQEAUHINSTANCE__@@QEAX@Z 00000001800178dc     MSVCRT:dll_dllmain.obj
 0004:000008e8       $pdata$?fin$0@?0??dllmain_crt_process_attach@@YAHQEAUHINSTANCE__@@QEAX@Z@4HA 00000001800178e8     MSVCRT:dll_dllmain.obj
 0004:000008f4       $pdata$?dllmain_crt_process_detach@@YAH_N@Z 00000001800178f4     MSVCRT:dll_dllmain.obj
 0004:00000900       $pdata$?fin$0@?0??dllmain_crt_process_detach@@YAH_N@Z@4HA 0000000180017900     MSVCRT:dll_dllmain.obj
 0004:0000090c       $pdata$?dllmain_crt_dispatch@@YAHQEAUHINSTANCE__@@KQEAX@Z 000000018001790c     MSVCRT:dll_dllmain.obj
 0004:00000918       $pdata$?dllmain_dispatch@@YAHQEAUHINSTANCE__@@KQEAX@Z 0000000180017918     MSVCRT:dll_dllmain.obj
 0004:00000924       $pdata$?filt$0@?0??dllmain_dispatch@@YAHQEAUHINSTANCE__@@KQEAX@Z@4HA 0000000180017924     MSVCRT:dll_dllmain.obj
 0004:00000930       $pdata$_DllMainCRTStartup  0000000180017930     MSVCRT:dll_dllmain.obj
 0004:0000093c       $pdata$__report_securityfailure 000000018001793c     MSVCRT:gs_report.obj
 0004:00000948       $pdata$__report_securityfailureEx 0000000180017948     MSVCRT:gs_report.obj
 0004:00000954       $pdata$__report_rangecheckfailure 0000000180017954     MSVCRT:gs_report.obj
 0004:00000960       $pdata$__report_gsfailure  0000000180017960     MSVCRT:gs_report.obj
 0004:0000096c       $pdata$capture_current_context 000000018001796c     MSVCRT:gs_report.obj
 0004:00000978       $pdata$capture_previous_context 0000000180017978     MSVCRT:gs_report.obj
 0004:00000984       $pdata$__raise_securityfailure 0000000180017984     MSVCRT:gs_report.obj
 0004:00000990       $pdata$__security_init_cookie 0000000180017990     MSVCRT:gs_support.obj
 0004:0000099c       $pdata$__get_entropy       000000018001799c     MSVCRT:gs_support.obj
 0004:000009a8       $pdata$__scrt_initialize_default_local_stdio_options 00000001800179a8     MSVCRT:default_local_stdio_options.obj
 0004:000009b4       $pdata$atexit              00000001800179b4     MSVCRT:utility.obj
 0004:000009c0       $pdata$_onexit             00000001800179c0     MSVCRT:utility.obj
 0004:000009cc       $pdata$__scrt_is_nonwritable_in_current_image 00000001800179cc     MSVCRT:utility.obj
 0004:000009d8       $pdata$__scrt_is_nonwritable_in_current_image$filt$0 00000001800179d8     MSVCRT:utility.obj
 0004:000009e4       $pdata$__scrt_acquire_startup_lock 00000001800179e4     MSVCRT:utility.obj
 0004:000009f0       $pdata$__scrt_release_startup_lock 00000001800179f0     MSVCRT:utility.obj
 0004:000009fc       $pdata$__scrt_initialize_crt 00000001800179fc     MSVCRT:utility.obj
 0004:00000a08       $pdata$__scrt_uninitialize_crt 0000000180017a08     MSVCRT:utility.obj
 0004:00000a14       $pdata$__scrt_initialize_onexit_tables 0000000180017a14     MSVCRT:utility.obj
 0004:00000a20       $pdata$__scrt_dllmain_exception_filter 0000000180017a20     MSVCRT:utility.obj
 0004:00000a2c       $pdata$__scrt_dllmain_before_initialize_c 0000000180017a2c     MSVCRT:utility.obj
 0004:00000a38       $pdata$__scrt_dllmain_after_initialize_c 0000000180017a38     MSVCRT:utility.obj
 0004:00000a44       $pdata$__scrt_dllmain_uninitialize_c 0000000180017a44     MSVCRT:utility.obj
 0004:00000a50       $pdata$__scrt_dllmain_uninitialize_critical 0000000180017a50     MSVCRT:utility.obj
 0004:00000a5c       $pdata$__scrt_dllmain_crt_thread_attach 0000000180017a5c     MSVCRT:utility.obj
 0004:00000a68       $pdata$__scrt_dllmain_crt_thread_detach 0000000180017a68     MSVCRT:utility.obj
 0004:00000a74       $pdata$?configure_argv@__scrt_narrow_argv_policy@@SAHXZ 0000000180017a74     MSVCRT:utility.obj
 0004:00000a80       $pdata$__scrt_get_show_window_mode 0000000180017a80     MSVCRT:utility_desktop.obj
 0004:00000a8c       $pdata$__scrt_is_managed_app 0000000180017a8c     MSVCRT:utility_desktop.obj
 0004:00000a98       $pdata$__scrt_fastfail     0000000180017a98     MSVCRT:utility_desktop.obj
 0004:00000aa4       $pdata$__scrt_unhandled_exception_filter 0000000180017aa4     MSVCRT:utility_desktop.obj
 0004:00000ab0       $pdata$_RTC_Initialize     0000000180017ab0     MSVCRT:initsect.obj
 0004:00000abc       $pdata$_RTC_Terminate      0000000180017abc     MSVCRT:initsect.obj
 0004:00000ac8       $pdata$__isa_available_init 0000000180017ac8     MSVCRT:cpu_disp.obj
 0005:00000060       $R000000                   0000000180018060     * linker generated manifest res *
